Archive member included to satisfy reference by file (symbol)

C:/ST/STM32CubeIDE_1.19.0/STM32CubeIDE/plugins/com.st.stm32cube.ide.mcu.externaltools.gnu-tools-for-stm32.13.3.rel1.win32_1.0.0.202411081344/tools/bin/../lib/gcc/arm-none-eabi/13.3.1/../../../../arm-none-eabi/lib/thumb/v7e-m+fp/hard\libc_nano.a(libc_a-exit.o)
                              C:/ST/STM32CubeIDE_1.19.0/STM32CubeIDE/plugins/com.st.stm32cube.ide.mcu.externaltools.gnu-tools-for-stm32.13.3.rel1.win32_1.0.0.202411081344/tools/bin/../lib/gcc/arm-none-eabi/13.3.1/../../../../arm-none-eabi/lib/thumb/v7e-m+fp/hard/crt0.o (exit)
C:/ST/STM32CubeIDE_1.19.0/STM32CubeIDE/plugins/com.st.stm32cube.ide.mcu.externaltools.gnu-tools-for-stm32.13.3.rel1.win32_1.0.0.202411081344/tools/bin/../lib/gcc/arm-none-eabi/13.3.1/../../../../arm-none-eabi/lib/thumb/v7e-m+fp/hard\libc_nano.a(libc_a-nano-vfprintf_float.o)
                              (_printf_float)
C:/ST/STM32CubeIDE_1.19.0/STM32CubeIDE/plugins/com.st.stm32cube.ide.mcu.externaltools.gnu-tools-for-stm32.13.3.rel1.win32_1.0.0.202411081344/tools/bin/../lib/gcc/arm-none-eabi/13.3.1/../../../../arm-none-eabi/lib/thumb/v7e-m+fp/hard\libc_nano.a(libc_a-nano-vfprintf_i.o)
                              C:/ST/STM32CubeIDE_1.19.0/STM32CubeIDE/plugins/com.st.stm32cube.ide.mcu.externaltools.gnu-tools-for-stm32.13.3.rel1.win32_1.0.0.202411081344/tools/bin/../lib/gcc/arm-none-eabi/13.3.1/../../../../arm-none-eabi/lib/thumb/v7e-m+fp/hard\libc_nano.a(libc_a-nano-vfprintf_float.o) (_printf_common)
C:/ST/STM32CubeIDE_1.19.0/STM32CubeIDE/plugins/com.st.stm32cube.ide.mcu.externaltools.gnu-tools-for-stm32.13.3.rel1.win32_1.0.0.202411081344/tools/bin/../lib/gcc/arm-none-eabi/13.3.1/../../../../arm-none-eabi/lib/thumb/v7e-m+fp/hard\libc_nano.a(libc_a-findfp.o)
                              ./Middlewares/Third_Party/FreeRTOS/tasks.o (__sf)
C:/ST/STM32CubeIDE_1.19.0/STM32CubeIDE/plugins/com.st.stm32cube.ide.mcu.externaltools.gnu-tools-for-stm32.13.3.rel1.win32_1.0.0.202411081344/tools/bin/../lib/gcc/arm-none-eabi/13.3.1/../../../../arm-none-eabi/lib/thumb/v7e-m+fp/hard\libc_nano.a(libc_a-fwalk.o)
                              C:/ST/STM32CubeIDE_1.19.0/STM32CubeIDE/plugins/com.st.stm32cube.ide.mcu.externaltools.gnu-tools-for-stm32.13.3.rel1.win32_1.0.0.202411081344/tools/bin/../lib/gcc/arm-none-eabi/13.3.1/../../../../arm-none-eabi/lib/thumb/v7e-m+fp/hard\libc_nano.a(libc_a-findfp.o) (_fwalk_sglue)
C:/ST/STM32CubeIDE_1.19.0/STM32CubeIDE/plugins/com.st.stm32cube.ide.mcu.externaltools.gnu-tools-for-stm32.13.3.rel1.win32_1.0.0.202411081344/tools/bin/../lib/gcc/arm-none-eabi/13.3.1/../../../../arm-none-eabi/lib/thumb/v7e-m+fp/hard\libc_nano.a(libc_a-printf.o)
                              ./Core/Src/main.o (printf)
C:/ST/STM32CubeIDE_1.19.0/STM32CubeIDE/plugins/com.st.stm32cube.ide.mcu.externaltools.gnu-tools-for-stm32.13.3.rel1.win32_1.0.0.202411081344/tools/bin/../lib/gcc/arm-none-eabi/13.3.1/../../../../arm-none-eabi/lib/thumb/v7e-m+fp/hard\libc_nano.a(libc_a-stdio.o)
                              C:/ST/STM32CubeIDE_1.19.0/STM32CubeIDE/plugins/com.st.stm32cube.ide.mcu.externaltools.gnu-tools-for-stm32.13.3.rel1.win32_1.0.0.202411081344/tools/bin/../lib/gcc/arm-none-eabi/13.3.1/../../../../arm-none-eabi/lib/thumb/v7e-m+fp/hard\libc_nano.a(libc_a-findfp.o) (__sread)
C:/ST/STM32CubeIDE_1.19.0/STM32CubeIDE/plugins/com.st.stm32cube.ide.mcu.externaltools.gnu-tools-for-stm32.13.3.rel1.win32_1.0.0.202411081344/tools/bin/../lib/gcc/arm-none-eabi/13.3.1/../../../../arm-none-eabi/lib/thumb/v7e-m+fp/hard\libc_nano.a(libc_a-memset.o)
                              C:/ST/STM32CubeIDE_1.19.0/STM32CubeIDE/plugins/com.st.stm32cube.ide.mcu.externaltools.gnu-tools-for-stm32.13.3.rel1.win32_1.0.0.202411081344/tools/bin/../lib/gcc/arm-none-eabi/13.3.1/../../../../arm-none-eabi/lib/thumb/v7e-m+fp/hard/crt0.o (memset)
C:/ST/STM32CubeIDE_1.19.0/STM32CubeIDE/plugins/com.st.stm32cube.ide.mcu.externaltools.gnu-tools-for-stm32.13.3.rel1.win32_1.0.0.202411081344/tools/bin/../lib/gcc/arm-none-eabi/13.3.1/../../../../arm-none-eabi/lib/thumb/v7e-m+fp/hard\libc_nano.a(libc_a-localeconv.o)
                              C:/ST/STM32CubeIDE_1.19.0/STM32CubeIDE/plugins/com.st.stm32cube.ide.mcu.externaltools.gnu-tools-for-stm32.13.3.rel1.win32_1.0.0.202411081344/tools/bin/../lib/gcc/arm-none-eabi/13.3.1/../../../../arm-none-eabi/lib/thumb/v7e-m+fp/hard\libc_nano.a(libc_a-nano-vfprintf_float.o) (_localeconv_r)
C:/ST/STM32CubeIDE_1.19.0/STM32CubeIDE/plugins/com.st.stm32cube.ide.mcu.externaltools.gnu-tools-for-stm32.13.3.rel1.win32_1.0.0.202411081344/tools/bin/../lib/gcc/arm-none-eabi/13.3.1/../../../../arm-none-eabi/lib/thumb/v7e-m+fp/hard\libc_nano.a(libc_a-closer.o)
                              C:/ST/STM32CubeIDE_1.19.0/STM32CubeIDE/plugins/com.st.stm32cube.ide.mcu.externaltools.gnu-tools-for-stm32.13.3.rel1.win32_1.0.0.202411081344/tools/bin/../lib/gcc/arm-none-eabi/13.3.1/../../../../arm-none-eabi/lib/thumb/v7e-m+fp/hard\libc_nano.a(libc_a-stdio.o) (_close_r)
[...]
Memory Configuration

Name             Origin             Length             Attributes
FLASH            0x08100000         0x00100000         xr
RAM              0x10000000         0x00048000         xrw
*default*        0x00000000         0xffffffff

Linker script and memory map

LOAD C:/ST/STM32CubeIDE_1.19.0/STM32CubeIDE/plugins/com.st.stm32cube.ide.mcu.externaltools.gnu-tools-for-stm32.13.3.rel1.win32_1.0.0.202411081344/tools/bin/../lib/gcc/arm-none-eabi/13.3.1/thumb/v7e-m+fp/hard/crti.o
LOAD C:/ST/STM32CubeIDE_1.19.0/STM32CubeIDE/plugins/com.st.stm32cube.ide.mcu.externaltools.gnu-tools-for-stm32.13.3.rel1.win32_1.0.0.202411081344/tools/bin/../lib/gcc/arm-none-eabi/13.3.1/thumb/v7e-m+fp/hard/crtbegin.o
LOAD C:/ST/STM32CubeIDE_1.19.0/STM32CubeIDE/plugins/com.st.stm32cube.ide.mcu.externaltools.gnu-tools-for-stm32.13.3.rel1.win32_1.0.0.202411081344/tools/bin/../lib/gcc/arm-none-eabi/13.3.1/../../../../arm-none-eabi/lib/thumb/v7e-m+fp/hard/crt0.o
LOAD ./Common/Src/system_stm32h7xx_dualcore_boot_cm4_cm7.o
LOAD ./Core/Src/freertos.o
LOAD ./Core/Src/main.o
LOAD ./Core/Src/stm32h7xx_hal_msp.o
LOAD ./Core/Src/stm32h7xx_hal_timebase_tim.o
LOAD ./Core/Src/stm32h7xx_it.o
LOAD ./Core/Src/syscalls.o
LOAD ./Core/Src/sysmem.o
LOAD ./Core/Startup/startup_stm32h755zitx.o
LOAD ./Drivers/STM32H7xx_HAL_Driver/stm32h7xx_hal.o
LOAD ./Drivers/STM32H7xx_HAL_Driver/stm32h7xx_hal_cortex.o
LOAD ./Drivers/STM32H7xx_HAL_Driver/stm32h7xx_hal_dma.o
LOAD ./Drivers/STM32H7xx_HAL_Driver/stm32h7xx_hal_dma_ex.o
LOAD ./Drivers/STM32H7xx_HAL_Driver/stm32h7xx_hal_exti.o
LOAD ./Drivers/STM32H7xx_HAL_Driver/stm32h7xx_hal_flash.o
LOAD ./Drivers/STM32H7xx_HAL_Driver/stm32h7xx_hal_flash_ex.o
LOAD ./Drivers/STM32H7xx_HAL_Driver/stm32h7xx_hal_gpio.o
LOAD ./Drivers/STM32H7xx_HAL_Driver/stm32h7xx_hal_hsem.o
LOAD ./Drivers/STM32H7xx_HAL_Driver/stm32h7xx_hal_i2c.o
LOAD ./Drivers/STM32H7xx_HAL_Driver/stm32h7xx_hal_i2c_ex.o
LOAD ./Drivers/STM32H7xx_HAL_Driver/stm32h7xx_hal_mdma.o
LOAD ./Drivers/STM32H7xx_HAL_Driver/stm32h7xx_hal_pwr.o
LOAD ./Drivers/STM32H7xx_HAL_Driver/stm32h7xx_hal_pwr_ex.o
LOAD ./Drivers/STM32H7xx_HAL_Driver/stm32h7xx_hal_rcc.o
LOAD ./Drivers/STM32H7xx_HAL_Driver/stm32h7xx_hal_rcc_ex.o
LOAD ./Drivers/STM32H7xx_HAL_Driver/stm32h7xx_hal_tim.o
LOAD ./Drivers/STM32H7xx_HAL_Driver/stm32h7xx_hal_tim_ex.o
LOAD ./Drivers/STM32H7xx_HAL_Driver/stm32h7xx_hal_uart.o
LOAD ./Drivers/STM32H7xx_HAL_Driver/stm32h7xx_hal_uart_ex.o
LOAD ./Middlewares/Third_Party/FreeRTOS/cmsis_os2.o
LOAD ./Middlewares/Third_Party/FreeRTOS/croutine.o
LOAD ./Middlewares/Third_Party/FreeRTOS/event_groups.o
LOAD ./Middlewares/Third_Party/FreeRTOS/heap_4.o
LOAD ./Middlewares/Third_Party/FreeRTOS/list.o
LOAD ./Middlewares/Third_Party/FreeRTOS/port.o
LOAD ./Middlewares/Third_Party/FreeRTOS/queue.o
LOAD ./Middlewares/Third_Party/FreeRTOS/stream_buffer.o
LOAD ./Middlewares/Third_Party/FreeRTOS/tasks.o
LOAD ./Middlewares/Third_Party/FreeRTOS/timers.o
START GROUP
LOAD C:/ST/STM32CubeIDE_1.19.0/STM32CubeIDE/plugins/com.st.stm32cube.ide.mcu.externaltools.gnu-tools-for-stm32.13.3.rel1.win32_1.0.0.202411081344/tools/bin/../lib/gcc/arm-none-eabi/13.3.1/../../../../arm-none-eabi/lib/thumb/v7e-m+fp/hard\libc_nano.a
LOAD C:/ST/STM32CubeIDE_1.19.0/STM32CubeIDE/plugins/com.st.stm32cube.ide.mcu.externaltools.gnu-tools-for-stm32.13.3.rel1.win32_1.0.0.202411081344/tools/bin/../lib/gcc/arm-none-eabi/13.3.1/../../../../arm-none-eabi/lib/thumb/v7e-m+fp/hard\libm.a
END GROUP
START GROUP
LOAD C:/ST/STM32CubeIDE_1.19.0/STM32CubeIDE/plugins/com.st.stm32cube.ide.mcu.externaltools.gnu-tools-for-stm32.13.3.rel1.win32_1.0.0.202411081344/tools/bin/../lib/gcc/arm-none-eabi/13.3.1/thumb/v7e-m+fp/hard\libgcc.a
LOAD C:/ST/STM32CubeIDE_1.19.0/STM32CubeIDE/plugins/com.st.stm32cube.ide.mcu.externaltools.gnu-tools-for-stm32.13.3.rel1.win32_1.0.0.202411081344/tools/bin/../lib/gcc/arm-none-eabi/13.3.1/../../../../arm-none-eabi/lib/thumb/v7e-m+fp/hard\libc_nano.a
END GROUP
START GROUP
LOAD C:/ST/STM32CubeIDE_1.19.0/STM32CubeIDE/plugins/com.st.stm32cube.ide.mcu.externaltools.gnu-tools-for-stm32.13.3.rel1.win32_1.0.0.202411081344/tools/bin/../lib/gcc/arm-none-eabi/13.3.1/thumb/v7e-m+fp/hard\libgcc.a
LOAD C:/ST/STM32CubeIDE_1.19.0/STM32CubeIDE/plugins/com.st.stm32cube.ide.mcu.externaltools.gnu-tools-for-stm32.13.3.rel1.win32_1.0.0.202411081344/tools/bin/../lib/gcc/arm-none-eabi/13.3.1/../../../../arm-none-eabi/lib/thumb/v7e-m+fp/hard\libc_nano.a
LOAD C:/ST/STM32CubeIDE_1.19.0/STM32CubeIDE/plugins/com.st.stm32cube.ide.mcu.externaltools.gnu-tools-for-stm32.13.3.rel1.win32_1.0.0.202411081344/tools/bin/../lib/gcc/arm-none-eabi/13.3.1/../../../../arm-none-eabi/lib/thumb/v7e-m+fp/hard\libnosys.a
END GROUP
START GROUP
LOAD C:/ST/STM32CubeIDE_1.19.0/STM32CubeIDE/plugins/com.st.stm32cube.ide.mcu.externaltools.gnu-tools-for-stm32.13.3.rel1.win32_1.0.0.202411081344/tools/bin/../lib/gcc/arm-none-eabi/13.3.1/thumb/v7e-m+fp/hard\libgcc.a
LOAD C:/ST/STM32CubeIDE_1.19.0/STM32CubeIDE/plugins/com.st.stm32cube.ide.mcu.externaltools.gnu-tools-for-stm32.13.3.rel1.win32_1.0.0.202411081344/tools/bin/../lib/gcc/arm-none-eabi/13.3.1/../../../../arm-none-eabi/lib/thumb/v7e-m+fp/hard\libc_nano.a
LOAD C:/ST/STM32CubeIDE_1.19.0/STM32CubeIDE/plugins/com.st.stm32cube.ide.mcu.externaltools.gnu-tools-for-stm32.13.3.rel1.win32_1.0.0.202411081344/tools/bin/../lib/gcc/arm-none-eabi/13.3.1/../../../../arm-none-eabi/lib/thumb/v7e-m+fp/hard\libnosys.a
END GROUP
LOAD C:/ST/STM32CubeIDE_1.19.0/STM32CubeIDE/plugins/com.st.stm32cube.ide.mcu.externaltools.gnu-tools-for-stm32.13.3.rel1.win32_1.0.0.202411081344/tools/bin/../lib/gcc/arm-none-eabi/13.3.1/thumb/v7e-m+fp/hard/crtend.o
LOAD C:/ST/STM32CubeIDE_1.19.0/STM32CubeIDE/plugins/com.st.stm32cube.ide.mcu.externaltools.gnu-tools-for-stm32.13.3.rel1.win32_1.0.0.202411081344/tools/bin/../lib/gcc/arm-none-eabi/13.3.1/thumb/v7e-m+fp/hard/crtn.o
                0x10048000                        _estack = (ORIGIN (RAM) + LENGTH (RAM))
                0x00000200                        _Min_Heap_Size = 0x200
                0x00000400                        _Min_Stack_Size = 0x400

.isr_vector     0x08100000      0x298
                0x08100000                        . = ALIGN (0x4)
 *(.isr_vector)
 .isr_vector    0x08100000      0x298 ./Core/Startup/startup_stm32h755zitx.o
                0x08100000                g_pfnVectors
                0x08100298                        . = ALIGN (0x4)

.text           0x081002a0     0xd780
                0x081002a0                        . = ALIGN (0x4)
 *(.text)
 .text          0x081002a0       0x40 C:/ST/STM32CubeIDE_1.19.0/STM32CubeIDE/plugins/com.st.stm32cube.ide.mcu.externaltools.gnu-tools-for-stm32.13.3.rel1.win32_1.0.0.202411081344/tools/bin/../lib/gcc/arm-none-eabi/13.3.1/thumb/v7e-m+fp/hard/crtbegin.o
 .text          0x081002e0       0xa0 C:/ST/STM32CubeIDE_1.19.0/STM32CubeIDE/plugins/com.st.stm32cube.ide.mcu.externaltools.gnu-tools-for-stm32.13.3.rel1.win32_1.0.0.202411081344/tools/bin/../lib/gcc/arm-none-eabi/13.3.1/../../../../arm-none-eabi/lib/thumb/v7e-m+fp/hard\libc_nano.a(libc_a-memchr.o)
                0x081002e0                memchr
 .text          0x08100380       0x10 C:/ST/STM32CubeIDE_1.19.0/STM32CubeIDE/plugins/com.st.stm32cube.ide.mcu.externaltools.gnu-tools-for-stm32.13.3.rel1.win32_1.0.0.202411081344/tools/bin/../lib/gcc/arm-none-eabi/13.3.1/../../../../arm-none-eabi/lib/thumb/v7e-m+fp/hard\libc_nano.a(libc_a-strlen.o)
                0x08100380                strlen
 .text          0x08100390      0x378 C:/ST/STM32CubeIDE_1.19.0/STM32CubeIDE/plugins/com.st.stm32cube.ide.mcu.externaltools.gnu-tools-for-stm32.13.3.rel1.win32_1.0.0.202411081344/tools/bin/../lib/gcc/arm-none-eabi/13.3.1/thumb/v7e-m+fp/hard\libgcc.a(_arm_addsubdf3.o)
                0x08100390                __aeabi_drsub
                0x08100398                __aeabi_dsub
                0x08100398                __subdf3
                0x0810039c                __aeabi_dadd
                0x0810039c                __adddf3
                0x08100614                __floatunsidf
                0x08100614                __aeabi_ui2d
                0x08100634                __floatsidf
                0x08100634                __aeabi_i2d
                0x08100658                __aeabi_f2d
                0x08100658                __extendsfdf2
                0x0810069c                __floatundidf
                0x0810069c                __aeabi_ul2d
                0x081006ac                __floatdidf
                0x081006ac                __aeabi_l2d
 .text          0x08100708      0x424 C:/ST/STM32CubeIDE_1.19.0/STM32CubeIDE/plugins/com.st.stm32cube.ide.mcu.externaltools.gnu-tools-for-stm32.13.3.rel1.win32_1.0.0.202411081344/tools/bin/../lib/gcc/arm-none-eabi/13.3.1/thumb/v7e-m+fp/hard\libgcc.a(_arm_muldivdf3.o)
                0x08100708                __aeabi_dmul
                0x08100708                __muldf3
                0x0810095c                __divdf3
                0x0810095c                __aeabi_ddiv
 .text          0x08100b2c      0x110 C:/ST/STM32CubeIDE_1.19.0/STM32CubeIDE/plugins/com.st.stm32cube.ide.mcu.externaltools.gnu-tools-for-stm32.13.3.rel1.win32_1.0.0.202411081344/tools/bin/../lib/gcc/arm-none-eabi/13.3.1/thumb/v7e-m+fp/hard\libgcc.a(_arm_cmpdf2.o)
                0x08100b2c                __gtdf2
                0x08100b2c                __gedf2
                0x08100b34                __ltdf2
                0x08100b34                __ledf2
                0x08100b3c                __nedf2
                0x08100b3c                __eqdf2
                0x08100b3c                __cmpdf2
                0x08100bb8                __aeabi_cdrcmple
                0x08100bc8                __aeabi_cdcmpeq
                0x08100bc8                __aeabi_cdcmple
                0x08100bd8                __aeabi_dcmpeq
                0x08100bec                __aeabi_dcmplt
                0x08100c00                __aeabi_dcmple
                0x08100c14                __aeabi_dcmpge
                0x08100c28                __aeabi_dcmpgt
 .text          0x08100c3c       0x2c C:/ST/STM32CubeIDE_1.19.0/STM32CubeIDE/plugins/com.st.stm32cube.ide.mcu.externaltools.gnu-tools-for-stm32.13.3.rel1.win32_1.0.0.202411081344/tools/bin/../lib/gcc/arm-none-eabi/13.3.1/thumb/v7e-m+fp/hard\libgcc.a(_arm_unorddf2.o)
                0x08100c3c                __unorddf2
                0x08100c3c                __aeabi_dcmpun
 .text          0x08100c68       0x50 C:/ST/STM32CubeIDE_1.19.0/STM32CubeIDE/plugins/com.st.stm32cube.ide.mcu.externaltools.gnu-tools-for-stm32.13.3.rel1.win32_1.0.0.202411081344/tools/bin/../lib/gcc/arm-none-eabi/13.3.1/thumb/v7e-m+fp/hard\libgcc.a(_arm_fixdfsi.o)
                0x08100c68                __aeabi_d2iz
                0x08100c68                __fixdfsi
 .text          0x08100cb8       0x30 C:/ST/STM32CubeIDE_1.19.0/STM32CubeIDE/plugins/com.st.stm32cube.ide.mcu.externaltools.gnu-tools-for-stm32.13.3.rel1.win32_1.0.0.202411081344/tools/bin/../lib/gcc/arm-none-eabi/13.3.1/thumb/v7e-m+fp/hard\libgcc.a(_aeabi_uldivmod.o)
                0x08100cb8                __aeabi_uldivmod
 .text          0x08100ce8      0x2f8 C:/ST/STM32CubeIDE_1.19.0/STM32CubeIDE/plugins/com.st.stm32cube.ide.mcu.externaltools.gnu-tools-for-stm32.13.3.rel1.win32_1.0.0.202411081344/tools/bin/../lib/gcc/arm-none-eabi/13.3.1/thumb/v7e-m+fp/hard\libgcc.a(_udivmoddi4.o)
                0x08100ce8                __udivmoddi4
 .text          0x08100fe0        0x4 C:/ST/STM32CubeIDE_1.19.0/STM32CubeIDE/plugins/com.st.stm32cube.ide.mcu.externaltools.gnu-tools-for-stm32.13.3.rel1.win32_1.0.0.202411081344/tools/bin/../lib/gcc/arm-none-eabi/13.3.1/thumb/v7e-m+fp/hard\libgcc.a(_dvmd_tls.o)
                0x08100fe0                __aeabi_idiv0
                0x08100fe0                __aeabi_ldiv0
 *(.text*)
 .text.SystemInit
                0x08100fe4       0x30 ./Common/Src/system_stm32h7xx_dualcore_boot_cm4_cm7.o
                0x08100fe4                SystemInit
 .text.ExitRun0Mode
                0x08101014       0x30 ./Common/Src/system_stm32h7xx_dualcore_boot_cm4_cm7.o
                0x08101014                ExitRun0Mode
 .text.__io_putchar
                0x08101044       0x24 ./Core/Src/main.o
                0x08101044                __io_putchar
 .text.main     0x08101068      0x100 ./Core/Src/main.o
                0x08101068                main
 .text.MX_USART3_UART_Init
                0x08101168       0x98 ./Core/Src/main.o
 .text.MX_GPIO_Init
                0x08101200       0x34 ./Core/Src/main.o
 .text.HAL_UART_RxCpltCallback
                0x08101234       0x44 ./Core/Src/main.o
                0x08101234                HAL_UART_RxCpltCallback
 .text.StartDefaultTask
                0x08101278       0x44 ./Core/Src/main.o
                0x08101278                StartDefaultTask
 .text.TaskPrint
                0x081012bc       0x54 ./Core/Src/main.o
                0x081012bc                TaskPrint
 .text.HAL_TIM_PeriodElapsedCallback
                0x08101310       0x24 ./Core/Src/main.o
                0x08101310                HAL_TIM_PeriodElapsedCallback
 .text.Error_Handler
                0x08101334        0xc ./Core/Src/main.o
                0x08101334                Error_Handler
 .text.HAL_MspInit
                0x08101340       0x3c ./Core/Src/stm32h7xx_hal_msp.o
                0x08101340                HAL_MspInit
 .text.HAL_UART_MspInit
                0x0810137c       0xe4 ./Core/Src/stm32h7xx_hal_msp.o
                0x0810137c                HAL_UART_MspInit
 .text.HAL_InitTick
                0x08101460       0xd8 ./Core/Src/stm32h7xx_hal_timebase_tim.o
                0x08101460                HAL_InitTick
 .text.NMI_Handler
                0x08101538        0x8 ./Core/Src/stm32h7xx_it.o
                0x08101538                NMI_Handler
 .text.HardFault_Handler
                0x08101540        0x8 ./Core/Src/stm32h7xx_it.o
                0x08101540                HardFault_Handler
 .text.MemManage_Handler
                0x08101548        0x8 ./Core/Src/stm32h7xx_it.o
                0x08101548                MemManage_Handler
 .text.BusFault_Handler
                0x08101550        0x8 ./Core/Src/stm32h7xx_it.o
                0x08101550                BusFault_Handler
 .text.UsageFault_Handler
                0x08101558        0x8 ./Core/Src/stm32h7xx_it.o
                0x08101558                UsageFault_Handler
 .text.DebugMon_Handler
                0x08101560        0xe ./Core/Src/stm32h7xx_it.o
                0x08101560                DebugMon_Handler
 *fill*         0x0810156e        0x2 
 .text.USART3_IRQHandler
                0x08101570       0x14 ./Core/Src/stm32h7xx_it.o
                0x08101570                USART3_IRQHandler
 .text.TIM7_IRQHandler
                0x08101584       0x14 ./Core/Src/stm32h7xx_it.o
                0x08101584                TIM7_IRQHandler
 .text._getpid  0x08101598       0x10 ./Core/Src/syscalls.o
                0x08101598                _getpid
 .text._kill    0x081015a8       0x20 ./Core/Src/syscalls.o
                0x081015a8                _kill
 .text._exit    0x081015c8       0x16 ./Core/Src/syscalls.o
                0x081015c8                _exit
 .text._read    0x081015de       0x3a ./Core/Src/syscalls.o
                0x081015de                _read
 .text._write   0x08101618       0x38 ./Core/Src/syscalls.o
                0x08101618                _write
 .text._close   0x08101650       0x18 ./Core/Src/syscalls.o
                0x08101650                _close
 .text._fstat   0x08101668       0x20 ./Core/Src/syscalls.o
                0x08101668                _fstat
 .text._isatty  0x08101688       0x16 ./Core/Src/syscalls.o
                0x08101688                _isatty
 .text._lseek   0x0810169e       0x1a ./Core/Src/syscalls.o
                0x0810169e                _lseek
 .text._sbrk    0x081016b8       0x6c ./Core/Src/sysmem.o
                0x081016b8                _sbrk
 .text.Reset_Handler
                0x08101724       0x54 ./Core/Startup/startup_stm32h755zitx.o
                0x08101724                Reset_Handler
 .text.Default_Handler
                0x08101778        0x2 ./Core/Startup/startup_stm32h755zitx.o
                0x08101778                RTC_Alarm_IRQHandler
                0x08101778                HASH_RNG_IRQHandler
                0x08101778                EXTI2_IRQHandler
                0x08101778                TIM8_CC_IRQHandler
                0x08101778                HRTIM1_Master_IRQHandler
                0x08101778                UART8_IRQHandler
                0x08101778                SPI4_IRQHandler
                0x08101778                TIM1_CC_IRQHandler
                0x08101778                BDMA_Channel6_IRQHandler
                0x08101778                DMA2_Stream5_IRQHandler
                0x08101778                HRTIM1_FLT_IRQHandler
                0x08101778                JPEG_IRQHandler
                0x08101778                DMA1_Stream5_IRQHandler
                0x08101778                BDMA_Channel1_IRQHandler
                0x08101778                HRTIM1_TIMD_IRQHandler
                0x08101778                TAMP_STAMP_IRQHandler
                0x08101778                EXTI3_IRQHandler
                0x08101778                LPTIM4_IRQHandler
                0x08101778                TIM8_TRG_COM_TIM14_IRQHandler
                0x08101778                LPTIM2_IRQHandler
                0x08101778                DFSDM1_FLT1_IRQHandler
                0x08101778                DMAMUX2_OVR_IRQHandler
                0x08101778                TIM8_UP_TIM13_IRQHandler
                0x08101778                I2C3_ER_IRQHandler
                0x08101778                DFSDM1_FLT2_IRQHandler
                0x08101778                MDMA_IRQHandler
                0x08101778                LPTIM3_IRQHandler
                0x08101778                HSEM1_IRQHandler
                0x08101778                EXTI0_IRQHandler
                0x08101778                I2C2_EV_IRQHandler
                0x08101778                DMA1_Stream2_IRQHandler
                0x08101778                FPU_IRQHandler
                0x08101778                OTG_HS_WKUP_IRQHandler
                0x08101778                FDCAN1_IT1_IRQHandler
                0x08101778                LTDC_ER_IRQHandler
                0x08101778                DMA2_Stream2_IRQHandler
                0x08101778                HRTIM1_TIME_IRQHandler
                0x08101778                SPI1_IRQHandler
                0x08101778                TIM6_DAC_IRQHandler
                0x08101778                DCMI_IRQHandler
                0x08101778                HRTIM1_TIMC_IRQHandler
                0x08101778                DMA2_Stream3_IRQHandler
                0x08101778                SAI2_IRQHandler
                0x08101778                DFSDM1_FLT3_IRQHandler
                0x08101778                USART6_IRQHandler
                0x08101778                TIM17_IRQHandler
                0x08101778                BDMA_Channel7_IRQHandler
                0x08101778                CRYP_IRQHandler
                0x08101778                LPTIM5_IRQHandler
                0x08101778                UART5_IRQHandler
                0x08101778                ADC3_IRQHandler
                0x08101778                DMA2_Stream0_IRQHandler
                0x08101778                TIM4_IRQHandler
                0x08101778                BDMA_Channel2_IRQHandler
                0x08101778                QUADSPI_IRQHandler
                0x08101778                I2C1_EV_IRQHandler
                0x08101778                DMA1_Stream6_IRQHandler
                0x08101778                DMAMUX1_OVR_IRQHandler
                0x08101778                DMA1_Stream1_IRQHandler
                0x08101778                TIM16_IRQHandler
                0x08101778                UART4_IRQHandler
                0x08101778                BDMA_Channel5_IRQHandler
                0x08101778                TIM3_IRQHandler
                0x08101778                RCC_IRQHandler
                0x08101778                TIM8_BRK_TIM12_IRQHandler
                0x08101778                TIM1_TRG_COM_IRQHandler
                0x08101778                Default_Handler
                0x08101778                ECC_IRQHandler
                0x08101778                CEC_IRQHandler
                0x08101778                EXTI15_10_IRQHandler
                0x08101778                BDMA_Channel0_IRQHandler
                0x08101778                ADC_IRQHandler
                0x08101778                DMA1_Stream7_IRQHandler
                0x08101778                HRTIM1_TIMA_IRQHandler
                0x08101778                SPI5_IRQHandler
                0x08101778                SDMMC1_IRQHandler
                0x08101778                TIM5_IRQHandler
                0x08101778                DMA2_Stream7_IRQHandler
                0x08101778                TIM15_IRQHandler
                0x08101778                PVD_AVD_IRQHandler
                0x08101778                I2C3_EV_IRQHandler
                0x08101778                EXTI9_5_IRQHandler
                0x08101778                RTC_WKUP_IRQHandler
                0x08101778                LTDC_IRQHandler
                0x08101778                SAI3_IRQHandler
                0x08101778                ETH_WKUP_IRQHandler
                0x08101778                SPDIF_RX_IRQHandler
                0x08101778                SPI2_IRQHandler
                0x08101778                OTG_HS_EP1_IN_IRQHandler
                0x08101778                DMA1_Stream0_IRQHandler
                0x08101778                CRS_IRQHandler
                0x08101778                CM7_SEV_IRQHandler
                0x08101778                EXTI4_IRQHandler
                0x08101778                CM4_SEV_IRQHandler
                0x08101778                HRTIM1_TIMB_IRQHandler
                0x08101778                FDCAN2_IT1_IRQHandler
                0x08101778                ETH_IRQHandler
                0x08101778                TIM1_UP_IRQHandler
                0x08101778                WWDG_RST_IRQHandler
                0x08101778                BDMA_Channel4_IRQHandler
                0x08101778                OTG_HS_EP1_OUT_IRQHandler
                0x08101778                WWDG_IRQHandler
                0x08101778                SPI6_IRQHandler
                0x08101778                MDIOS_IRQHandler
                0x08101778                I2C4_EV_IRQHandler
                0x08101778                FDCAN2_IT0_IRQHandler
                0x08101778                LPUART1_IRQHandler
                0x08101778                FDCAN1_IT0_IRQHandler
                0x08101778                TIM2_IRQHandler
                0x08101778                OTG_FS_WKUP_IRQHandler
                0x08101778                OTG_HS_IRQHandler
                0x08101778                HSEM2_IRQHandler
                0x08101778                DMA2D_IRQHandler
                0x08101778                TIM1_BRK_IRQHandler
                0x08101778                EXTI1_IRQHandler
                0x08101778                SDMMC2_IRQHandler
                0x08101778                OTG_FS_EP1_OUT_IRQHandler
                0x08101778                BDMA_Channel3_IRQHandler
                0x08101778                HOLD_CORE_IRQHandler
                0x08101778                UART7_IRQHandler
                0x08101778                MDIOS_WKUP_IRQHandler
                0x08101778                USART2_IRQHandler
                0x08101778                DFSDM1_FLT0_IRQHandler
                0x08101778                SAI4_IRQHandler
                0x08101778                I2C2_ER_IRQHandler
                0x08101778                DMA2_Stream1_IRQHandler
                0x08101778                FLASH_IRQHandler
                0x08101778                DMA2_Stream4_IRQHandler
                0x08101778                USART1_IRQHandler
                0x08101778                OTG_FS_IRQHandler
                0x08101778                SPI3_IRQHandler
                0x08101778                WAKEUP_PIN_IRQHandler
                0x08101778                DMA1_Stream4_IRQHandler
                0x08101778                OTG_FS_EP1_IN_IRQHandler
                0x08101778                I2C1_ER_IRQHandler
                0x08101778                FMC_IRQHandler
                0x08101778                FDCAN_CAL_IRQHandler
                0x08101778                SWPMI1_IRQHandler
                0x08101778                COMP1_IRQHandler
                0x08101778                LPTIM1_IRQHandler
                0x08101778                I2C4_ER_IRQHandler
                0x08101778                DMA2_Stream6_IRQHandler
                0x08101778                SAI1_IRQHandler
                0x08101778                DMA1_Stream3_IRQHandler
 *fill*         0x0810177a        0x2 
 .text.HAL_Init
                0x0810177c       0xbc ./Drivers/STM32H7xx_HAL_Driver/stm32h7xx_hal.o
                0x0810177c                HAL_Init
 .text.HAL_IncTick
                0x08101838       0x28 ./Drivers/STM32H7xx_HAL_Driver/stm32h7xx_hal.o
                0x08101838                HAL_IncTick
 .text.HAL_GetTick
                0x08101860       0x18 ./Drivers/STM32H7xx_HAL_Driver/stm32h7xx_hal.o
                0x08101860                HAL_GetTick
 .text.__NVIC_SetPriorityGrouping
                0x08101878       0x48 ./Drivers/STM32H7xx_HAL_Driver/stm32h7xx_hal_cortex.o
 .text.__NVIC_GetPriorityGrouping
                0x081018c0       0x1c ./Drivers/STM32H7xx_HAL_Driver/stm32h7xx_hal_cortex.o
 .text.__NVIC_EnableIRQ
                0x081018dc       0x3c ./Drivers/STM32H7xx_HAL_Driver/stm32h7xx_hal_cortex.o
 .text.__NVIC_SetPriority
                0x08101918       0x54 ./Drivers/STM32H7xx_HAL_Driver/stm32h7xx_hal_cortex.o
 .text.NVIC_EncodePriority
                0x0810196c       0x66 ./Drivers/STM32H7xx_HAL_Driver/stm32h7xx_hal_cortex.o
 .text.HAL_NVIC_SetPriorityGrouping
                0x081019d2       0x16 ./Drivers/STM32H7xx_HAL_Driver/stm32h7xx_hal_cortex.o
                0x081019d2                HAL_NVIC_SetPriorityGrouping
 .text.HAL_NVIC_SetPriority
                0x081019e8       0x34 ./Drivers/STM32H7xx_HAL_Driver/stm32h7xx_hal_cortex.o
                0x081019e8                HAL_NVIC_SetPriority
 .text.HAL_NVIC_EnableIRQ
                0x08101a1c       0x1c ./Drivers/STM32H7xx_HAL_Driver/stm32h7xx_hal_cortex.o
                0x08101a1c                HAL_NVIC_EnableIRQ
 .text.HAL_GetCurrentCPUID
                0x08101a38       0x24 ./Drivers/STM32H7xx_HAL_Driver/stm32h7xx_hal_cortex.o
                0x08101a38                HAL_GetCurrentCPUID
 .text.HAL_DMA_Abort
                0x08101a5c      0x63c ./Drivers/STM32H7xx_HAL_Driver/stm32h7xx_hal_dma.o
                0x08101a5c                HAL_DMA_Abort
 .text.HAL_DMA_Abort_IT
                0x08102098      0x48c ./Drivers/STM32H7xx_HAL_Driver/stm32h7xx_hal_dma.o
                0x08102098                HAL_DMA_Abort_IT
 .text.HAL_GPIO_Init
                0x08102524      0x360 ./Drivers/STM32H7xx_HAL_Driver/stm32h7xx_hal_gpio.o
                0x08102524                HAL_GPIO_Init
 .text.HAL_HSEM_ActivateNotification
                0x08102884       0x24 ./Drivers/STM32H7xx_HAL_Driver/stm32h7xx_hal_hsem.o
                0x08102884                HAL_HSEM_ActivateNotification
 .text.HAL_PWREx_EnterSTOPMode
                0x081028a8       0xf4 ./Drivers/STM32H7xx_HAL_Driver/stm32h7xx_hal_pwr_ex.o
                0x081028a8                HAL_PWREx_EnterSTOPMode
 .text.HAL_PWREx_ClearPendingEvent
                0x0810299c       0x1a ./Drivers/STM32H7xx_HAL_Driver/stm32h7xx_hal_pwr_ex.o
                0x0810299c                HAL_PWREx_ClearPendingEvent
 *fill*         0x081029b6        0x2 
 .text.HAL_RCC_GetSysClockFreq
                0x081029b8      0x2f4 ./Drivers/STM32H7xx_HAL_Driver/stm32h7xx_hal_rcc.o
                0x081029b8                HAL_RCC_GetSysClockFreq
 .text.HAL_RCC_GetHCLKFreq
                0x08102cac       0x64 ./Drivers/STM32H7xx_HAL_Driver/stm32h7xx_hal_rcc.o
                0x08102cac                HAL_RCC_GetHCLKFreq
 .text.HAL_RCC_GetPCLK1Freq
                0x08102d10       0x2c ./Drivers/STM32H7xx_HAL_Driver/stm32h7xx_hal_rcc.o
                0x08102d10                HAL_RCC_GetPCLK1Freq
 .text.HAL_RCC_GetPCLK2Freq
                0x08102d3c       0x2c ./Drivers/STM32H7xx_HAL_Driver/stm32h7xx_hal_rcc.o
                0x08102d3c                HAL_RCC_GetPCLK2Freq
 .text.HAL_RCC_GetClockConfig
                0x08102d68       0x84 ./Drivers/STM32H7xx_HAL_Driver/stm32h7xx_hal_rcc.o
                0x08102d68                HAL_RCC_GetClockConfig
 .text.HAL_RCCEx_PeriphCLKConfig
                0x08102dec     0x1414 ./Drivers/STM32H7xx_HAL_Driver/stm32h7xx_hal_rcc_ex.o
                0x08102dec                HAL_RCCEx_PeriphCLKConfig
 .text.HAL_RCCEx_GetD3PCLK1Freq
                0x08104200       0x2c ./Drivers/STM32H7xx_HAL_Driver/stm32h7xx_hal_rcc_ex.o
                0x08104200                HAL_RCCEx_GetD3PCLK1Freq
 .text.HAL_RCCEx_GetPLL2ClockFreq
                0x0810422c      0x2a8 ./Drivers/STM32H7xx_HAL_Driver/stm32h7xx_hal_rcc_ex.o
                0x0810422c                HAL_RCCEx_GetPLL2ClockFreq
 .text.HAL_RCCEx_GetPLL3ClockFreq
                0x081044d4      0x2a8 ./Drivers/STM32H7xx_HAL_Driver/stm32h7xx_hal_rcc_ex.o
                0x081044d4                HAL_RCCEx_GetPLL3ClockFreq
 .text.RCCEx_PLL2_Config
                0x0810477c      0x164 ./Drivers/STM32H7xx_HAL_Driver/stm32h7xx_hal_rcc_ex.o
 .text.RCCEx_PLL3_Config
                0x081048e0      0x164 ./Drivers/STM32H7xx_HAL_Driver/stm32h7xx_hal_rcc_ex.o
 .text.HAL_TIM_Base_Init
                0x08104a44       0xae ./Drivers/STM32H7xx_HAL_Driver/stm32h7xx_hal_tim.o
                0x08104a44                HAL_TIM_Base_Init
 .text.HAL_TIM_Base_MspInit
                0x08104af2       0x14 ./Drivers/STM32H7xx_HAL_Driver/stm32h7xx_hal_tim.o
                0x08104af2                HAL_TIM_Base_MspInit
 *fill*         0x08104b06        0x2 
 .text.HAL_TIM_Base_Start_IT
                0x08104b08       0xf0 ./Drivers/STM32H7xx_HAL_Driver/stm32h7xx_hal_tim.o
                0x08104b08                HAL_TIM_Base_Start_IT
 .text.HAL_TIM_IRQHandler
                0x08104bf8      0x20e ./Drivers/STM32H7xx_HAL_Driver/stm32h7xx_hal_tim.o
                0x08104bf8                HAL_TIM_IRQHandler
 .text.HAL_TIM_OC_DelayElapsedCallback
                0x08104e06       0x14 ./Drivers/STM32H7xx_HAL_Driver/stm32h7xx_hal_tim.o
                0x08104e06                HAL_TIM_OC_DelayElapsedCallback
 .text.HAL_TIM_IC_CaptureCallback
                0x08104e1a       0x14 ./Drivers/STM32H7xx_HAL_Driver/stm32h7xx_hal_tim.o
                0x08104e1a                HAL_TIM_IC_CaptureCallback
 .text.HAL_TIM_PWM_PulseFinishedCallback
                0x08104e2e       0x14 ./Drivers/STM32H7xx_HAL_Driver/stm32h7xx_hal_tim.o
                0x08104e2e                HAL_TIM_PWM_PulseFinishedCallback
 .text.HAL_TIM_TriggerCallback
                0x08104e42       0x14 ./Drivers/STM32H7xx_HAL_Driver/stm32h7xx_hal_tim.o
                0x08104e42                HAL_TIM_TriggerCallback
 *fill*         0x08104e56        0x2 
 .text.TIM_Base_SetConfig
                0x08104e58      0x140 ./Drivers/STM32H7xx_HAL_Driver/stm32h7xx_hal_tim.o
                0x08104e58                TIM_Base_SetConfig
 .text.HAL_TIMEx_CommutCallback
                0x08104f98       0x14 ./Drivers/STM32H7xx_HAL_Driver/stm32h7xx_hal_tim_ex.o
                0x08104f98                HAL_TIMEx_CommutCallback
 .text.HAL_TIMEx_BreakCallback
                0x08104fac       0x14 ./Drivers/STM32H7xx_HAL_Driver/stm32h7xx_hal_tim_ex.o
                0x08104fac                HAL_TIMEx_BreakCallback
 .text.HAL_TIMEx_Break2Callback
                0x08104fc0       0x14 ./Drivers/STM32H7xx_HAL_Driver/stm32h7xx_hal_tim_ex.o
                0x08104fc0                HAL_TIMEx_Break2Callback
 .text.HAL_UART_Init
                0x08104fd4       0xa0 ./Drivers/STM32H7xx_HAL_Driver/stm32h7xx_hal_uart.o
                0x08104fd4                HAL_UART_Init
 .text.HAL_UART_Transmit
                0x08105074      0x11c ./Drivers/STM32H7xx_HAL_Driver/stm32h7xx_hal_uart.o
                0x08105074                HAL_UART_Transmit
 .text.HAL_UART_Receive_IT
                0x08105190       0x98 ./Drivers/STM32H7xx_HAL_Driver/stm32h7xx_hal_uart.o
                0x08105190                HAL_UART_Receive_IT
 .text.HAL_UART_IRQHandler
                0x08105228      0x7ac ./Drivers/STM32H7xx_HAL_Driver/stm32h7xx_hal_uart.o
                0x08105228                HAL_UART_IRQHandler
 .text.HAL_UART_TxCpltCallback
                0x081059d4       0x14 ./Drivers/STM32H7xx_HAL_Driver/stm32h7xx_hal_uart.o
                0x081059d4                HAL_UART_TxCpltCallback
 .text.HAL_UART_ErrorCallback
                0x081059e8       0x14 ./Drivers/STM32H7xx_HAL_Driver/stm32h7xx_hal_uart.o
                0x081059e8                HAL_UART_ErrorCallback
 .text.HAL_UARTEx_RxEventCallback
                0x081059fc       0x18 ./Drivers/STM32H7xx_HAL_Driver/stm32h7xx_hal_uart.o
                0x081059fc                HAL_UARTEx_RxEventCallback
 .text.UART_SetConfig
                0x08105a14      0xad0 ./Drivers/STM32H7xx_HAL_Driver/stm32h7xx_hal_uart.o
                0x08105a14                UART_SetConfig
 .text.UART_AdvFeatureConfig
                0x081064e4      0x144 ./Drivers/STM32H7xx_HAL_Driver/stm32h7xx_hal_uart.o
                0x081064e4                UART_AdvFeatureConfig
 .text.UART_CheckIdleState
                0x08106628      0x154 ./Drivers/STM32H7xx_HAL_Driver/stm32h7xx_hal_uart.o
                0x08106628                UART_CheckIdleState
 .text.UART_WaitOnFlagUntilTimeout
                0x0810677c       0xda ./Drivers/STM32H7xx_HAL_Driver/stm32h7xx_hal_uart.o
                0x0810677c                UART_WaitOnFlagUntilTimeout
 *fill*         0x08106856        0x2 
 .text.UART_Start_Receive_IT
                0x08106858      0x244 ./Drivers/STM32H7xx_HAL_Driver/stm32h7xx_hal_uart.o
                0x08106858                UART_Start_Receive_IT
 .text.UART_EndRxTransfer
                0x08106a9c       0xcc ./Drivers/STM32H7xx_HAL_Driver/stm32h7xx_hal_uart.o
 .text.UART_DMAAbortOnError
                0x08106b68       0x24 ./Drivers/STM32H7xx_HAL_Driver/stm32h7xx_hal_uart.o
 .text.UART_EndTransmit_IT
                0x08106b8c       0x56 ./Drivers/STM32H7xx_HAL_Driver/stm32h7xx_hal_uart.o
 *fill*         0x08106be2        0x2 
 .text.UART_RxISR_8BIT
                0x08106be4      0x1b8 ./Drivers/STM32H7xx_HAL_Driver/stm32h7xx_hal_uart.o
 .text.UART_RxISR_16BIT
                0x08106d9c      0x1b8 ./Drivers/STM32H7xx_HAL_Driver/stm32h7xx_hal_uart.o
 .text.UART_RxISR_8BIT_FIFOEN
                0x08106f54      0x364 ./Drivers/STM32H7xx_HAL_Driver/stm32h7xx_hal_uart.o
 .text.UART_RxISR_16BIT_FIFOEN
                0x081072b8      0x36c ./Drivers/STM32H7xx_HAL_Driver/stm32h7xx_hal_uart.o
 .text.HAL_UARTEx_WakeupCallback
                0x08107624       0x14 ./Drivers/STM32H7xx_HAL_Driver/stm32h7xx_hal_uart_ex.o
                0x08107624                HAL_UARTEx_WakeupCallback
 .text.HAL_UARTEx_RxFifoFullCallback
                0x08107638       0x14 ./Drivers/STM32H7xx_HAL_Driver/stm32h7xx_hal_uart_ex.o
                0x08107638                HAL_UARTEx_RxFifoFullCallback
 .text.HAL_UARTEx_TxFifoEmptyCallback
                0x0810764c       0x14 ./Drivers/STM32H7xx_HAL_Driver/stm32h7xx_hal_uart_ex.o
                0x0810764c                HAL_UARTEx_TxFifoEmptyCallback
 .text.HAL_UARTEx_DisableFifoMode
                0x08107660       0x72 ./Drivers/STM32H7xx_HAL_Driver/stm32h7xx_hal_uart_ex.o
                0x08107660                HAL_UARTEx_DisableFifoMode
 .text.HAL_UARTEx_SetTxFifoThreshold
                0x081076d2       0x7c ./Drivers/STM32H7xx_HAL_Driver/stm32h7xx_hal_uart_ex.o
                0x081076d2                HAL_UARTEx_SetTxFifoThreshold
 .text.HAL_UARTEx_SetRxFifoThreshold
                0x0810774e       0x7c ./Drivers/STM32H7xx_HAL_Driver/stm32h7xx_hal_uart_ex.o
                0x0810774e                HAL_UARTEx_SetRxFifoThreshold
 *fill*         0x081077ca        0x2 
 .text.UARTEx_SetNbDataToProcess
                0x081077cc       0x9c ./Drivers/STM32H7xx_HAL_Driver/stm32h7xx_hal_uart_ex.o
 .text.__NVIC_SetPriority
                0x08107868       0x54 ./Middlewares/Third_Party/FreeRTOS/cmsis_os2.o
 .text.SysTick_Handler
                0x081078bc       0x20 ./Middlewares/Third_Party/FreeRTOS/cmsis_os2.o
                0x081078bc                SysTick_Handler
 .text.SVC_Setup
                0x081078dc       0x12 ./Middlewares/Third_Party/FreeRTOS/cmsis_os2.o
 *fill*         0x081078ee        0x2 
 .text.osKernelInitialize
                0x081078f0       0x48 ./Middlewares/Third_Party/FreeRTOS/cmsis_os2.o
                0x081078f0                osKernelInitialize
 .text.osKernelStart
                0x08107938       0x4c ./Middlewares/Third_Party/FreeRTOS/cmsis_os2.o
                0x08107938                osKernelStart
 .text.osThreadNew
                0x08107984      0x124 ./Middlewares/Third_Party/FreeRTOS/cmsis_os2.o
                0x08107984                osThreadNew
 .text.osDelay  0x08107aa8       0x36 ./Middlewares/Third_Party/FreeRTOS/cmsis_os2.o
                0x08107aa8                osDelay
 .text.osMutexNew
                0x08107ade      0x10c ./Middlewares/Third_Party/FreeRTOS/cmsis_os2.o
                0x08107ade                osMutexNew
 .text.osMutexAcquire
                0x08107bea       0x96 ./Middlewares/Third_Party/FreeRTOS/cmsis_os2.o
                0x08107bea                osMutexAcquire
 .text.osMutexRelease
                0x08107c80       0x7a ./Middlewares/Third_Party/FreeRTOS/cmsis_os2.o
                0x08107c80                osMutexRelease
 .text.osMessageQueueNew
                0x08107cfa       0xe6 ./Middlewares/Third_Party/FreeRTOS/cmsis_os2.o
                0x08107cfa                osMessageQueueNew
 .text.osMessageQueuePut
                0x08107de0       0xc0 ./Middlewares/Third_Party/FreeRTOS/cmsis_os2.o
                0x08107de0                osMessageQueuePut
 .text.osMessageQueueGet
                0x08107ea0       0xbc ./Middlewares/Third_Party/FreeRTOS/cmsis_os2.o
                0x08107ea0                osMessageQueueGet
 .text.vApplicationGetIdleTaskMemory
                0x08107f5c       0x34 ./Middlewares/Third_Party/FreeRTOS/cmsis_os2.o
                0x08107f5c                vApplicationGetIdleTaskMemory
 .text.vApplicationGetTimerTaskMemory
                0x08107f90       0x34 ./Middlewares/Third_Party/FreeRTOS/cmsis_os2.o
                0x08107f90                vApplicationGetTimerTaskMemory
 .text.pvPortMalloc
                0x08107fc4      0x19c ./Middlewares/Third_Party/FreeRTOS/heap_4.o
                0x08107fc4                pvPortMalloc
 .text.vPortFree
                0x08108160       0xc8 ./Middlewares/Third_Party/FreeRTOS/heap_4.o
                0x08108160                vPortFree
 .text.prvHeapInit
                0x08108228       0xc4 ./Middlewares/Third_Party/FreeRTOS/heap_4.o
 .text.prvInsertBlockIntoFreeList
                0x081082ec       0xb4 ./Middlewares/Third_Party/FreeRTOS/heap_4.o
 .text.vListInitialise
                0x081083a0       0x40 ./Middlewares/Third_Party/FreeRTOS/list.o
                0x081083a0                vListInitialise
 .text.vListInitialiseItem
                0x081083e0       0x1a ./Middlewares/Third_Party/FreeRTOS/list.o
                0x081083e0                vListInitialiseItem
 .text.vListInsertEnd
                0x081083fa       0x48 ./Middlewares/Third_Party/FreeRTOS/list.o
                0x081083fa                vListInsertEnd
 .text.vListInsert
                0x08108442       0x72 ./Middlewares/Third_Party/FreeRTOS/list.o
                0x08108442                vListInsert
 .text.uxListRemove
                0x081084b4       0x54 ./Middlewares/Third_Party/FreeRTOS/list.o
                0x081084b4                uxListRemove
 .text.pxPortInitialiseStack
                0x08108508       0x68 ./Middlewares/Third_Party/FreeRTOS/port.o
                0x08108508                pxPortInitialiseStack
 .text.prvTaskExitError
                0x08108570       0x5c ./Middlewares/Third_Party/FreeRTOS/port.o
 *fill*         0x081085cc        0x4 
 .text.SVC_Handler
                0x081085d0       0x28 ./Middlewares/Third_Party/FreeRTOS/port.o
                0x081085d0                SVC_Handler
 .text.prvPortStartFirstTask
                0x081085f8       0x28 ./Middlewares/Third_Party/FreeRTOS/port.o
 .text.xPortStartScheduler
                0x08108620      0x148 ./Middlewares/Third_Party/FreeRTOS/port.o
                0x08108620                xPortStartScheduler
 .text.vPortEnterCritical
                0x08108768       0x64 ./Middlewares/Third_Party/FreeRTOS/port.o
                0x08108768                vPortEnterCritical
 .text.vPortExitCritical
                0x081087cc       0x54 ./Middlewares/Third_Party/FreeRTOS/port.o
                0x081087cc                vPortExitCritical
 .text.PendSV_Handler
                0x08108820       0x68 ./Middlewares/Third_Party/FreeRTOS/port.o
                0x08108820                PendSV_Handler
 .text.xPortSysTickHandler
                0x08108888       0x44 ./Middlewares/Third_Party/FreeRTOS/port.o
                0x08108888                xPortSysTickHandler
 .text.vPortSetupTimerInterrupt
                0x081088cc       0x48 ./Middlewares/Third_Party/FreeRTOS/port.o
                0x081088cc                vPortSetupTimerInterrupt
 .text.vPortEnableVFP
                0x08108914       0x14 ./Middlewares/Third_Party/FreeRTOS/port.o
 .text.vPortValidateInterruptPriority
                0x08108928       0x84 ./Middlewares/Third_Party/FreeRTOS/port.o
                0x08108928                vPortValidateInterruptPriority
 .text.xQueueGenericReset
                0x081089ac       0xd4 ./Middlewares/Third_Party/FreeRTOS/queue.o
                0x081089ac                xQueueGenericReset
 .text.xQueueGenericCreateStatic
                0x08108a80       0xfa ./Middlewares/Third_Party/FreeRTOS/queue.o
                0x08108a80                xQueueGenericCreateStatic
 .text.xQueueGenericCreate
                0x08108b7a       0x76 ./Middlewares/Third_Party/FreeRTOS/queue.o
                0x08108b7a                xQueueGenericCreate
 .text.prvInitialiseNewQueue
                0x08108bf0       0x46 ./Middlewares/Third_Party/FreeRTOS/queue.o
 .text.prvInitialiseMutex
                0x08108c36       0x34 ./Middlewares/Third_Party/FreeRTOS/queue.o
 .text.xQueueCreateMutex
                0x08108c6a       0x30 ./Middlewares/Third_Party/FreeRTOS/queue.o
                0x08108c6a                xQueueCreateMutex
 .text.xQueueCreateMutexStatic
                0x08108c9a       0x36 ./Middlewares/Third_Party/FreeRTOS/queue.o
                0x08108c9a                xQueueCreateMutexStatic
 .text.xQueueGiveMutexRecursive
                0x08108cd0       0x6a ./Middlewares/Third_Party/FreeRTOS/queue.o
                0x08108cd0                xQueueGiveMutexRecursive
 .text.xQueueTakeMutexRecursive
                0x08108d3a       0x6e ./Middlewares/Third_Party/FreeRTOS/queue.o
                0x08108d3a                xQueueTakeMutexRecursive
 .text.xQueueGenericSend
                0x08108da8      0x204 ./Middlewares/Third_Party/FreeRTOS/queue.o
                0x08108da8                xQueueGenericSend
 .text.xQueueGenericSendFromISR
                0x08108fac      0x13c ./Middlewares/Third_Party/FreeRTOS/queue.o
                0x08108fac                xQueueGenericSendFromISR
 .text.xQueueReceive
                0x081090e8      0x1c4 ./Middlewares/Third_Party/FreeRTOS/queue.o
                0x081090e8                xQueueReceive
 .text.xQueueSemaphoreTake
                0x081092ac      0x220 ./Middlewares/Third_Party/FreeRTOS/queue.o
                0x081092ac                xQueueSemaphoreTake
 .text.xQueueReceiveFromISR
                0x081094cc      0x104 ./Middlewares/Third_Party/FreeRTOS/queue.o
                0x081094cc                xQueueReceiveFromISR
 .text.prvGetDisinheritPriorityAfterTimeout
                0x081095d0       0x30 ./Middlewares/Third_Party/FreeRTOS/queue.o
 .text.prvCopyDataToQueue
                0x08109600       0xd4 ./Middlewares/Third_Party/FreeRTOS/queue.o
 .text.prvCopyDataFromQueue
                0x081096d4       0x4c ./Middlewares/Third_Party/FreeRTOS/queue.o
 .text.prvUnlockQueue
                0x08109720       0xa4 ./Middlewares/Third_Party/FreeRTOS/queue.o
 .text.prvIsQueueEmpty
                0x081097c4       0x2c ./Middlewares/Third_Party/FreeRTOS/queue.o
 .text.prvIsQueueFull
                0x081097f0       0x30 ./Middlewares/Third_Party/FreeRTOS/queue.o
 .text.vQueueAddToRegistry
                0x08109820       0x54 ./Middlewares/Third_Party/FreeRTOS/queue.o
                0x08109820                vQueueAddToRegistry
 .text.vQueueWaitForMessageRestricted
                0x08109874       0x68 ./Middlewares/Third_Party/FreeRTOS/queue.o
                0x08109874                vQueueWaitForMessageRestricted
 .text.xTaskCreateStatic
                0x081098dc       0xc0 ./Middlewares/Third_Party/FreeRTOS/tasks.o
                0x081098dc                xTaskCreateStatic
 .text.xTaskCreate
                0x0810999c       0x8a ./Middlewares/Third_Party/FreeRTOS/tasks.o
                0x0810999c                xTaskCreate
 *fill*         0x08109a26        0x2 
 .text.prvInitialiseNewTask
                0x08109a28      0x150 ./Middlewares/Third_Party/FreeRTOS/tasks.o
 .text.prvAddNewTaskToReadyList
                0x08109b78       0xe0 ./Middlewares/Third_Party/FreeRTOS/tasks.o
 .text.vTaskDelay
                0x08109c58       0x6c ./Middlewares/Third_Party/FreeRTOS/tasks.o
                0x08109c58                vTaskDelay
 .text.vTaskStartScheduler
                0x08109cc4       0xe0 ./Middlewares/Third_Party/FreeRTOS/tasks.o
                0x08109cc4                vTaskStartScheduler
 .text.vTaskSuspendAll
                0x08109da4       0x1c ./Middlewares/Third_Party/FreeRTOS/tasks.o
                0x08109da4                vTaskSuspendAll
 .text.xTaskResumeAll
                0x08109dc0      0x13c ./Middlewares/Third_Party/FreeRTOS/tasks.o
                0x08109dc0                xTaskResumeAll
 .text.xTaskGetTickCount
                0x08109efc       0x20 ./Middlewares/Third_Party/FreeRTOS/tasks.o
                0x08109efc                xTaskGetTickCount
 .text.xTaskIncrementTick
                0x08109f1c      0x174 ./Middlewares/Third_Party/FreeRTOS/tasks.o
                0x08109f1c                xTaskIncrementTick
 .text.vTaskSwitchContext
                0x0810a090       0xcc ./Middlewares/Third_Party/FreeRTOS/tasks.o
                0x0810a090                vTaskSwitchContext
 .text.vTaskPlaceOnEventList
                0x0810a15c       0x4c ./Middlewares/Third_Party/FreeRTOS/tasks.o
                0x0810a15c                vTaskPlaceOnEventList
 .text.vTaskPlaceOnEventListRestricted
                0x0810a1a8       0x58 ./Middlewares/Third_Party/FreeRTOS/tasks.o
                0x0810a1a8                vTaskPlaceOnEventListRestricted
 .text.xTaskRemoveFromEventList
                0x0810a200       0xc8 ./Middlewares/Third_Party/FreeRTOS/tasks.o
                0x0810a200                xTaskRemoveFromEventList
 .text.vTaskInternalSetTimeOutState
                0x0810a2c8       0x2c ./Middlewares/Third_Party/FreeRTOS/tasks.o
                0x0810a2c8                vTaskInternalSetTimeOutState
 .text.xTaskCheckForTimeOut
                0x0810a2f4       0xc8 ./Middlewares/Third_Party/FreeRTOS/tasks.o
                0x0810a2f4                xTaskCheckForTimeOut
 .text.vTaskMissedYield
                0x0810a3bc       0x18 ./Middlewares/Third_Party/FreeRTOS/tasks.o
                0x0810a3bc                vTaskMissedYield
 .text.prvIdleTask
                0x0810a3d4       0x30 ./Middlewares/Third_Party/FreeRTOS/tasks.o
 .text.prvInitialiseTaskLists
                0x0810a404       0x80 ./Middlewares/Third_Party/FreeRTOS/tasks.o
 .text.prvCheckTasksWaitingTermination
                0x0810a484       0x5c ./Middlewares/Third_Party/FreeRTOS/tasks.o
 .text.prvDeleteTCB
                0x0810a4e0       0x6a ./Middlewares/Third_Party/FreeRTOS/tasks.o
 *fill*         0x0810a54a        0x2 
 .text.prvResetNextTaskUnblockTime
                0x0810a54c       0x40 ./Middlewares/Third_Party/FreeRTOS/tasks.o
 .text.xTaskGetCurrentTaskHandle
                0x0810a58c       0x20 ./Middlewares/Third_Party/FreeRTOS/tasks.o
                0x0810a58c                xTaskGetCurrentTaskHandle
 .text.xTaskGetSchedulerState
                0x0810a5ac       0x3c ./Middlewares/Third_Party/FreeRTOS/tasks.o
                0x0810a5ac                xTaskGetSchedulerState
 .text.xTaskPriorityInherit
                0x0810a5e8       0xd0 ./Middlewares/Third_Party/FreeRTOS/tasks.o
                0x0810a5e8                xTaskPriorityInherit
 .text.xTaskPriorityDisinherit
                0x0810a6b8       0xe0 ./Middlewares/Third_Party/FreeRTOS/tasks.o
                0x0810a6b8                xTaskPriorityDisinherit
 .text.vTaskPriorityDisinheritAfterTimeout
                0x0810a798      0x108 ./Middlewares/Third_Party/FreeRTOS/tasks.o
                0x0810a798                vTaskPriorityDisinheritAfterTimeout
 .text.pvTaskIncrementMutexHeldCount
                0x0810a8a0       0x28 ./Middlewares/Third_Party/FreeRTOS/tasks.o
                0x0810a8a0                pvTaskIncrementMutexHeldCount
 .text.prvAddCurrentTaskToDelayedList
                0x0810a8c8       0xa8 ./Middlewares/Third_Party/FreeRTOS/tasks.o
 .text.xTimerCreateTimerTask
                0x0810a970       0x94 ./Middlewares/Third_Party/FreeRTOS/timers.o
                0x0810a970                xTimerCreateTimerTask
 .text.xTimerGenericCommand
                0x0810aa04       0x9c ./Middlewares/Third_Party/FreeRTOS/timers.o
                0x0810aa04                xTimerGenericCommand
 .text.prvProcessExpiredTimer
                0x0810aaa0       0x9c ./Middlewares/Third_Party/FreeRTOS/timers.o
 .text.prvTimerTask
                0x0810ab3c       0x26 ./Middlewares/Third_Party/FreeRTOS/timers.o
 *fill*         0x0810ab62        0x2 
 .text.prvProcessTimerOrBlockTask
                0x0810ab64       0x9c ./Middlewares/Third_Party/FreeRTOS/timers.o
 .text.prvGetNextExpireTime
                0x0810ac00       0x48 ./Middlewares/Third_Party/FreeRTOS/timers.o
 .text.prvSampleTimeNow
                0x0810ac48       0x40 ./Middlewares/Third_Party/FreeRTOS/timers.o
 .text.prvInsertTimerInActiveList
                0x0810ac88       0x84 ./Middlewares/Third_Party/FreeRTOS/timers.o
 .text.prvProcessReceivedCommands
                0x0810ad0c      0x1cc ./Middlewares/Third_Party/FreeRTOS/timers.o
 .text.prvSwitchTimerLists
                0x0810aed8       0xcc ./Middlewares/Third_Party/FreeRTOS/timers.o
 .text.prvCheckForValidListAndQueue
                0x0810afa4       0x80 ./Middlewares/Third_Party/FreeRTOS/timers.o
 .text.__cvt    0x0810b024       0xca C:/ST/STM32CubeIDE_1.19.0/STM32CubeIDE/plugins/com.st.stm32cube.ide.mcu.externaltools.gnu-tools-for-stm32.13.3.rel1.win32_1.0.0.202411081344/tools/bin/../lib/gcc/arm-none-eabi/13.3.1/../../../../arm-none-eabi/lib/thumb/v7e-m+fp/hard\libc_nano.a(libc_a-nano-vfprintf_float.o)
                0x0810b024                __cvt
 .text.__exponent
                0x0810b0ee       0x74 C:/ST/STM32CubeIDE_1.19.0/STM32CubeIDE/plugins/com.st.stm32cube.ide.mcu.externaltools.gnu-tools-for-stm32.13.3.rel1.win32_1.0.0.202411081344/tools/bin/../lib/gcc/arm-none-eabi/13.3.1/../../../../arm-none-eabi/lib/thumb/v7e-m+fp/hard\libc_nano.a(libc_a-nano-vfprintf_float.o)
                0x0810b0ee                __exponent
 *fill*         0x0810b162        0x2 
 .text._printf_float
                0x0810b164      0x454 C:/ST/STM32CubeIDE_1.19.0/STM32CubeIDE/plugins/com.st.stm32cube.ide.mcu.externaltools.gnu-tools-for-stm32.13.3.rel1.win32_1.0.0.202411081344/tools/bin/../lib/gcc/arm-none-eabi/13.3.1/../../../../arm-none-eabi/lib/thumb/v7e-m+fp/hard\libc_nano.a(libc_a-nano-vfprintf_float.o)
                0x0810b164                _printf_float
 .text._printf_common
                0x0810b5b8       0xda C:/ST/STM32CubeIDE_1.19.0/STM32CubeIDE/plugins/com.st.stm32cube.ide.mcu.externaltools.gnu-tools-for-stm32.13.3.rel1.win32_1.0.0.202411081344/tools/bin/../lib/gcc/arm-none-eabi/13.3.1/../../../../arm-none-eabi/lib/thumb/v7e-m+fp/hard\libc_nano.a(libc_a-nano-vfprintf_i.o)
                0x0810b5b8                _printf_common
 *fill*         0x0810b692        0x2 
 .text._printf_i
                0x0810b694      0x23c C:/ST/STM32CubeIDE_1.19.0/STM32CubeIDE/plugins/com.st.stm32cube.ide.mcu.externaltools.gnu-tools-for-stm32.13.3.rel1.win32_1.0.0.202411081344/tools/bin/../lib/gcc/arm-none-eabi/13.3.1/../../../../arm-none-eabi/lib/thumb/v7e-m+fp/hard\libc_nano.a(libc_a-nano-vfprintf_i.o)
                0x0810b694                _printf_i
 .text.std      0x0810b8d0       0x6c C:/ST/STM32CubeIDE_1.19.0/STM32CubeIDE/plugins/com.st.stm32cube.ide.mcu.externaltools.gnu-tools-for-stm32.13.3.rel1.win32_1.0.0.202411081344/tools/bin/../lib/gcc/arm-none-eabi/13.3.1/../../../../arm-none-eabi/lib/thumb/v7e-m+fp/hard\libc_nano.a(libc_a-findfp.o)
 .text.stdio_exit_handler
                0x0810b93c       0x18 C:/ST/STM32CubeIDE_1.19.0/STM32CubeIDE/plugins/com.st.stm32cube.ide.mcu.externaltools.gnu-tools-for-stm32.13.3.rel1.win32_1.0.0.202411081344/tools/bin/../lib/gcc/arm-none-eabi/13.3.1/../../../../arm-none-eabi/lib/thumb/v7e-m+fp/hard\libc_nano.a(libc_a-findfp.o)
 .text.cleanup_stdio
                0x0810b954       0x40 C:/ST/STM32CubeIDE_1.19.0/STM32CubeIDE/plugins/com.st.stm32cube.ide.mcu.externaltools.gnu-tools-for-stm32.13.3.rel1.win32_1.0.0.202411081344/tools/bin/../lib/gcc/arm-none-eabi/13.3.1/../../../../arm-none-eabi/lib/thumb/v7e-m+fp/hard\libc_nano.a(libc_a-findfp.o)
 .text.global_stdio_init.part.0
                0x0810b994       0x3c C:/ST/STM32CubeIDE_1.19.0/STM32CubeIDE/plugins/com.st.stm32cube.ide.mcu.externaltools.gnu-tools-for-stm32.13.3.rel1.win32_1.0.0.202411081344/tools/bin/../lib/gcc/arm-none-eabi/13.3.1/../../../../arm-none-eabi/lib/thumb/v7e-m+fp/hard\libc_nano.a(libc_a-findfp.o)
 .text.__sfp_lock_acquire
                0x0810b9d0        0xc C:/ST/STM32CubeIDE_1.19.0/STM32CubeIDE/plugins/com.st.stm32cube.ide.mcu.externaltools.gnu-tools-for-stm32.13.3.rel1.win32_1.0.0.202411081344/tools/bin/../lib/gcc/arm-none-eabi/13.3.1/../../../../arm-none-eabi/lib/thumb/v7e-m+fp/hard\libc_nano.a(libc_a-findfp.o)
                0x0810b9d0                __sfp_lock_acquire
 .text.__sfp_lock_release
                0x0810b9dc        0xc C:/ST/STM32CubeIDE_1.19.0/STM32CubeIDE/plugins/com.st.stm32cube.ide.mcu.externaltools.gnu-tools-for-stm32.13.3.rel1.win32_1.0.0.202411081344/tools/bin/../lib/gcc/arm-none-eabi/13.3.1/../../../../arm-none-eabi/lib/thumb/v7e-m+fp/hard\libc_nano.a(libc_a-findfp.o)
                0x0810b9dc                __sfp_lock_release
 .text.__sinit  0x0810b9e8       0x30 C:/ST/STM32CubeIDE_1.19.0/STM32CubeIDE/plugins/com.st.stm32cube.ide.mcu.externaltools.gnu-tools-for-stm32.13.3.rel1.win32_1.0.0.202411081344/tools/bin/../lib/gcc/arm-none-eabi/13.3.1/../../../../arm-none-eabi/lib/thumb/v7e-m+fp/hard\libc_nano.a(libc_a-findfp.o)
                0x0810b9e8                __sinit
 .text._fwalk_sglue
                0x0810ba18       0x3c C:/ST/STM32CubeIDE_1.19.0/STM32CubeIDE/plugins/com.st.stm32cube.ide.mcu.externaltools.gnu-tools-for-stm32.13.3.rel1.win32_1.0.0.202411081344/tools/bin/../lib/gcc/arm-none-eabi/13.3.1/../../../../arm-none-eabi/lib/thumb/v7e-m+fp/hard\libc_nano.a(libc_a-fwalk.o)
                0x0810ba18                _fwalk_sglue
 .text.printf   0x0810ba54       0x24 C:/ST/STM32CubeIDE_1.19.0/STM32CubeIDE/plugins/com.st.stm32cube.ide.mcu.externaltools.gnu-tools-for-stm32.13.3.rel1.win32_1.0.0.202411081344/tools/bin/../lib/gcc/arm-none-eabi/13.3.1/../../../../arm-none-eabi/lib/thumb/v7e-m+fp/hard\libc_nano.a(libc_a-printf.o)
                0x0810ba54                iprintf
                0x0810ba54                printf
 .text.__sread  0x0810ba78       0x22 C:/ST/STM32CubeIDE_1.19.0/STM32CubeIDE/plugins/com.st.stm32cube.ide.mcu.externaltools.gnu-tools-for-stm32.13.3.rel1.win32_1.0.0.202411081344/tools/bin/../lib/gcc/arm-none-eabi/13.3.1/../../../../arm-none-eabi/lib/thumb/v7e-m+fp/hard\libc_nano.a(libc_a-stdio.o)
                0x0810ba78                __sread
 .text.__swrite
                0x0810ba9a       0x38 C:/ST/STM32CubeIDE_1.19.0/STM32CubeIDE/plugins/com.st.stm32cube.ide.mcu.externaltools.gnu-tools-for-stm32.13.3.rel1.win32_1.0.0.202411081344/tools/bin/../lib/gcc/arm-none-eabi/13.3.1/../../../../arm-none-eabi/lib/thumb/v7e-m+fp/hard\libc_nano.a(libc_a-stdio.o)
                0x0810ba9a                __swrite
 .text.__sseek  0x0810bad2       0x24 C:/ST/STM32CubeIDE_1.19.0/STM32CubeIDE/plugins/com.st.stm32cube.ide.mcu.externaltools.gnu-tools-for-stm32.13.3.rel1.win32_1.0.0.202411081344/tools/bin/../lib/gcc/arm-none-eabi/13.3.1/../../../../arm-none-eabi/lib/thumb/v7e-m+fp/hard\libc_nano.a(libc_a-stdio.o)
                0x0810bad2                __sseek
 .text.__sclose
                0x0810baf6        0x8 C:/ST/STM32CubeIDE_1.19.0/STM32CubeIDE/plugins/com.st.stm32cube.ide.mcu.externaltools.gnu-tools-for-stm32.13.3.rel1.win32_1.0.0.202411081344/tools/bin/../lib/gcc/arm-none-eabi/13.3.1/../../../../arm-none-eabi/lib/thumb/v7e-m+fp/hard\libc_nano.a(libc_a-stdio.o)
                0x0810baf6                __sclose
 .text.memset   0x0810bafe       0x10 C:/ST/STM32CubeIDE_1.19.0/STM32CubeIDE/plugins/com.st.stm32cube.ide.mcu.externaltools.gnu-tools-for-stm32.13.3.rel1.win32_1.0.0.202411081344/tools/bin/../lib/gcc/arm-none-eabi/13.3.1/../../../../arm-none-eabi/lib/thumb/v7e-m+fp/hard\libc_nano.a(libc_a-memset.o)
                0x0810bafe                memset
 *fill*         0x0810bb0e        0x2 
 .text._localeconv_r
                0x0810bb10        0x8 C:/ST/STM32CubeIDE_1.19.0/STM32CubeIDE/plugins/com.st.stm32cube.ide.mcu.externaltools.gnu-tools-for-stm32.13.3.rel1.win32_1.0.0.202411081344/tools/bin/../lib/gcc/arm-none-eabi/13.3.1/../../../../arm-none-eabi/lib/thumb/v7e-m+fp/hard\libc_nano.a(libc_a-localeconv.o)
                0x0810bb10                _localeconv_r
 .text._close_r
                0x0810bb18       0x20 C:/ST/STM32CubeIDE_1.19.0/STM32CubeIDE/plugins/com.st.stm32cube.ide.mcu.externaltools.gnu-tools-for-stm32.13.3.rel1.win32_1.0.0.202411081344/tools/bin/../lib/gcc/arm-none-eabi/13.3.1/../../../../arm-none-eabi/lib/thumb/v7e-m+fp/hard\libc_nano.a(libc_a-closer.o)
                0x0810bb18                _close_r
 .text._reclaim_reent
                0x0810bb38       0xbc C:/ST/STM32CubeIDE_1.19.0/STM32CubeIDE/plugins/com.st.stm32cube.ide.mcu.externaltools.gnu-tools-for-stm32.13.3.rel1.win32_1.0.0.202411081344/tools/bin/../lib/gcc/arm-none-eabi/13.3.1/../../../../arm-none-eabi/lib/thumb/v7e-m+fp/hard\libc_nano.a(libc_a-reent.o)
                0x0810bb38                _reclaim_reent
 .text._lseek_r
                0x0810bbf4       0x24 C:/ST/STM32CubeIDE_1.19.0/STM32CubeIDE/plugins/com.st.stm32cube.ide.mcu.externaltools.gnu-tools-for-stm32.13.3.rel1.win32_1.0.0.202411081344/tools/bin/../lib/gcc/arm-none-eabi/13.3.1/../../../../arm-none-eabi/lib/thumb/v7e-m+fp/hard\libc_nano.a(libc_a-lseekr.o)
                0x0810bbf4                _lseek_r
 .text._read_r  0x0810bc18       0x24 C:/ST/STM32CubeIDE_1.19.0/STM32CubeIDE/plugins/com.st.stm32cube.ide.mcu.externaltools.gnu-tools-for-stm32.13.3.rel1.win32_1.0.0.202411081344/tools/bin/../lib/gcc/arm-none-eabi/13.3.1/../../../../arm-none-eabi/lib/thumb/v7e-m+fp/hard\libc_nano.a(libc_a-readr.o)
                0x0810bc18                _read_r
 .text._write_r
                0x0810bc3c       0x24 C:/ST/STM32CubeIDE_1.19.0/STM32CubeIDE/plugins/com.st.stm32cube.ide.mcu.externaltools.gnu-tools-for-stm32.13.3.rel1.win32_1.0.0.202411081344/tools/bin/../lib/gcc/arm-none-eabi/13.3.1/../../../../arm-none-eabi/lib/thumb/v7e-m+fp/hard\libc_nano.a(libc_a-writer.o)
                0x0810bc3c                _write_r
 .text.__errno  0x0810bc60        0xc C:/ST/STM32CubeIDE_1.19.0/STM32CubeIDE/plugins/com.st.stm32cube.ide.mcu.externaltools.gnu-tools-for-stm32.13.3.rel1.win32_1.0.0.202411081344/tools/bin/../lib/gcc/arm-none-eabi/13.3.1/../../../../arm-none-eabi/lib/thumb/v7e-m+fp/hard\libc_nano.a(libc_a-errno.o)
                0x0810bc60                __errno
 .text.__libc_init_array
                0x0810bc6c       0x48 C:/ST/STM32CubeIDE_1.19.0/STM32CubeIDE/plugins/com.st.stm32cube.ide.mcu.externaltools.gnu-tools-for-stm32.13.3.rel1.win32_1.0.0.202411081344/tools/bin/../lib/gcc/arm-none-eabi/13.3.1/../../../../arm-none-eabi/lib/thumb/v7e-m+fp/hard\libc_nano.a(libc_a-init.o)
                0x0810bc6c                __libc_init_array
 .text.__retarget_lock_init_recursive
                0x0810bcb4        0x2 C:/ST/STM32CubeIDE_1.19.0/STM32CubeIDE/plugins/com.st.stm32cube.ide.mcu.externaltools.gnu-tools-for-stm32.13.3.rel1.win32_1.0.0.202411081344/tools/bin/../lib/gcc/arm-none-eabi/13.3.1/../../../../arm-none-eabi/lib/thumb/v7e-m+fp/hard\libc_nano.a(libc_a-lock.o)
                0x0810bcb4                __retarget_lock_init_recursive
 .text.__retarget_lock_acquire_recursive
                0x0810bcb6        0x2 C:/ST/STM32CubeIDE_1.19.0/STM32CubeIDE/plugins/com.st.stm32cube.ide.mcu.externaltools.gnu-tools-for-stm32.13.3.rel1.win32_1.0.0.202411081344/tools/bin/../lib/gcc/arm-none-eabi/13.3.1/../../../../arm-none-eabi/lib/thumb/v7e-m+fp/hard\libc_nano.a(libc_a-lock.o)
                0x0810bcb6                __retarget_lock_acquire_recursive
 .text.__retarget_lock_release_recursive
                0x0810bcb8        0x2 C:/ST/STM32CubeIDE_1.19.0/STM32CubeIDE/plugins/com.st.stm32cube.ide.mcu.externaltools.gnu-tools-for-stm32.13.3.rel1.win32_1.0.0.202411081344/tools/bin/../lib/gcc/arm-none-eabi/13.3.1/../../../../arm-none-eabi/lib/thumb/v7e-m+fp/hard\libc_nano.a(libc_a-lock.o)
                0x0810bcb8                __retarget_lock_release_recursive
 .text.memcpy   0x0810bcba       0x1c C:/ST/STM32CubeIDE_1.19.0/STM32CubeIDE/plugins/com.st.stm32cube.ide.mcu.externaltools.gnu-tools-for-stm32.13.3.rel1.win32_1.0.0.202411081344/tools/bin/../lib/gcc/arm-none-eabi/13.3.1/../../../../arm-none-eabi/lib/thumb/v7e-m+fp/hard\libc_nano.a(libc_a-memcpy-stub.o)
                0x0810bcba                memcpy
 .text.quorem   0x0810bcd6      0x110 C:/ST/STM32CubeIDE_1.19.0/STM32CubeIDE/plugins/com.st.stm32cube.ide.mcu.externaltools.gnu-tools-for-stm32.13.3.rel1.win32_1.0.0.202411081344/tools/bin/../lib/gcc/arm-none-eabi/13.3.1/../../../../arm-none-eabi/lib/thumb/v7e-m+fp/hard\libc_nano.a(libc_a-dtoa.o)
 *fill*         0x0810bde6        0x2 
 .text._dtoa_r  0x0810bde8      0xba0 C:/ST/STM32CubeIDE_1.19.0/STM32CubeIDE/plugins/com.st.stm32cube.ide.mcu.externaltools.gnu-tools-for-stm32.13.3.rel1.win32_1.0.0.202411081344/tools/bin/../lib/gcc/arm-none-eabi/13.3.1/../../../../arm-none-eabi/lib/thumb/v7e-m+fp/hard\libc_nano.a(libc_a-dtoa.o)
                0x0810bde8                _dtoa_r
 .text._free_r  0x0810c988       0x94 C:/ST/STM32CubeIDE_1.19.0/STM32CubeIDE/plugins/com.st.stm32cube.ide.mcu.externaltools.gnu-tools-for-stm32.13.3.rel1.win32_1.0.0.202411081344/tools/bin/../lib/gcc/arm-none-eabi/13.3.1/../../../../arm-none-eabi/lib/thumb/v7e-m+fp/hard\libc_nano.a(libc_a-freer.o)
                0x0810c988                _free_r
 .text.malloc   0x0810ca1c       0x10 C:/ST/STM32CubeIDE_1.19.0/STM32CubeIDE/plugins/com.st.stm32cube.ide.mcu.externaltools.gnu-tools-for-stm32.13.3.rel1.win32_1.0.0.202411081344/tools/bin/../lib/gcc/arm-none-eabi/13.3.1/../../../../arm-none-eabi/lib/thumb/v7e-m+fp/hard\libc_nano.a(libc_a-malloc.o)
                0x0810ca1c                malloc
 .text.sbrk_aligned
                0x0810ca2c       0x44 C:/ST/STM32CubeIDE_1.19.0/STM32CubeIDE/plugins/com.st.stm32cube.ide.mcu.externaltools.gnu-tools-for-stm32.13.3.rel1.win32_1.0.0.202411081344/tools/bin/../lib/gcc/arm-none-eabi/13.3.1/../../../../arm-none-eabi/lib/thumb/v7e-m+fp/hard\libc_nano.a(libc_a-mallocr.o)
 .text._malloc_r
                0x0810ca70      0x100 C:/ST/STM32CubeIDE_1.19.0/STM32CubeIDE/plugins/com.st.stm32cube.ide.mcu.externaltools.gnu-tools-for-stm32.13.3.rel1.win32_1.0.0.202411081344/tools/bin/../lib/gcc/arm-none-eabi/13.3.1/../../../../arm-none-eabi/lib/thumb/v7e-m+fp/hard\libc_nano.a(libc_a-mallocr.o)
                0x0810ca70                _malloc_r
 .text.__malloc_lock
                0x0810cb70        0xc C:/ST/STM32CubeIDE_1.19.0/STM32CubeIDE/plugins/com.st.stm32cube.ide.mcu.externaltools.gnu-tools-for-stm32.13.3.rel1.win32_1.0.0.202411081344/tools/bin/../lib/gcc/arm-none-eabi/13.3.1/../../../../arm-none-eabi/lib/thumb/v7e-m+fp/hard\libc_nano.a(libc_a-mlock.o)
                0x0810cb70                __malloc_lock
 .text.__malloc_unlock
                0x0810cb7c        0xc C:/ST/STM32CubeIDE_1.19.0/STM32CubeIDE/plugins/com.st.stm32cube.ide.mcu.externaltools.gnu-tools-for-stm32.13.3.rel1.win32_1.0.0.202411081344/tools/bin/../lib/gcc/arm-none-eabi/13.3.1/../../../../arm-none-eabi/lib/thumb/v7e-m+fp/hard\libc_nano.a(libc_a-mlock.o)
                0x0810cb7c                __malloc_unlock
 .text._Balloc  0x0810cb88       0x80 C:/ST/STM32CubeIDE_1.19.0/STM32CubeIDE/plugins/com.st.stm32cube.ide.mcu.externaltools.gnu-tools-for-stm32.13.3.rel1.win32_1.0.0.202411081344/tools/bin/../lib/gcc/arm-none-eabi/13.3.1/../../../../arm-none-eabi/lib/thumb/v7e-m+fp/hard\libc_nano.a(libc_a-mprec.o)
                0x0810cb88                _Balloc
 .text._Bfree   0x0810cc08       0x44 C:/ST/STM32CubeIDE_1.19.0/STM32CubeIDE/plugins/com.st.stm32cube.ide.mcu.externaltools.gnu-tools-for-stm32.13.3.rel1.win32_1.0.0.202411081344/tools/bin/../lib/gcc/arm-none-eabi/13.3.1/../../../../arm-none-eabi/lib/thumb/v7e-m+fp/hard\libc_nano.a(libc_a-mprec.o)
                0x0810cc08                _Bfree
 .text.__multadd
                0x0810cc4c       0x8c C:/ST/STM32CubeIDE_1.19.0/STM32CubeIDE/plugins/com.st.stm32cube.ide.mcu.externaltools.gnu-tools-for-stm32.13.3.rel1.win32_1.0.0.202411081344/tools/bin/../lib/gcc/arm-none-eabi/13.3.1/../../../../arm-none-eabi/lib/thumb/v7e-m+fp/hard\libc_nano.a(libc_a-mprec.o)
                0x0810cc4c                __multadd
 .text.__hi0bits
                0x0810ccd8       0x3e C:/ST/STM32CubeIDE_1.19.0/STM32CubeIDE/plugins/com.st.stm32cube.ide.mcu.externaltools.gnu-tools-for-stm32.13.3.rel1.win32_1.0.0.202411081344/tools/bin/../lib/gcc/arm-none-eabi/13.3.1/../../../../arm-none-eabi/lib/thumb/v7e-m+fp/hard\libc_nano.a(libc_a-mprec.o)
                0x0810ccd8                __hi0bits
 .text.__lo0bits
                0x0810cd16       0x5a C:/ST/STM32CubeIDE_1.19.0/STM32CubeIDE/plugins/com.st.stm32cube.ide.mcu.externaltools.gnu-tools-for-stm32.13.3.rel1.win32_1.0.0.202411081344/tools/bin/../lib/gcc/arm-none-eabi/13.3.1/../../../../arm-none-eabi/lib/thumb/v7e-m+fp/hard\libc_nano.a(libc_a-mprec.o)
                0x0810cd16                __lo0bits
 .text.__i2b    0x0810cd70       0x2c C:/ST/STM32CubeIDE_1.19.0/STM32CubeIDE/plugins/com.st.stm32cube.ide.mcu.externaltools.gnu-tools-for-stm32.13.3.rel1.win32_1.0.0.202411081344/tools/bin/../lib/gcc/arm-none-eabi/13.3.1/../../../../arm-none-eabi/lib/thumb/v7e-m+fp/hard\libc_nano.a(libc_a-mprec.o)
                0x0810cd70                __i2b
 .text.__multiply
                0x0810cd9c      0x144 C:/ST/STM32CubeIDE_1.19.0/STM32CubeIDE/plugins/com.st.stm32cube.ide.mcu.externaltools.gnu-tools-for-stm32.13.3.rel1.win32_1.0.0.202411081344/tools/bin/../lib/gcc/arm-none-eabi/13.3.1/../../../../arm-none-eabi/lib/thumb/v7e-m+fp/hard\libc_nano.a(libc_a-mprec.o)
                0x0810cd9c                __multiply
 .text.__pow5mult
                0x0810cee0       0xb4 C:/ST/STM32CubeIDE_1.19.0/STM32CubeIDE/plugins/com.st.stm32cube.ide.mcu.externaltools.gnu-tools-for-stm32.13.3.rel1.win32_1.0.0.202411081344/tools/bin/../lib/gcc/arm-none-eabi/13.3.1/../../../../arm-none-eabi/lib/thumb/v7e-m+fp/hard\libc_nano.a(libc_a-mprec.o)
                0x0810cee0                __pow5mult
 .text.__lshift
                0x0810cf94       0xd8 C:/ST/STM32CubeIDE_1.19.0/STM32CubeIDE/plugins/com.st.stm32cube.ide.mcu.externaltools.gnu-tools-for-stm32.13.3.rel1.win32_1.0.0.202411081344/tools/bin/../lib/gcc/arm-none-eabi/13.3.1/../../../../arm-none-eabi/lib/thumb/v7e-m+fp/hard\libc_nano.a(libc_a-mprec.o)
                0x0810cf94                __lshift
 .text.__mcmp   0x0810d06c       0x36 C:/ST/STM32CubeIDE_1.19.0/STM32CubeIDE/plugins/com.st.stm32cube.ide.mcu.externaltools.gnu-tools-for-stm32.13.3.rel1.win32_1.0.0.202411081344/tools/bin/../lib/gcc/arm-none-eabi/13.3.1/../../../../arm-none-eabi/lib/thumb/v7e-m+fp/hard\libc_nano.a(libc_a-mprec.o)
                0x0810d06c                __mcmp
 *fill*         0x0810d0a2        0x2 
 .text.__mdiff  0x0810d0a4      0x128 C:/ST/STM32CubeIDE_1.19.0/STM32CubeIDE/plugins/com.st.stm32cube.ide.mcu.externaltools.gnu-tools-for-stm32.13.3.rel1.win32_1.0.0.202411081344/tools/bin/../lib/gcc/arm-none-eabi/13.3.1/../../../../arm-none-eabi/lib/thumb/v7e-m+fp/hard\libc_nano.a(libc_a-mprec.o)
                0x0810d0a4                __mdiff
 .text.__d2b    0x0810d1cc       0xb0 C:/ST/STM32CubeIDE_1.19.0/STM32CubeIDE/plugins/com.st.stm32cube.ide.mcu.externaltools.gnu-tools-for-stm32.13.3.rel1.win32_1.0.0.202411081344/tools/bin/../lib/gcc/arm-none-eabi/13.3.1/../../../../arm-none-eabi/lib/thumb/v7e-m+fp/hard\libc_nano.a(libc_a-mprec.o)
                0x0810d1cc                __d2b
 .text.__sfputc_r
                0x0810d27c       0x2e C:/ST/STM32CubeIDE_1.19.0/STM32CubeIDE/plugins/com.st.stm32cube.ide.mcu.externaltools.gnu-tools-for-stm32.13.3.rel1.win32_1.0.0.202411081344/tools/bin/../lib/gcc/arm-none-eabi/13.3.1/../../../../arm-none-eabi/lib/thumb/v7e-m+fp/hard\libc_nano.a(libc_a-nano-vfprintf.o)
 .text.__sfputs_r
                0x0810d2aa       0x24 C:/ST/STM32CubeIDE_1.19.0/STM32CubeIDE/plugins/com.st.stm32cube.ide.mcu.externaltools.gnu-tools-for-stm32.13.3.rel1.win32_1.0.0.202411081344/tools/bin/../lib/gcc/arm-none-eabi/13.3.1/../../../../arm-none-eabi/lib/thumb/v7e-m+fp/hard\libc_nano.a(libc_a-nano-vfprintf.o)
                0x0810d2aa                __sfputs_r
 *fill*         0x0810d2ce        0x2 
 .text._vfprintf_r
                0x0810d2d0      0x230 C:/ST/STM32CubeIDE_1.19.0/STM32CubeIDE/plugins/com.st.stm32cube.ide.mcu.externaltools.gnu-tools-for-stm32.13.3.rel1.win32_1.0.0.202411081344/tools/bin/../lib/gcc/arm-none-eabi/13.3.1/../../../../arm-none-eabi/lib/thumb/v7e-m+fp/hard\libc_nano.a(libc_a-nano-vfprintf.o)
                0x0810d2d0                _vfprintf_r
                0x0810d2d0                _vfiprintf_r
 .text.__sflush_r
                0x0810d500      0x108 C:/ST/STM32CubeIDE_1.19.0/STM32CubeIDE/plugins/com.st.stm32cube.ide.mcu.externaltools.gnu-tools-for-stm32.13.3.rel1.win32_1.0.0.202411081344/tools/bin/../lib/gcc/arm-none-eabi/13.3.1/../../../../arm-none-eabi/lib/thumb/v7e-m+fp/hard\libc_nano.a(libc_a-fflush.o)
                0x0810d500                __sflush_r
 .text._fflush_r
                0x0810d608       0x50 C:/ST/STM32CubeIDE_1.19.0/STM32CubeIDE/plugins/com.st.stm32cube.ide.mcu.externaltools.gnu-tools-for-stm32.13.3.rel1.win32_1.0.0.202411081344/tools/bin/../lib/gcc/arm-none-eabi/13.3.1/../../../../arm-none-eabi/lib/thumb/v7e-m+fp/hard\libc_nano.a(libc_a-fflush.o)
                0x0810d608                _fflush_r
 .text.__swbuf_r
                0x0810d658       0x7c C:/ST/STM32CubeIDE_1.19.0/STM32CubeIDE/plugins/com.st.stm32cube.ide.mcu.externaltools.gnu-tools-for-stm32.13.3.rel1.win32_1.0.0.202411081344/tools/bin/../lib/gcc/arm-none-eabi/13.3.1/../../../../arm-none-eabi/lib/thumb/v7e-m+fp/hard\libc_nano.a(libc_a-wbuf.o)
                0x0810d658                __swbuf_r
 .text.__swsetup_r
                0x0810d6d4       0xac C:/ST/STM32CubeIDE_1.19.0/STM32CubeIDE/plugins/com.st.stm32cube.ide.mcu.externaltools.gnu-tools-for-stm32.13.3.rel1.win32_1.0.0.202411081344/tools/bin/../lib/gcc/arm-none-eabi/13.3.1/../../../../arm-none-eabi/lib/thumb/v7e-m+fp/hard\libc_nano.a(libc_a-wsetup.o)
                0x0810d6d4                __swsetup_r
 .text._sbrk_r  0x0810d780       0x20 C:/ST/STM32CubeIDE_1.19.0/STM32CubeIDE/plugins/com.st.stm32cube.ide.mcu.externaltools.gnu-tools-for-stm32.13.3.rel1.win32_1.0.0.202411081344/tools/bin/../lib/gcc/arm-none-eabi/13.3.1/../../../../arm-none-eabi/lib/thumb/v7e-m+fp/hard\libc_nano.a(libc_a-sbrkr.o)
                0x0810d780                _sbrk_r
 .text.__assert_func
                0x0810d7a0       0x3c C:/ST/STM32CubeIDE_1.19.0/STM32CubeIDE/plugins/com.st.stm32cube.ide.mcu.externaltools.gnu-tools-for-stm32.13.3.rel1.win32_1.0.0.202411081344/tools/bin/../lib/gcc/arm-none-eabi/13.3.1/../../../../arm-none-eabi/lib/thumb/v7e-m+fp/hard\libc_nano.a(libc_a-assert.o)
                0x0810d7a0                __assert_func
 .text._calloc_r
                0x0810d7dc       0x28 C:/ST/STM32CubeIDE_1.19.0/STM32CubeIDE/plugins/com.st.stm32cube.ide.mcu.externaltools.gnu-tools-for-stm32.13.3.rel1.win32_1.0.0.202411081344/tools/bin/../lib/gcc/arm-none-eabi/13.3.1/../../../../arm-none-eabi/lib/thumb/v7e-m+fp/hard\libc_nano.a(libc_a-callocr.o)
                0x0810d7dc                _calloc_r
 .text.__ascii_mbtowc
                0x0810d804       0x24 C:/ST/STM32CubeIDE_1.19.0/STM32CubeIDE/plugins/com.st.stm32cube.ide.mcu.externaltools.gnu-tools-for-stm32.13.3.rel1.win32_1.0.0.202411081344/tools/bin/../lib/gcc/arm-none-eabi/13.3.1/../../../../arm-none-eabi/lib/thumb/v7e-m+fp/hard\libc_nano.a(libc_a-mbtowc_r.o)
                0x0810d804                __ascii_mbtowc
 .text.__ascii_wctomb
                0x0810d828       0x1a C:/ST/STM32CubeIDE_1.19.0/STM32CubeIDE/plugins/com.st.stm32cube.ide.mcu.externaltools.gnu-tools-for-stm32.13.3.rel1.win32_1.0.0.202411081344/tools/bin/../lib/gcc/arm-none-eabi/13.3.1/../../../../arm-none-eabi/lib/thumb/v7e-m+fp/hard\libc_nano.a(libc_a-wctomb_r.o)
                0x0810d828                __ascii_wctomb
 *fill*         0x0810d842        0x2 
 .text.fprintf  0x0810d844       0x24 C:/ST/STM32CubeIDE_1.19.0/STM32CubeIDE/plugins/com.st.stm32cube.ide.mcu.externaltools.gnu-tools-for-stm32.13.3.rel1.win32_1.0.0.202411081344/tools/bin/../lib/gcc/arm-none-eabi/13.3.1/../../../../arm-none-eabi/lib/thumb/v7e-m+fp/hard\libc_nano.a(libc_a-fprintf.o)
                0x0810d844                fiprintf
                0x0810d844                fprintf
 .text.__swhatbuf_r
                0x0810d868       0x4c C:/ST/STM32CubeIDE_1.19.0/STM32CubeIDE/plugins/com.st.stm32cube.ide.mcu.externaltools.gnu-tools-for-stm32.13.3.rel1.win32_1.0.0.202411081344/tools/bin/../lib/gcc/arm-none-eabi/13.3.1/../../../../arm-none-eabi/lib/thumb/v7e-m+fp/hard\libc_nano.a(libc_a-makebuf.o)
                0x0810d868                __swhatbuf_r
 .text.__smakebuf_r
                0x0810d8b4       0x78 C:/ST/STM32CubeIDE_1.19.0/STM32CubeIDE/plugins/com.st.stm32cube.ide.mcu.externaltools.gnu-tools-for-stm32.13.3.rel1.win32_1.0.0.202411081344/tools/bin/../lib/gcc/arm-none-eabi/13.3.1/../../../../arm-none-eabi/lib/thumb/v7e-m+fp/hard\libc_nano.a(libc_a-makebuf.o)
                0x0810d8b4                __smakebuf_r
 .text._fstat_r
                0x0810d92c       0x24 C:/ST/STM32CubeIDE_1.19.0/STM32CubeIDE/plugins/com.st.stm32cube.ide.mcu.externaltools.gnu-tools-for-stm32.13.3.rel1.win32_1.0.0.202411081344/tools/bin/../lib/gcc/arm-none-eabi/13.3.1/../../../../arm-none-eabi/lib/thumb/v7e-m+fp/hard\libc_nano.a(libc_a-fstatr.o)
                0x0810d92c                _fstat_r
 .text._isatty_r
                0x0810d950       0x20 C:/ST/STM32CubeIDE_1.19.0/STM32CubeIDE/plugins/com.st.stm32cube.ide.mcu.externaltools.gnu-tools-for-stm32.13.3.rel1.win32_1.0.0.202411081344/tools/bin/../lib/gcc/arm-none-eabi/13.3.1/../../../../arm-none-eabi/lib/thumb/v7e-m+fp/hard\libc_nano.a(libc_a-isattyr.o)
                0x0810d950                _isatty_r
 .text.abort    0x0810d970        0xe C:/ST/STM32CubeIDE_1.19.0/STM32CubeIDE/plugins/com.st.stm32cube.ide.mcu.externaltools.gnu-tools-for-stm32.13.3.rel1.win32_1.0.0.202411081344/tools/bin/../lib/gcc/arm-none-eabi/13.3.1/../../../../arm-none-eabi/lib/thumb/v7e-m+fp/hard\libc_nano.a(libc_a-abort.o)
                0x0810d970                abort
 .text._raise_r
                0x0810d97e       0x50 C:/ST/STM32CubeIDE_1.19.0/STM32CubeIDE/plugins/com.st.stm32cube.ide.mcu.externaltools.gnu-tools-for-stm32.13.3.rel1.win32_1.0.0.202411081344/tools/bin/../lib/gcc/arm-none-eabi/13.3.1/../../../../arm-none-eabi/lib/thumb/v7e-m+fp/hard\libc_nano.a(libc_a-signal.o)
                0x0810d97e                _raise_r
 *fill*         0x0810d9ce        0x2 
 .text.raise    0x0810d9d0       0x10 C:/ST/STM32CubeIDE_1.19.0/STM32CubeIDE/plugins/com.st.stm32cube.ide.mcu.externaltools.gnu-tools-for-stm32.13.3.rel1.win32_1.0.0.202411081344/tools/bin/../lib/gcc/arm-none-eabi/13.3.1/../../../../arm-none-eabi/lib/thumb/v7e-m+fp/hard\libc_nano.a(libc_a-signal.o)
                0x0810d9d0                raise
 .text._kill_r  0x0810d9e0       0x24 C:/ST/STM32CubeIDE_1.19.0/STM32CubeIDE/plugins/com.st.stm32cube.ide.mcu.externaltools.gnu-tools-for-stm32.13.3.rel1.win32_1.0.0.202411081344/tools/bin/../lib/gcc/arm-none-eabi/13.3.1/../../../../arm-none-eabi/lib/thumb/v7e-m+fp/hard\libc_nano.a(libc_a-signalr.o)
                0x0810d9e0                _kill_r
 .text._getpid_r
                0x0810da04        0x4 C:/ST/STM32CubeIDE_1.19.0/STM32CubeIDE/plugins/com.st.stm32cube.ide.mcu.externaltools.gnu-tools-for-stm32.13.3.rel1.win32_1.0.0.202411081344/tools/bin/../lib/gcc/arm-none-eabi/13.3.1/../../../../arm-none-eabi/lib/thumb/v7e-m+fp/hard\libc_nano.a(libc_a-signalr.o)
                0x0810da04                _getpid_r
 *(.glue_7)
 .glue_7        0x0810da08        0x0 linker stubs
 *(.glue_7t)
 .glue_7t       0x0810da08        0x0 linker stubs
 *(.eh_frame)
 .eh_frame      0x0810da08        0x0 C:/ST/STM32CubeIDE_1.19.0/STM32CubeIDE/plugins/com.st.stm32cube.ide.mcu.externaltools.gnu-tools-for-stm32.13.3.rel1.win32_1.0.0.202411081344/tools/bin/../lib/gcc/arm-none-eabi/13.3.1/thumb/v7e-m+fp/hard/crtbegin.o
 *(.init)
 .init          0x0810da08        0x4 C:/ST/STM32CubeIDE_1.19.0/STM32CubeIDE/plugins/com.st.stm32cube.ide.mcu.externaltools.gnu-tools-for-stm32.13.3.rel1.win32_1.0.0.202411081344/tools/bin/../lib/gcc/arm-none-eabi/13.3.1/thumb/v7e-m+fp/hard/crti.o
                0x0810da08                _init
 .init          0x0810da0c        0x8 C:/ST/STM32CubeIDE_1.19.0/STM32CubeIDE/plugins/com.st.stm32cube.ide.mcu.externaltools.gnu-tools-for-stm32.13.3.rel1.win32_1.0.0.202411081344/tools/bin/../lib/gcc/arm-none-eabi/13.3.1/thumb/v7e-m+fp/hard/crtn.o
 *(.fini)
 .fini          0x0810da14        0x4 C:/ST/STM32CubeIDE_1.19.0/STM32CubeIDE/plugins/com.st.stm32cube.ide.mcu.externaltools.gnu-tools-for-stm32.13.3.rel1.win32_1.0.0.202411081344/tools/bin/../lib/gcc/arm-none-eabi/13.3.1/thumb/v7e-m+fp/hard/crti.o
                0x0810da14                _fini
 .fini          0x0810da18        0x8 C:/ST/STM32CubeIDE_1.19.0/STM32CubeIDE/plugins/com.st.stm32cube.ide.mcu.externaltools.gnu-tools-for-stm32.13.3.rel1.win32_1.0.0.202411081344/tools/bin/../lib/gcc/arm-none-eabi/13.3.1/thumb/v7e-m+fp/hard/crtn.o
                0x0810da20                        . = ALIGN (0x4)
                0x0810da20                        _etext = .

.vfp11_veneer   0x0810da20        0x0
 .vfp11_veneer  0x0810da20        0x0 linker stubs

.v4_bx          0x0810da20        0x0
 .v4_bx         0x0810da20        0x0 linker stubs

.iplt           0x0810da20        0x0
 .iplt          0x0810da20        0x0 C:/ST/STM32CubeIDE_1.19.0/STM32CubeIDE/plugins/com.st.stm32cube.ide.mcu.externaltools.gnu-tools-for-stm32.13.3.rel1.win32_1.0.0.202411081344/tools/bin/../lib/gcc/arm-none-eabi/13.3.1/thumb/v7e-m+fp/hard/crtbegin.o

.rodata         0x0810da20      0x484
                0x0810da20                        . = ALIGN (0x4)
 *(.rodata)
 .rodata        0x0810da20       0x4f ./Core/Src/main.o
 *fill*         0x0810da6f        0x1 
 .rodata        0x0810da70        0x5 ./Middlewares/Third_Party/FreeRTOS/tasks.o
 *fill*         0x0810da75        0x3 
 .rodata        0x0810da78        0xd ./Middlewares/Third_Party/FreeRTOS/timers.o
 *(.rodata*)
 *fill*         0x0810da85        0x3 
 .rodata.D1CorePrescTable
                0x0810da88       0x10 ./Common/Src/system_stm32h7xx_dualcore_boot_cm4_cm7.o
                0x0810da88                D1CorePrescTable
 .rodata.defaultTask_attributes
                0x0810da98       0x24 ./Core/Src/main.o
                0x0810da98                defaultTask_attributes
 .rodata.Print_attributes
                0x0810dabc       0x24 ./Core/Src/main.o
                0x0810dabc                Print_attributes
 .rodata.QueueSerial_attributes
                0x0810dae0       0x18 ./Core/Src/main.o
                0x0810dae0                QueueSerial_attributes
 .rodata.printfMutex_attributes
                0x0810daf8       0x10 ./Core/Src/main.o
                0x0810daf8                printfMutex_attributes
 .rodata.UARTPrescTable
                0x0810db08       0x18 ./Drivers/STM32H7xx_HAL_Driver/stm32h7xx_hal_uart.o
                0x0810db08                UARTPrescTable
 .rodata.numerator.1
                0x0810db20        0x8 ./Drivers/STM32H7xx_HAL_Driver/stm32h7xx_hal_uart_ex.o
 .rodata.denominator.0
                0x0810db28        0x8 ./Drivers/STM32H7xx_HAL_Driver/stm32h7xx_hal_uart_ex.o
 .rodata._printf_float.str1.1
                0x0810db30      0x171 C:/ST/STM32CubeIDE_1.19.0/STM32CubeIDE/plugins/com.st.stm32cube.ide.mcu.externaltools.gnu-tools-for-stm32.13.3.rel1.win32_1.0.0.202411081344/tools/bin/../lib/gcc/arm-none-eabi/13.3.1/../../../../arm-none-eabi/lib/thumb/v7e-m+fp/hard\libc_nano.a(libc_a-nano-vfprintf_float.o)
                                 0x12 (size before relaxing)
 .rodata._printf_i.str1.1
                0x0810dca1       0x22 C:/ST/STM32CubeIDE_1.19.0/STM32CubeIDE/plugins/com.st.stm32cube.ide.mcu.externaltools.gnu-tools-for-stm32.13.3.rel1.win32_1.0.0.202411081344/tools/bin/../lib/gcc/arm-none-eabi/13.3.1/../../../../arm-none-eabi/lib/thumb/v7e-m+fp/hard\libc_nano.a(libc_a-nano-vfprintf_i.o)
 .rodata._dtoa_r.str1.1
                0x0810dca1       0x8f C:/ST/STM32CubeIDE_1.19.0/STM32CubeIDE/plugins/com.st.stm32cube.ide.mcu.externaltools.gnu-tools-for-stm32.13.3.rel1.win32_1.0.0.202411081344/tools/bin/../lib/gcc/arm-none-eabi/13.3.1/../../../../arm-none-eabi/lib/thumb/v7e-m+fp/hard\libc_nano.a(libc_a-dtoa.o)
 .rodata._Balloc.str1.1
                0x0810dca1       0x70 C:/ST/STM32CubeIDE_1.19.0/STM32CubeIDE/plugins/com.st.stm32cube.ide.mcu.externaltools.gnu-tools-for-stm32.13.3.rel1.win32_1.0.0.202411081344/tools/bin/../lib/gcc/arm-none-eabi/13.3.1/../../../../arm-none-eabi/lib/thumb/v7e-m+fp/hard\libc_nano.a(libc_a-mprec.o)
 .rodata.__multadd.str1.1
                0x0810dca1       0x11 C:/ST/STM32CubeIDE_1.19.0/STM32CubeIDE/plugins/com.st.stm32cube.ide.mcu.externaltools.gnu-tools-for-stm32.13.3.rel1.win32_1.0.0.202411081344/tools/bin/../lib/gcc/arm-none-eabi/13.3.1/../../../../arm-none-eabi/lib/thumb/v7e-m+fp/hard\libc_nano.a(libc_a-mprec.o)
 *fill*         0x0810dca1        0x3 
 .rodata.p05.0  0x0810dca4        0xc C:/ST/STM32CubeIDE_1.19.0/STM32CubeIDE/plugins/com.st.stm32cube.ide.mcu.externaltools.gnu-tools-for-stm32.13.3.rel1.win32_1.0.0.202411081344/tools/bin/../lib/gcc/arm-none-eabi/13.3.1/../../../../arm-none-eabi/lib/thumb/v7e-m+fp/hard\libc_nano.a(libc_a-mprec.o)
 .rodata.__mprec_bigtens
                0x0810dcb0       0x28 C:/ST/STM32CubeIDE_1.19.0/STM32CubeIDE/plugins/com.st.stm32cube.ide.mcu.externaltools.gnu-tools-for-stm32.13.3.rel1.win32_1.0.0.202411081344/tools/bin/../lib/gcc/arm-none-eabi/13.3.1/../../../../arm-none-eabi/lib/thumb/v7e-m+fp/hard\libc_nano.a(libc_a-mprec.o)
                0x0810dcb0                __mprec_bigtens
 .rodata.__mprec_tens
                0x0810dcd8       0xc8 C:/ST/STM32CubeIDE_1.19.0/STM32CubeIDE/plugins/com.st.stm32cube.ide.mcu.externaltools.gnu-tools-for-stm32.13.3.rel1.win32_1.0.0.202411081344/tools/bin/../lib/gcc/arm-none-eabi/13.3.1/../../../../arm-none-eabi/lib/thumb/v7e-m+fp/hard\libc_nano.a(libc_a-mprec.o)
                0x0810dcd8                __mprec_tens
 .rodata._vfprintf_r.str1.1
                0x0810dda0       0x11 C:/ST/STM32CubeIDE_1.19.0/STM32CubeIDE/plugins/com.st.stm32cube.ide.mcu.externaltools.gnu-tools-for-stm32.13.3.rel1.win32_1.0.0.202411081344/tools/bin/../lib/gcc/arm-none-eabi/13.3.1/../../../../arm-none-eabi/lib/thumb/v7e-m+fp/hard\libc_nano.a(libc_a-nano-vfprintf.o)
 .rodata._setlocale_r.str1.1
                0x0810dda0        0x9 C:/ST/STM32CubeIDE_1.19.0/STM32CubeIDE/plugins/com.st.stm32cube.ide.mcu.externaltools.gnu-tools-for-stm32.13.3.rel1.win32_1.0.0.202411081344/tools/bin/../lib/gcc/arm-none-eabi/13.3.1/../../../../arm-none-eabi/lib/thumb/v7e-m+fp/hard\libc_nano.a(libc_a-locale.o)
 .rodata.str1.1
                0x0810dda0        0x2 C:/ST/STM32CubeIDE_1.19.0/STM32CubeIDE/plugins/com.st.stm32cube.ide.mcu.externaltools.gnu-tools-for-stm32.13.3.rel1.win32_1.0.0.202411081344/tools/bin/../lib/gcc/arm-none-eabi/13.3.1/../../../../arm-none-eabi/lib/thumb/v7e-m+fp/hard\libc_nano.a(libc_a-locale.o)
 .rodata.__assert_func.str1.1
                0x0810dda0       0x3d C:/ST/STM32CubeIDE_1.19.0/STM32CubeIDE/plugins/com.st.stm32cube.ide.mcu.externaltools.gnu-tools-for-stm32.13.3.rel1.win32_1.0.0.202411081344/tools/bin/../lib/gcc/arm-none-eabi/13.3.1/../../../../arm-none-eabi/lib/thumb/v7e-m+fp/hard\libc_nano.a(libc_a-assert.o)
 .rodata._ctype_
                0x0810dda0      0x101 C:/ST/STM32CubeIDE_1.19.0/STM32CubeIDE/plugins/com.st.stm32cube.ide.mcu.externaltools.gnu-tools-for-stm32.13.3.rel1.win32_1.0.0.202411081344/tools/bin/../lib/gcc/arm-none-eabi/13.3.1/../../../../arm-none-eabi/lib/thumb/v7e-m+fp/hard\libc_nano.a(libc_a-ctype_.o)
                0x0810dda0                _ctype_
                0x0810dea4                        . = ALIGN (0x4)
 *fill*         0x0810dea1        0x3 

.ARM.extab
 *(.ARM.extab* .gnu.linkonce.armextab.*)

.ARM            0x0810dea4        0x8
                0x0810dea4                        __exidx_start = .
 *(.ARM.exidx*)
 .ARM.exidx     0x0810dea4        0x8 C:/ST/STM32CubeIDE_1.19.0/STM32CubeIDE/plugins/com.st.stm32cube.ide.mcu.externaltools.gnu-tools-for-stm32.13.3.rel1.win32_1.0.0.202411081344/tools/bin/../lib/gcc/arm-none-eabi/13.3.1/../../../../arm-none-eabi/lib/thumb/v7e-m+fp/hard\libc_nano.a(libc_a-memchr.o)
 .ARM.exidx     0x0810deac        0x0 C:/ST/STM32CubeIDE_1.19.0/STM32CubeIDE/plugins/com.st.stm32cube.ide.mcu.externaltools.gnu-tools-for-stm32.13.3.rel1.win32_1.0.0.202411081344/tools/bin/../lib/gcc/arm-none-eabi/13.3.1/../../../../arm-none-eabi/lib/thumb/v7e-m+fp/hard\libc_nano.a(libc_a-strlen.o)
                                  0x8 (size before relaxing)
 .ARM.exidx     0x0810deac        0x0 C:/ST/STM32CubeIDE_1.19.0/STM32CubeIDE/plugins/com.st.stm32cube.ide.mcu.externaltools.gnu-tools-for-stm32.13.3.rel1.win32_1.0.0.202411081344/tools/bin/../lib/gcc/arm-none-eabi/13.3.1/thumb/v7e-m+fp/hard\libgcc.a(_udivmoddi4.o)
                                  0x8 (size before relaxing)
                0x0810deac                        __exidx_end = .

.preinit_array  0x0810deac        0x0
                0x0810deac                        PROVIDE (__preinit_array_start = .)
 *(.preinit_array*)
                0x0810deac                        PROVIDE (__preinit_array_end = .)

.init_array     0x0810deac        0x4
                0x0810deac                        PROVIDE (__init_array_start = .)
 *(SORT_BY_NAME(.init_array.*))
 *(.init_array*)
 .init_array    0x0810deac        0x4 C:/ST/STM32CubeIDE_1.19.0/STM32CubeIDE/plugins/com.st.stm32cube.ide.mcu.externaltools.gnu-tools-for-stm32.13.3.rel1.win32_1.0.0.202411081344/tools/bin/../lib/gcc/arm-none-eabi/13.3.1/thumb/v7e-m+fp/hard/crtbegin.o
                0x0810deb0                        PROVIDE (__init_array_end = .)

.fini_array     0x0810deb0        0x4
                [!provide]                        PROVIDE (__fini_array_start = .)
 *(SORT_BY_NAME(.fini_array.*))
 *(.fini_array*)
 .fini_array    0x0810deb0        0x4 C:/ST/STM32CubeIDE_1.19.0/STM32CubeIDE/plugins/com.st.stm32cube.ide.mcu.externaltools.gnu-tools-for-stm32.13.3.rel1.win32_1.0.0.202411081344/tools/bin/../lib/gcc/arm-none-eabi/13.3.1/thumb/v7e-m+fp/hard/crtbegin.o
                [!provide]                        PROVIDE (__fini_array_end = .)
                0x0810deb4                        _sidata = LOADADDR (.data)

.rel.dyn        0x0810deb4        0x0
 .rel.iplt      0x0810deb4        0x0 C:/ST/STM32CubeIDE_1.19.0/STM32CubeIDE/plugins/com.st.stm32cube.ide.mcu.externaltools.gnu-tools-for-stm32.13.3.rel1.win32_1.0.0.202411081344/tools/bin/../lib/gcc/arm-none-eabi/13.3.1/thumb/v7e-m+fp/hard/crtbegin.o

.data           0x10000000      0x1dc load address 0x0810deb4
                0x10000000                        . = ALIGN (0x4)
                0x10000000                        _sdata = .
 *(.data)
 *(.data*)
 .data.SystemCoreClock
                0x10000000        0x4 ./Common/Src/system_stm32h7xx_dualcore_boot_cm4_cm7.o
                0x10000000                SystemCoreClock
 .data.SystemD2Clock
                0x10000004        0x4 ./Common/Src/system_stm32h7xx_dualcore_boot_cm4_cm7.o
                0x10000004                SystemD2Clock
 .data.uwTickPrio
                0x10000008        0x4 ./Drivers/STM32H7xx_HAL_Driver/stm32h7xx_hal.o
                0x10000008                uwTickPrio
 .data.uwTickFreq
                0x1000000c        0x1 ./Drivers/STM32H7xx_HAL_Driver/stm32h7xx_hal.o
                0x1000000c                uwTickFreq
 *fill*         0x1000000d        0x3 
 .data.uxCriticalNesting
                0x10000010        0x4 ./Middlewares/Third_Party/FreeRTOS/port.o
 .data.__sglue  0x10000014        0xc C:/ST/STM32CubeIDE_1.19.0/STM32CubeIDE/plugins/com.st.stm32cube.ide.mcu.externaltools.gnu-tools-for-stm32.13.3.rel1.win32_1.0.0.202411081344/tools/bin/../lib/gcc/arm-none-eabi/13.3.1/../../../../arm-none-eabi/lib/thumb/v7e-m+fp/hard\libc_nano.a(libc_a-findfp.o)
                0x10000014                __sglue
 .data._impure_ptr
                0x10000020        0x4 C:/ST/STM32CubeIDE_1.19.0/STM32CubeIDE/plugins/com.st.stm32cube.ide.mcu.externaltools.gnu-tools-for-stm32.13.3.rel1.win32_1.0.0.202411081344/tools/bin/../lib/gcc/arm-none-eabi/13.3.1/../../../../arm-none-eabi/lib/thumb/v7e-m+fp/hard\libc_nano.a(libc_a-impure.o)
                0x10000020                _impure_ptr
 .data._impure_data
                0x10000024       0x4c C:/ST/STM32CubeIDE_1.19.0/STM32CubeIDE/plugins/com.st.stm32cube.ide.mcu.externaltools.gnu-tools-for-stm32.13.3.rel1.win32_1.0.0.202411081344/tools/bin/../lib/gcc/arm-none-eabi/13.3.1/../../../../arm-none-eabi/lib/thumb/v7e-m+fp/hard\libc_nano.a(libc_a-impure.o)
                0x10000024                _impure_data
 .data.__global_locale
                0x10000070      0x16c C:/ST/STM32CubeIDE_1.19.0/STM32CubeIDE/plugins/com.st.stm32cube.ide.mcu.externaltools.gnu-tools-for-stm32.13.3.rel1.win32_1.0.0.202411081344/tools/bin/../lib/gcc/arm-none-eabi/13.3.1/../../../../arm-none-eabi/lib/thumb/v7e-m+fp/hard\libc_nano.a(libc_a-locale.o)
                0x10000070                __global_locale
 *(.RamFunc)
 *(.RamFunc*)
                0x100001dc                        . = ALIGN (0x4)
                0x100001dc                        _edata = .

.igot.plt       0x100001dc        0x0 load address 0x0810e090
 .igot.plt      0x100001dc        0x0 C:/ST/STM32CubeIDE_1.19.0/STM32CubeIDE/plugins/com.st.stm32cube.ide.mcu.externaltools.gnu-tools-for-stm32.13.3.rel1.win32_1.0.0.202411081344/tools/bin/../lib/gcc/arm-none-eabi/13.3.1/thumb/v7e-m+fp/hard/crtbegin.o
                0x100001dc                        . = ALIGN (0x4)

.bss            0x100001dc     0x4c4c load address 0x0810e090
                0x100001dc                        _sbss = .
                0x100001dc                        __bss_start__ = _sbss
 *(.bss)
 .bss           0x100001dc       0x1c C:/ST/STM32CubeIDE_1.19.0/STM32CubeIDE/plugins/com.st.stm32cube.ide.mcu.externaltools.gnu-tools-for-stm32.13.3.rel1.win32_1.0.0.202411081344/tools/bin/../lib/gcc/arm-none-eabi/13.3.1/thumb/v7e-m+fp/hard/crtbegin.o
 *(.bss*)
 .bss.huart3    0x100001f8       0x94 ./Core/Src/main.o
                0x100001f8                huart3
 .bss.defaultTaskHandle
                0x1000028c        0x4 ./Core/Src/main.o
                0x1000028c                defaultTaskHandle
 .bss.PrintHandle
                0x10000290        0x4 ./Core/Src/main.o
                0x10000290                PrintHandle
 .bss.QueueSerialHandle
                0x10000294        0x4 ./Core/Src/main.o
                0x10000294                QueueSerialHandle
 .bss.printfMutexHandle
                0x10000298        0x4 ./Core/Src/main.o
                0x10000298                printfMutexHandle
 .bss.rx_byte   0x1000029c        0x1 ./Core/Src/main.o
                0x1000029c                rx_byte
 *fill*         0x1000029d        0x3 
 .bss.htim7     0x100002a0       0x4c ./Core/Src/stm32h7xx_hal_timebase_tim.o
                0x100002a0                htim7
 .bss.__sbrk_heap_end
                0x100002ec        0x4 ./Core/Src/sysmem.o
 .bss.uwTick    0x100002f0        0x4 ./Drivers/STM32H7xx_HAL_Driver/stm32h7xx_hal.o
                0x100002f0                uwTick
 .bss.KernelState
                0x100002f4        0x4 ./Middlewares/Third_Party/FreeRTOS/cmsis_os2.o
 .bss.Idle_TCB.3
                0x100002f8       0xa8 ./Middlewares/Third_Party/FreeRTOS/cmsis_os2.o
 .bss.Idle_Stack.2
                0x100003a0      0x200 ./Middlewares/Third_Party/FreeRTOS/cmsis_os2.o
 .bss.Timer_TCB.1
                0x100005a0       0xa8 ./Middlewares/Third_Party/FreeRTOS/cmsis_os2.o
 .bss.Timer_Stack.0