Archive member included to satisfy reference by file (symbol)

C:/ST/STM32CubeIDE_1.19.0/STM32CubeIDE/plugins/com.st.stm32cube.ide.mcu.externaltools.gnu-tools-for-stm32.13.3.rel1.win32_1.0.0.202411081344/tools/bin/../lib/gcc/arm-none-eabi/13.3.1/../../../../arm-none-eabi/lib/thumb/v7e-m+fp/hard\libc_nano.a(libc_a-exit.o)
                              C:/ST/STM32CubeIDE_1.19.0/STM32CubeIDE/plugins/com.st.stm32cube.ide.mcu.externaltools.gnu-tools-for-stm32.13.3.rel1.win32_1.0.0.202411081344/tools/bin/../lib/gcc/arm-none-eabi/13.3.1/../../../../arm-none-eabi/lib/thumb/v7e-m+fp/hard/crt0.o (exit)
C:/ST/STM32CubeIDE_1.19.0/STM32CubeIDE/plugins/com.st.stm32cube.ide.mcu.externaltools.gnu-tools-for-stm32.13.3.rel1.win32_1.0.0.202411081344/tools/bin/../lib/gcc/arm-none-eabi/13.3.1/../../../../arm-none-eabi/lib/thumb/v7e-m+fp/hard\libc_nano.a(libc_a-findfp.o)
                              ./Middlewares/Third_Party/FreeRTOS/tasks.o (__sf)
C:/ST/STM32CubeIDE_1.19.0/STM32CubeIDE/plugins/com.st.stm32cube.ide.mcu.externaltools.gnu-tools-for-stm32.13.3.rel1.win32_1.0.0.202411081344/tools/bin/../lib/gcc/arm-none-eabi/13.3.1/../../../../arm-none-eabi/lib/thumb/v7e-m+fp/hard\libc_nano.a(libc_a-fwalk.o)
                              C:/ST/STM32CubeIDE_1.19.0/STM32CubeIDE/plugins/com.st.stm32cube.ide.mcu.externaltools.gnu-tools-for-stm32.13.3.rel1.win32_1.0.0.202411081344/tools/bin/../lib/gcc/arm-none-eabi/13.3.1/../../../../arm-none-eabi/lib/thumb/v7e-m+fp/hard\libc_nano.a(libc_a-findfp.o) (_fwalk_sglue)
C:/ST/STM32CubeIDE_1.19.0/STM32CubeIDE/plugins/com.st.stm32cube.ide.mcu.externaltools.gnu-tools-for-stm32.13.3.rel1.win32_1.0.0.202411081344/tools/bin/../lib/gcc/arm-none-eabi/13.3.1/../../../../arm-none-eabi/lib/thumb/v7e-m+fp/hard\libc_nano.a(libc_a-stdio.o)
                              C:/ST/STM32CubeIDE_1.19.0/STM32CubeIDE/plugins/com.st.stm32cube.ide.mcu.externaltools.gnu-tools-for-stm32.13.3.rel1.win32_1.0.0.202411081344/tools/bin/../lib/gcc/arm-none-eabi/13.3.1/../../../../arm-none-eabi/lib/thumb/v7e-m+fp/hard\libc_nano.a(libc_a-findfp.o) (__sread)
C:/ST/STM32CubeIDE_1.19.0/STM32CubeIDE/plugins/com.st.stm32cube.ide.mcu.externaltools.gnu-tools-for-stm32.13.3.rel1.win32_1.0.0.202411081344/tools/bin/../lib/gcc/arm-none-eabi/13.3.1/../../../../arm-none-eabi/lib/thumb/v7e-m+fp/hard\libc_nano.a(libc_a-memset.o)
                              C:/ST/STM32CubeIDE_1.19.0/STM32CubeIDE/plugins/com.st.stm32cube.ide.mcu.externaltools.gnu-tools-for-stm32.13.3.rel1.win32_1.0.0.202411081344/tools/bin/../lib/gcc/arm-none-eabi/13.3.1/../../../../arm-none-eabi/lib/thumb/v7e-m+fp/hard/crt0.o (memset)
C:/ST/STM32CubeIDE_1.19.0/STM32CubeIDE/plugins/com.st.stm32cube.ide.mcu.externaltools.gnu-tools-for-stm32.13.3.rel1.win32_1.0.0.202411081344/tools/bin/../lib/gcc/arm-none-eabi/13.3.1/../../../../arm-none-eabi/lib/thumb/v7e-m+fp/hard\libc_nano.a(libc_a-closer.o)
                              C:/ST/STM32CubeIDE_1.19.0/STM32CubeIDE/plugins/com.st.stm32cube.ide.mcu.externaltools.gnu-tools-for-stm32.13.3.rel1.win32_1.0.0.202411081344/tools/bin/../lib/gcc/arm-none-eabi/13.3.1/../../../../arm-none-eabi/lib/thumb/v7e-m+fp/hard\libc_nano.a(libc_a-stdio.o) (_close_r)
C:/ST/STM32CubeIDE_1.19.0/STM32CubeIDE/plugins/com.st.stm32cube.ide.mcu.externaltools.gnu-tools-for-stm32.13.3.rel1.win32_1.0.0.202411081344/tools/bin/../lib/gcc/arm-none-eabi/13.3.1/../../../../arm-none-eabi/lib/thumb/v7e-m+fp/hard\libc_nano.a(libc_a-reent.o)
                              ./Middlewares/Third_Party/FreeRTOS/tasks.o (_reclaim_reent)
C:/ST/STM32CubeIDE_1.19.0/STM32CubeIDE/plugins/com.st.stm32cube.ide.mcu.externaltools.gnu-tools-for-stm32.13.3.rel1.win32_1.0.0.202411081344/tools/bin/../lib/gcc/arm-none-eabi/13.3.1/../../../../arm-none-eabi/lib/thumb/v7e-m+fp/hard\libc_nano.a(libc_a-impure.o)
                              ./Middlewares/Third_Party/FreeRTOS/tasks.o (_impure_ptr)
C:/ST/STM32CubeIDE_1.19.0/STM32CubeIDE/plugins/com.st.stm32cube.ide.mcu.externaltools.gnu-tools-for-stm32.13.3.rel1.win32_1.0.0.202411081344/tools/bin/../lib/gcc/arm-none-eabi/13.3.1/../../../../arm-none-eabi/lib/thumb/v7e-m+fp/hard\libc_nano.a(libc_a-lseekr.o)
                              C:/ST/STM32CubeIDE_1.19.0/STM32CubeIDE/plugins/com.st.stm32cube.ide.mcu.externaltools.gnu-tools-for-stm32.13.3.rel1.win32_1.0.0.202411081344/tools/bin/../lib/gcc/arm-none-eabi/13.3.1/../../../../arm-none-eabi/lib/thumb/v7e-m+fp/hard\libc_nano.a(libc_a-stdio.o) (_lseek_r)
C:/ST/STM32CubeIDE_1.19.0/STM32CubeIDE/plugins/com.st.stm32cube.ide.mcu.externaltools.gnu-tools-for-stm32.13.3.rel1.win32_1.0.0.202411081344/tools/bin/../lib/gcc/arm-none-eabi/13.3.1/../../../../arm-none-eabi/lib/thumb/v7e-m+fp/hard\libc_nano.a(libc_a-readr.o)
[...]
Memory Configuration

Name             Origin             Length             Attributes
FLASH            0x08100000         0x00100000         xr
RAM              0x10000000         0x00048000         xrw
*default*        0x00000000         0xffffffff

Linker script and memory map

LOAD C:/ST/STM32CubeIDE_1.19.0/STM32CubeIDE/plugins/com.st.stm32cube.ide.mcu.externaltools.gnu-tools-for-stm32.13.3.rel1.win32_1.0.0.202411081344/tools/bin/../lib/gcc/arm-none-eabi/13.3.1/thumb/v7e-m+fp/hard/crti.o
LOAD C:/ST/STM32CubeIDE_1.19.0/STM32CubeIDE/plugins/com.st.stm32cube.ide.mcu.externaltools.gnu-tools-for-stm32.13.3.rel1.win32_1.0.0.202411081344/tools/bin/../lib/gcc/arm-none-eabi/13.3.1/thumb/v7e-m+fp/hard/crtbegin.o
LOAD C:/ST/STM32CubeIDE_1.19.0/STM32CubeIDE/plugins/com.st.stm32cube.ide.mcu.externaltools.gnu-tools-for-stm32.13.3.rel1.win32_1.0.0.202411081344/tools/bin/../lib/gcc/arm-none-eabi/13.3.1/../../../../arm-none-eabi/lib/thumb/v7e-m+fp/hard/crt0.o
LOAD ./Common/Src/system_stm32h7xx_dualcore_boot_cm4_cm7.o
LOAD ./Core/Src/freertos.o
LOAD ./Core/Src/main.o
LOAD ./Core/Src/stm32h7xx_hal_msp.o
LOAD ./Core/Src/stm32h7xx_hal_timebase_tim.o
LOAD ./Core/Src/stm32h7xx_it.o
LOAD ./Core/Src/syscalls.o
LOAD ./Core/Src/sysmem.o
LOAD ./Core/Startup/startup_stm32h755zitx.o
LOAD ./Drivers/STM32H7xx_HAL_Driver/stm32h7xx_hal.o
LOAD ./Drivers/STM32H7xx_HAL_Driver/stm32h7xx_hal_cortex.o
LOAD ./Drivers/STM32H7xx_HAL_Driver/stm32h7xx_hal_dma.o
LOAD ./Drivers/STM32H7xx_HAL_Driver/stm32h7xx_hal_dma_ex.o
LOAD ./Drivers/STM32H7xx_HAL_Driver/stm32h7xx_hal_exti.o
LOAD ./Drivers/STM32H7xx_HAL_Driver/stm32h7xx_hal_flash.o
LOAD ./Drivers/STM32H7xx_HAL_Driver/stm32h7xx_hal_flash_ex.o
LOAD ./Drivers/STM32H7xx_HAL_Driver/stm32h7xx_hal_gpio.o
LOAD ./Drivers/STM32H7xx_HAL_Driver/stm32h7xx_hal_hsem.o
LOAD ./Drivers/STM32H7xx_HAL_Driver/stm32h7xx_hal_i2c.o
LOAD ./Drivers/STM32H7xx_HAL_Driver/stm32h7xx_hal_i2c_ex.o
LOAD ./Drivers/STM32H7xx_HAL_Driver/stm32h7xx_hal_mdma.o
LOAD ./Drivers/STM32H7xx_HAL_Driver/stm32h7xx_hal_pwr.o
LOAD ./Drivers/STM32H7xx_HAL_Driver/stm32h7xx_hal_pwr_ex.o
LOAD ./Drivers/STM32H7xx_HAL_Driver/stm32h7xx_hal_rcc.o
LOAD ./Drivers/STM32H7xx_HAL_Driver/stm32h7xx_hal_rcc_ex.o
LOAD ./Drivers/STM32H7xx_HAL_Driver/stm32h7xx_hal_tim.o
LOAD ./Drivers/STM32H7xx_HAL_Driver/stm32h7xx_hal_tim_ex.o
LOAD ./Drivers/STM32H7xx_HAL_Driver/stm32h7xx_hal_uart.o
LOAD ./Drivers/STM32H7xx_HAL_Driver/stm32h7xx_hal_uart_ex.o
LOAD ./Middlewares/Third_Party/FreeRTOS/cmsis_os2.o
LOAD ./Middlewares/Third_Party/FreeRTOS/croutine.o
LOAD ./Middlewares/Third_Party/FreeRTOS/event_groups.o
LOAD ./Middlewares/Third_Party/FreeRTOS/heap_4.o
LOAD ./Middlewares/Third_Party/FreeRTOS/list.o
LOAD ./Middlewares/Third_Party/FreeRTOS/port.o
LOAD ./Middlewares/Third_Party/FreeRTOS/queue.o
LOAD ./Middlewares/Third_Party/FreeRTOS/stream_buffer.o
LOAD ./Middlewares/Third_Party/FreeRTOS/tasks.o
LOAD ./Middlewares/Third_Party/FreeRTOS/timers.o
START GROUP
LOAD C:/ST/STM32CubeIDE_1.19.0/STM32CubeIDE/plugins/com.st.stm32cube.ide.mcu.externaltools.gnu-tools-for-stm32.13.3.rel1.win32_1.0.0.202411081344/tools/bin/../lib/gcc/arm-none-eabi/13.3.1/../../../../arm-none-eabi/lib/thumb/v7e-m+fp/hard\libc_nano.a
LOAD C:/ST/STM32CubeIDE_1.19.0/STM32CubeIDE/plugins/com.st.stm32cube.ide.mcu.externaltools.gnu-tools-for-stm32.13.3.rel1.win32_1.0.0.202411081344/tools/bin/../lib/gcc/arm-none-eabi/13.3.1/../../../../arm-none-eabi/lib/thumb/v7e-m+fp/hard\libm.a
END GROUP
START GROUP
LOAD C:/ST/STM32CubeIDE_1.19.0/STM32CubeIDE/plugins/com.st.stm32cube.ide.mcu.externaltools.gnu-tools-for-stm32.13.3.rel1.win32_1.0.0.202411081344/tools/bin/../lib/gcc/arm-none-eabi/13.3.1/thumb/v7e-m+fp/hard\libgcc.a
LOAD C:/ST/STM32CubeIDE_1.19.0/STM32CubeIDE/plugins/com.st.stm32cube.ide.mcu.externaltools.gnu-tools-for-stm32.13.3.rel1.win32_1.0.0.202411081344/tools/bin/../lib/gcc/arm-none-eabi/13.3.1/../../../../arm-none-eabi/lib/thumb/v7e-m+fp/hard\libc_nano.a
END GROUP
START GROUP
LOAD C:/ST/STM32CubeIDE_1.19.0/STM32CubeIDE/plugins/com.st.stm32cube.ide.mcu.externaltools.gnu-tools-for-stm32.13.3.rel1.win32_1.0.0.202411081344/tools/bin/../lib/gcc/arm-none-eabi/13.3.1/thumb/v7e-m+fp/hard\libgcc.a
LOAD C:/ST/STM32CubeIDE_1.19.0/STM32CubeIDE/plugins/com.st.stm32cube.ide.mcu.externaltools.gnu-tools-for-stm32.13.3.rel1.win32_1.0.0.202411081344/tools/bin/../lib/gcc/arm-none-eabi/13.3.1/../../../../arm-none-eabi/lib/thumb/v7e-m+fp/hard\libc_nano.a
LOAD C:/ST/STM32CubeIDE_1.19.0/STM32CubeIDE/plugins/com.st.stm32cube.ide.mcu.externaltools.gnu-tools-for-stm32.13.3.rel1.win32_1.0.0.202411081344/tools/bin/../lib/gcc/arm-none-eabi/13.3.1/../../../../arm-none-eabi/lib/thumb/v7e-m+fp/hard\libnosys.a
END GROUP
START GROUP
LOAD C:/ST/STM32CubeIDE_1.19.0/STM32CubeIDE/plugins/com.st.stm32cube.ide.mcu.externaltools.gnu-tools-for-stm32.13.3.rel1.win32_1.0.0.202411081344/tools/bin/../lib/gcc/arm-none-eabi/13.3.1/thumb/v7e-m+fp/hard\libgcc.a
LOAD C:/ST/STM32CubeIDE_1.19.0/STM32CubeIDE/plugins/com.st.stm32cube.ide.mcu.externaltools.gnu-tools-for-stm32.13.3.rel1.win32_1.0.0.202411081344/tools/bin/../lib/gcc/arm-none-eabi/13.3.1/../../../../arm-none-eabi/lib/thumb/v7e-m+fp/hard\libc_nano.a
LOAD C:/ST/STM32CubeIDE_1.19.0/STM32CubeIDE/plugins/com.st.stm32cube.ide.mcu.externaltools.gnu-tools-for-stm32.13.3.rel1.win32_1.0.0.202411081344/tools/bin/../lib/gcc/arm-none-eabi/13.3.1/../../../../arm-none-eabi/lib/thumb/v7e-m+fp/hard\libnosys.a
END GROUP
LOAD C:/ST/STM32CubeIDE_1.19.0/STM32CubeIDE/plugins/com.st.stm32cube.ide.mcu.externaltools.gnu-tools-for-stm32.13.3.rel1.win32_1.0.0.202411081344/tools/bin/../lib/gcc/arm-none-eabi/13.3.1/thumb/v7e-m+fp/hard/crtend.o
LOAD C:/ST/STM32CubeIDE_1.19.0/STM32CubeIDE/plugins/com.st.stm32cube.ide.mcu.externaltools.gnu-tools-for-stm32.13.3.rel1.win32_1.0.0.202411081344/tools/bin/../lib/gcc/arm-none-eabi/13.3.1/thumb/v7e-m+fp/hard/crtn.o
                0x10048000                        _estack = (ORIGIN (RAM) + LENGTH (RAM))
                0x00000200                        _Min_Heap_Size = 0x200
                0x00000400                        _Min_Stack_Size = 0x400

.isr_vector     0x08100000      0x298
                0x08100000                        . = ALIGN (0x4)
 *(.isr_vector)
 .isr_vector    0x08100000      0x298 ./Core/Startup/startup_stm32h755zitx.o
                0x08100000                g_pfnVectors
                0x08100298                        . = ALIGN (0x4)

.text           0x081002a0     0x7fc8
                0x081002a0                        . = ALIGN (0x4)
 *(.text)
 .text          0x081002a0       0x40 C:/ST/STM32CubeIDE_1.19.0/STM32CubeIDE/plugins/com.st.stm32cube.ide.mcu.externaltools.gnu-tools-for-stm32.13.3.rel1.win32_1.0.0.202411081344/tools/bin/../lib/gcc/arm-none-eabi/13.3.1/thumb/v7e-m+fp/hard/crtbegin.o
 .text          0x081002e0       0x10 C:/ST/STM32CubeIDE_1.19.0/STM32CubeIDE/plugins/com.st.stm32cube.ide.mcu.externaltools.gnu-tools-for-stm32.13.3.rel1.win32_1.0.0.202411081344/tools/bin/../lib/gcc/arm-none-eabi/13.3.1/../../../../arm-none-eabi/lib/thumb/v7e-m+fp/hard\libc_nano.a(libc_a-strlen.o)
                0x081002e0                strlen
 .text          0x081002f0       0x30 C:/ST/STM32CubeIDE_1.19.0/STM32CubeIDE/plugins/com.st.stm32cube.ide.mcu.externaltools.gnu-tools-for-stm32.13.3.rel1.win32_1.0.0.202411081344/tools/bin/../lib/gcc/arm-none-eabi/13.3.1/thumb/v7e-m+fp/hard\libgcc.a(_aeabi_uldivmod.o)
                0x081002f0                __aeabi_uldivmod
 .text          0x08100320      0x2f8 C:/ST/STM32CubeIDE_1.19.0/STM32CubeIDE/plugins/com.st.stm32cube.ide.mcu.externaltools.gnu-tools-for-stm32.13.3.rel1.win32_1.0.0.202411081344/tools/bin/../lib/gcc/arm-none-eabi/13.3.1/thumb/v7e-m+fp/hard\libgcc.a(_udivmoddi4.o)
                0x08100320                __udivmoddi4
 .text          0x08100618        0x4 C:/ST/STM32CubeIDE_1.19.0/STM32CubeIDE/plugins/com.st.stm32cube.ide.mcu.externaltools.gnu-tools-for-stm32.13.3.rel1.win32_1.0.0.202411081344/tools/bin/../lib/gcc/arm-none-eabi/13.3.1/thumb/v7e-m+fp/hard\libgcc.a(_dvmd_tls.o)
                0x08100618                __aeabi_idiv0
                0x08100618                __aeabi_ldiv0
 *(.text*)
 .text.SystemInit
                0x0810061c       0x30 ./Common/Src/system_stm32h7xx_dualcore_boot_cm4_cm7.o
                0x0810061c                SystemInit
 .text.ExitRun0Mode
                0x0810064c       0x30 ./Common/Src/system_stm32h7xx_dualcore_boot_cm4_cm7.o
                0x0810064c                ExitRun0Mode
 .text.main     0x0810067c       0xf4 ./Core/Src/main.o
                0x0810067c                main
 .text.MX_USART3_UART_Init
                0x08100770       0x98 ./Core/Src/main.o
 .text.MX_GPIO_Init
                0x08100808       0x34 ./Core/Src/main.o
 .text.StartDefaultTask
                0x0810083c       0x10 ./Core/Src/main.o
                0x0810083c                StartDefaultTask
 .text.StartTask02
                0x0810084c       0x54 ./Core/Src/main.o
                0x0810084c                StartTask02
 .text.StartTask03
                0x081008a0       0x54 ./Core/Src/main.o
                0x081008a0                StartTask03
 .text.HAL_TIM_PeriodElapsedCallback
                0x081008f4       0x24 ./Core/Src/main.o
                0x081008f4                HAL_TIM_PeriodElapsedCallback
 .text.Error_Handler
                0x08100918        0xc ./Core/Src/main.o
                0x08100918                Error_Handler
 .text.HAL_MspInit
                0x08100924       0x3c ./Core/Src/stm32h7xx_hal_msp.o
                0x08100924                HAL_MspInit
 .text.HAL_UART_MspInit
                0x08100960       0xd4 ./Core/Src/stm32h7xx_hal_msp.o
                0x08100960                HAL_UART_MspInit
 .text.HAL_InitTick
                0x08100a34       0xd8 ./Core/Src/stm32h7xx_hal_timebase_tim.o
                0x08100a34                HAL_InitTick
 .text.NMI_Handler
                0x08100b0c        0x8 ./Core/Src/stm32h7xx_it.o
                0x08100b0c                NMI_Handler
 .text.HardFault_Handler
                0x08100b14        0x8 ./Core/Src/stm32h7xx_it.o
                0x08100b14                HardFault_Handler
 .text.MemManage_Handler
                0x08100b1c        0x8 ./Core/Src/stm32h7xx_it.o
                0x08100b1c                MemManage_Handler
 .text.BusFault_Handler
                0x08100b24        0x8 ./Core/Src/stm32h7xx_it.o
                0x08100b24                BusFault_Handler
 .text.UsageFault_Handler
                0x08100b2c        0x8 ./Core/Src/stm32h7xx_it.o
                0x08100b2c                UsageFault_Handler
 .text.DebugMon_Handler
                0x08100b34        0xe ./Core/Src/stm32h7xx_it.o
                0x08100b34                DebugMon_Handler
 *fill*         0x08100b42        0x2 
 .text.TIM7_IRQHandler
                0x08100b44       0x14 ./Core/Src/stm32h7xx_it.o
                0x08100b44                TIM7_IRQHandler
 .text.Reset_Handler
                0x08100b58       0x54 ./Core/Startup/startup_stm32h755zitx.o
                0x08100b58                Reset_Handler
 .text.Default_Handler
                0x08100bac        0x2 ./Core/Startup/startup_stm32h755zitx.o
                0x08100bac                RTC_Alarm_IRQHandler
                0x08100bac                HASH_RNG_IRQHandler
                0x08100bac                EXTI2_IRQHandler
                0x08100bac                TIM8_CC_IRQHandler
                0x08100bac                HRTIM1_Master_IRQHandler
                0x08100bac                UART8_IRQHandler
                0x08100bac                SPI4_IRQHandler
                0x08100bac                TIM1_CC_IRQHandler
                0x08100bac                BDMA_Channel6_IRQHandler
                0x08100bac                DMA2_Stream5_IRQHandler
                0x08100bac                HRTIM1_FLT_IRQHandler
                0x08100bac                JPEG_IRQHandler
                0x08100bac                DMA1_Stream5_IRQHandler
                0x08100bac                BDMA_Channel1_IRQHandler
                0x08100bac                HRTIM1_TIMD_IRQHandler
                0x08100bac                TAMP_STAMP_IRQHandler
                0x08100bac                EXTI3_IRQHandler
                0x08100bac                LPTIM4_IRQHandler
                0x08100bac                TIM8_TRG_COM_TIM14_IRQHandler
                0x08100bac                LPTIM2_IRQHandler
                0x08100bac                DFSDM1_FLT1_IRQHandler
                0x08100bac                DMAMUX2_OVR_IRQHandler
                0x08100bac                TIM8_UP_TIM13_IRQHandler
                0x08100bac                I2C3_ER_IRQHandler
                0x08100bac                DFSDM1_FLT2_IRQHandler
                0x08100bac                MDMA_IRQHandler
                0x08100bac                LPTIM3_IRQHandler
                0x08100bac                HSEM1_IRQHandler
                0x08100bac                EXTI0_IRQHandler
                0x08100bac                I2C2_EV_IRQHandler
                0x08100bac                DMA1_Stream2_IRQHandler
                0x08100bac                FPU_IRQHandler
                0x08100bac                OTG_HS_WKUP_IRQHandler
                0x08100bac                FDCAN1_IT1_IRQHandler
                0x08100bac                LTDC_ER_IRQHandler
                0x08100bac                DMA2_Stream2_IRQHandler
                0x08100bac                HRTIM1_TIME_IRQHandler
                0x08100bac                SPI1_IRQHandler
                0x08100bac                TIM6_DAC_IRQHandler
                0x08100bac                DCMI_IRQHandler
                0x08100bac                HRTIM1_TIMC_IRQHandler
                0x08100bac                DMA2_Stream3_IRQHandler
                0x08100bac                SAI2_IRQHandler
                0x08100bac                DFSDM1_FLT3_IRQHandler
                0x08100bac                USART6_IRQHandler
                0x08100bac                TIM17_IRQHandler
                0x08100bac                USART3_IRQHandler
                0x08100bac                BDMA_Channel7_IRQHandler
                0x08100bac                CRYP_IRQHandler
                0x08100bac                LPTIM5_IRQHandler
                0x08100bac                UART5_IRQHandler
                0x08100bac                ADC3_IRQHandler
                0x08100bac                DMA2_Stream0_IRQHandler
                0x08100bac                TIM4_IRQHandler
                0x08100bac                BDMA_Channel2_IRQHandler
                0x08100bac                QUADSPI_IRQHandler
                0x08100bac                I2C1_EV_IRQHandler
                0x08100bac                DMA1_Stream6_IRQHandler
                0x08100bac                DMAMUX1_OVR_IRQHandler
                0x08100bac                DMA1_Stream1_IRQHandler
                0x08100bac                TIM16_IRQHandler
                0x08100bac                UART4_IRQHandler
                0x08100bac                BDMA_Channel5_IRQHandler
                0x08100bac                TIM3_IRQHandler
                0x08100bac                RCC_IRQHandler
                0x08100bac                TIM8_BRK_TIM12_IRQHandler
                0x08100bac                TIM1_TRG_COM_IRQHandler
                0x08100bac                Default_Handler
                0x08100bac                ECC_IRQHandler
                0x08100bac                CEC_IRQHandler
                0x08100bac                EXTI15_10_IRQHandler
                0x08100bac                BDMA_Channel0_IRQHandler
                0x08100bac                ADC_IRQHandler
                0x08100bac                DMA1_Stream7_IRQHandler
                0x08100bac                HRTIM1_TIMA_IRQHandler
                0x08100bac                SPI5_IRQHandler
                0x08100bac                SDMMC1_IRQHandler
                0x08100bac                TIM5_IRQHandler
                0x08100bac                DMA2_Stream7_IRQHandler
                0x08100bac                TIM15_IRQHandler
                0x08100bac                PVD_AVD_IRQHandler
                0x08100bac                I2C3_EV_IRQHandler
                0x08100bac                EXTI9_5_IRQHandler
                0x08100bac                RTC_WKUP_IRQHandler
                0x08100bac                LTDC_IRQHandler
                0x08100bac                SAI3_IRQHandler
                0x08100bac                ETH_WKUP_IRQHandler
                0x08100bac                SPDIF_RX_IRQHandler
                0x08100bac                SPI2_IRQHandler
                0x08100bac                OTG_HS_EP1_IN_IRQHandler
                0x08100bac                DMA1_Stream0_IRQHandler
                0x08100bac                CRS_IRQHandler
                0x08100bac                CM7_SEV_IRQHandler
                0x08100bac                EXTI4_IRQHandler
                0x08100bac                CM4_SEV_IRQHandler
                0x08100bac                HRTIM1_TIMB_IRQHandler
                0x08100bac                FDCAN2_IT1_IRQHandler
                0x08100bac                ETH_IRQHandler
                0x08100bac                TIM1_UP_IRQHandler
                0x08100bac                WWDG_RST_IRQHandler
                0x08100bac                BDMA_Channel4_IRQHandler
                0x08100bac                OTG_HS_EP1_OUT_IRQHandler
                0x08100bac                WWDG_IRQHandler
                0x08100bac                SPI6_IRQHandler
                0x08100bac                MDIOS_IRQHandler
                0x08100bac                I2C4_EV_IRQHandler
                0x08100bac                FDCAN2_IT0_IRQHandler
                0x08100bac                LPUART1_IRQHandler
                0x08100bac                FDCAN1_IT0_IRQHandler
                0x08100bac                TIM2_IRQHandler
                0x08100bac                OTG_FS_WKUP_IRQHandler
                0x08100bac                OTG_HS_IRQHandler
                0x08100bac                HSEM2_IRQHandler
                0x08100bac                DMA2D_IRQHandler
                0x08100bac                TIM1_BRK_IRQHandler
                0x08100bac                EXTI1_IRQHandler
                0x08100bac                SDMMC2_IRQHandler
                0x08100bac                OTG_FS_EP1_OUT_IRQHandler
                0x08100bac                BDMA_Channel3_IRQHandler
                0x08100bac                HOLD_CORE_IRQHandler
                0x08100bac                UART7_IRQHandler
                0x08100bac                MDIOS_WKUP_IRQHandler
                0x08100bac                USART2_IRQHandler
                0x08100bac                DFSDM1_FLT0_IRQHandler
                0x08100bac                SAI4_IRQHandler
                0x08100bac                I2C2_ER_IRQHandler
                0x08100bac                DMA2_Stream1_IRQHandler
                0x08100bac                FLASH_IRQHandler
                0x08100bac                DMA2_Stream4_IRQHandler
                0x08100bac                USART1_IRQHandler
                0x08100bac                OTG_FS_IRQHandler
                0x08100bac                SPI3_IRQHandler
                0x08100bac                WAKEUP_PIN_IRQHandler
                0x08100bac                DMA1_Stream4_IRQHandler
                0x08100bac                OTG_FS_EP1_IN_IRQHandler
                0x08100bac                I2C1_ER_IRQHandler
                0x08100bac                FMC_IRQHandler
                0x08100bac                FDCAN_CAL_IRQHandler
                0x08100bac                SWPMI1_IRQHandler
                0x08100bac                COMP1_IRQHandler
                0x08100bac                LPTIM1_IRQHandler
                0x08100bac                I2C4_ER_IRQHandler
                0x08100bac                DMA2_Stream6_IRQHandler
                0x08100bac                SAI1_IRQHandler
                0x08100bac                DMA1_Stream3_IRQHandler
 *fill*         0x08100bae        0x2 
 .text.HAL_Init
                0x08100bb0       0xbc ./Drivers/STM32H7xx_HAL_Driver/stm32h7xx_hal.o
                0x08100bb0                HAL_Init
 .text.HAL_IncTick
                0x08100c6c       0x28 ./Drivers/STM32H7xx_HAL_Driver/stm32h7xx_hal.o
                0x08100c6c                HAL_IncTick
 .text.HAL_GetTick
                0x08100c94       0x18 ./Drivers/STM32H7xx_HAL_Driver/stm32h7xx_hal.o
                0x08100c94                HAL_GetTick
 .text.__NVIC_SetPriorityGrouping
                0x08100cac       0x48 ./Drivers/STM32H7xx_HAL_Driver/stm32h7xx_hal_cortex.o
 .text.__NVIC_GetPriorityGrouping
                0x08100cf4       0x1c ./Drivers/STM32H7xx_HAL_Driver/stm32h7xx_hal_cortex.o
 .text.__NVIC_EnableIRQ
                0x08100d10       0x3c ./Drivers/STM32H7xx_HAL_Driver/stm32h7xx_hal_cortex.o
 .text.__NVIC_SetPriority
                0x08100d4c       0x54 ./Drivers/STM32H7xx_HAL_Driver/stm32h7xx_hal_cortex.o
 .text.NVIC_EncodePriority
                0x08100da0       0x66 ./Drivers/STM32H7xx_HAL_Driver/stm32h7xx_hal_cortex.o
 .text.HAL_NVIC_SetPriorityGrouping
                0x08100e06       0x16 ./Drivers/STM32H7xx_HAL_Driver/stm32h7xx_hal_cortex.o
                0x08100e06                HAL_NVIC_SetPriorityGrouping
 .text.HAL_NVIC_SetPriority
                0x08100e1c       0x34 ./Drivers/STM32H7xx_HAL_Driver/stm32h7xx_hal_cortex.o
                0x08100e1c                HAL_NVIC_SetPriority
 .text.HAL_NVIC_EnableIRQ
                0x08100e50       0x1c ./Drivers/STM32H7xx_HAL_Driver/stm32h7xx_hal_cortex.o
                0x08100e50                HAL_NVIC_EnableIRQ
 .text.HAL_GetCurrentCPUID
                0x08100e6c       0x24 ./Drivers/STM32H7xx_HAL_Driver/stm32h7xx_hal_cortex.o
                0x08100e6c                HAL_GetCurrentCPUID
 .text.HAL_GPIO_Init
                0x08100e90      0x360 ./Drivers/STM32H7xx_HAL_Driver/stm32h7xx_hal_gpio.o
                0x08100e90                HAL_GPIO_Init
 .text.HAL_HSEM_ActivateNotification
                0x081011f0       0x24 ./Drivers/STM32H7xx_HAL_Driver/stm32h7xx_hal_hsem.o
                0x081011f0                HAL_HSEM_ActivateNotification
 .text.HAL_PWREx_EnterSTOPMode
                0x08101214       0xf4 ./Drivers/STM32H7xx_HAL_Driver/stm32h7xx_hal_pwr_ex.o
                0x08101214                HAL_PWREx_EnterSTOPMode
 .text.HAL_PWREx_ClearPendingEvent
                0x08101308       0x1a ./Drivers/STM32H7xx_HAL_Driver/stm32h7xx_hal_pwr_ex.o
                0x08101308                HAL_PWREx_ClearPendingEvent
 *fill*         0x08101322        0x2 
 .text.HAL_RCC_GetSysClockFreq
                0x08101324      0x2f4 ./Drivers/STM32H7xx_HAL_Driver/stm32h7xx_hal_rcc.o
                0x08101324                HAL_RCC_GetSysClockFreq
 .text.HAL_RCC_GetHCLKFreq
                0x08101618       0x64 ./Drivers/STM32H7xx_HAL_Driver/stm32h7xx_hal_rcc.o
                0x08101618                HAL_RCC_GetHCLKFreq
 .text.HAL_RCC_GetPCLK1Freq
                0x0810167c       0x2c ./Drivers/STM32H7xx_HAL_Driver/stm32h7xx_hal_rcc.o
                0x0810167c                HAL_RCC_GetPCLK1Freq
 .text.HAL_RCC_GetPCLK2Freq
                0x081016a8       0x2c ./Drivers/STM32H7xx_HAL_Driver/stm32h7xx_hal_rcc.o
                0x081016a8                HAL_RCC_GetPCLK2Freq
 .text.HAL_RCC_GetClockConfig
                0x081016d4       0x84 ./Drivers/STM32H7xx_HAL_Driver/stm32h7xx_hal_rcc.o
                0x081016d4                HAL_RCC_GetClockConfig
 .text.HAL_RCCEx_PeriphCLKConfig
                0x08101758     0x1414 ./Drivers/STM32H7xx_HAL_Driver/stm32h7xx_hal_rcc_ex.o
                0x08101758                HAL_RCCEx_PeriphCLKConfig
 .text.HAL_RCCEx_GetD3PCLK1Freq
                0x08102b6c       0x2c ./Drivers/STM32H7xx_HAL_Driver/stm32h7xx_hal_rcc_ex.o
                0x08102b6c                HAL_RCCEx_GetD3PCLK1Freq
 .text.HAL_RCCEx_GetPLL2ClockFreq
                0x08102b98      0x2a8 ./Drivers/STM32H7xx_HAL_Driver/stm32h7xx_hal_rcc_ex.o
                0x08102b98                HAL_RCCEx_GetPLL2ClockFreq
 .text.HAL_RCCEx_GetPLL3ClockFreq
                0x08102e40      0x2a8 ./Drivers/STM32H7xx_HAL_Driver/stm32h7xx_hal_rcc_ex.o
                0x08102e40                HAL_RCCEx_GetPLL3ClockFreq
 .text.RCCEx_PLL2_Config
                0x081030e8      0x164 ./Drivers/STM32H7xx_HAL_Driver/stm32h7xx_hal_rcc_ex.o
 .text.RCCEx_PLL3_Config
                0x0810324c      0x164 ./Drivers/STM32H7xx_HAL_Driver/stm32h7xx_hal_rcc_ex.o
 .text.HAL_TIM_Base_Init
                0x081033b0       0xae ./Drivers/STM32H7xx_HAL_Driver/stm32h7xx_hal_tim.o
                0x081033b0                HAL_TIM_Base_Init
 .text.HAL_TIM_Base_MspInit
                0x0810345e       0x14 ./Drivers/STM32H7xx_HAL_Driver/stm32h7xx_hal_tim.o
                0x0810345e                HAL_TIM_Base_MspInit
 *fill*         0x08103472        0x2 
 .text.HAL_TIM_Base_Start_IT
                0x08103474       0xf0 ./Drivers/STM32H7xx_HAL_Driver/stm32h7xx_hal_tim.o
                0x08103474                HAL_TIM_Base_Start_IT
 .text.HAL_TIM_IRQHandler
                0x08103564      0x20e ./Drivers/STM32H7xx_HAL_Driver/stm32h7xx_hal_tim.o
                0x08103564                HAL_TIM_IRQHandler
 .text.HAL_TIM_OC_DelayElapsedCallback
                0x08103772       0x14 ./Drivers/STM32H7xx_HAL_Driver/stm32h7xx_hal_tim.o
                0x08103772                HAL_TIM_OC_DelayElapsedCallback
 .text.HAL_TIM_IC_CaptureCallback
                0x08103786       0x14 ./Drivers/STM32H7xx_HAL_Driver/stm32h7xx_hal_tim.o
                0x08103786                HAL_TIM_IC_CaptureCallback
 .text.HAL_TIM_PWM_PulseFinishedCallback
                0x0810379a       0x14 ./Drivers/STM32H7xx_HAL_Driver/stm32h7xx_hal_tim.o
                0x0810379a                HAL_TIM_PWM_PulseFinishedCallback
 .text.HAL_TIM_TriggerCallback
                0x081037ae       0x14 ./Drivers/STM32H7xx_HAL_Driver/stm32h7xx_hal_tim.o
                0x081037ae                HAL_TIM_TriggerCallback
 *fill*         0x081037c2        0x2 
 .text.TIM_Base_SetConfig
                0x081037c4      0x140 ./Drivers/STM32H7xx_HAL_Driver/stm32h7xx_hal_tim.o
                0x081037c4                TIM_Base_SetConfig
 .text.HAL_TIMEx_CommutCallback
                0x08103904       0x14 ./Drivers/STM32H7xx_HAL_Driver/stm32h7xx_hal_tim_ex.o
                0x08103904                HAL_TIMEx_CommutCallback
 .text.HAL_TIMEx_BreakCallback
                0x08103918       0x14 ./Drivers/STM32H7xx_HAL_Driver/stm32h7xx_hal_tim_ex.o
                0x08103918                HAL_TIMEx_BreakCallback
 .text.HAL_TIMEx_Break2Callback
                0x0810392c       0x14 ./Drivers/STM32H7xx_HAL_Driver/stm32h7xx_hal_tim_ex.o
                0x0810392c                HAL_TIMEx_Break2Callback
 .text.HAL_UART_Init
                0x08103940       0xa0 ./Drivers/STM32H7xx_HAL_Driver/stm32h7xx_hal_uart.o
                0x08103940                HAL_UART_Init
 .text.HAL_UART_Transmit
                0x081039e0      0x11c ./Drivers/STM32H7xx_HAL_Driver/stm32h7xx_hal_uart.o
                0x081039e0                HAL_UART_Transmit
 .text.UART_SetConfig
                0x08103afc      0xad0 ./Drivers/STM32H7xx_HAL_Driver/stm32h7xx_hal_uart.o
                0x08103afc                UART_SetConfig
 .text.UART_AdvFeatureConfig
                0x081045cc      0x144 ./Drivers/STM32H7xx_HAL_Driver/stm32h7xx_hal_uart.o
                0x081045cc                UART_AdvFeatureConfig
 .text.UART_CheckIdleState
                0x08104710      0x154 ./Drivers/STM32H7xx_HAL_Driver/stm32h7xx_hal_uart.o
                0x08104710                UART_CheckIdleState
 .text.UART_WaitOnFlagUntilTimeout
                0x08104864       0xda ./Drivers/STM32H7xx_HAL_Driver/stm32h7xx_hal_uart.o
                0x08104864                UART_WaitOnFlagUntilTimeout
 .text.UART_EndRxTransfer
                0x0810493e       0xcc ./Drivers/STM32H7xx_HAL_Driver/stm32h7xx_hal_uart.o
 .text.HAL_UARTEx_DisableFifoMode
                0x08104a0a       0x72 ./Drivers/STM32H7xx_HAL_Driver/stm32h7xx_hal_uart_ex.o
                0x08104a0a                HAL_UARTEx_DisableFifoMode
 .text.HAL_UARTEx_SetTxFifoThreshold
                0x08104a7c       0x7c ./Drivers/STM32H7xx_HAL_Driver/stm32h7xx_hal_uart_ex.o
                0x08104a7c                HAL_UARTEx_SetTxFifoThreshold
 .text.HAL_UARTEx_SetRxFifoThreshold
                0x08104af8       0x7c ./Drivers/STM32H7xx_HAL_Driver/stm32h7xx_hal_uart_ex.o
                0x08104af8                HAL_UARTEx_SetRxFifoThreshold
 .text.UARTEx_SetNbDataToProcess
                0x08104b74       0x9c ./Drivers/STM32H7xx_HAL_Driver/stm32h7xx_hal_uart_ex.o
 .text.__NVIC_SetPriority
                0x08104c10       0x54 ./Middlewares/Third_Party/FreeRTOS/cmsis_os2.o
 .text.SysTick_Handler
                0x08104c64       0x20 ./Middlewares/Third_Party/FreeRTOS/cmsis_os2.o
                0x08104c64                SysTick_Handler
 .text.SVC_Setup
                0x08104c84       0x12 ./Middlewares/Third_Party/FreeRTOS/cmsis_os2.o
 *fill*         0x08104c96        0x2 
 .text.osKernelInitialize
                0x08104c98       0x48 ./Middlewares/Third_Party/FreeRTOS/cmsis_os2.o
                0x08104c98                osKernelInitialize
 .text.osKernelStart
                0x08104ce0       0x4c ./Middlewares/Third_Party/FreeRTOS/cmsis_os2.o
                0x08104ce0                osKernelStart
 .text.osThreadNew
                0x08104d2c      0x124 ./Middlewares/Third_Party/FreeRTOS/cmsis_os2.o
                0x08104d2c                osThreadNew
 .text.osDelay  0x08104e50       0x36 ./Middlewares/Third_Party/FreeRTOS/cmsis_os2.o
                0x08104e50                osDelay
 .text.osMutexNew
                0x08104e86      0x10c ./Middlewares/Third_Party/FreeRTOS/cmsis_os2.o
                0x08104e86                osMutexNew
 .text.osMutexAcquire
                0x08104f92       0x96 ./Middlewares/Third_Party/FreeRTOS/cmsis_os2.o
                0x08104f92                osMutexAcquire
 .text.osMutexRelease
                0x08105028       0x7a ./Middlewares/Third_Party/FreeRTOS/cmsis_os2.o
                0x08105028                osMutexRelease
 *fill*         0x081050a2        0x2 
 .text.vApplicationGetIdleTaskMemory
                0x081050a4       0x34 ./Middlewares/Third_Party/FreeRTOS/cmsis_os2.o
                0x081050a4                vApplicationGetIdleTaskMemory
 .text.vApplicationGetTimerTaskMemory
                0x081050d8       0x34 ./Middlewares/Third_Party/FreeRTOS/cmsis_os2.o
                0x081050d8                vApplicationGetTimerTaskMemory
 .text.pvPortMalloc
                0x0810510c      0x19c ./Middlewares/Third_Party/FreeRTOS/heap_4.o
                0x0810510c                pvPortMalloc
 .text.vPortFree
                0x081052a8       0xc8 ./Middlewares/Third_Party/FreeRTOS/heap_4.o
                0x081052a8                vPortFree
 .text.prvHeapInit
                0x08105370       0xc4 ./Middlewares/Third_Party/FreeRTOS/heap_4.o
 .text.prvInsertBlockIntoFreeList
                0x08105434       0xb4 ./Middlewares/Third_Party/FreeRTOS/heap_4.o
 .text.vListInitialise
                0x081054e8       0x40 ./Middlewares/Third_Party/FreeRTOS/list.o
                0x081054e8                vListInitialise
 .text.vListInitialiseItem
                0x08105528       0x1a ./Middlewares/Third_Party/FreeRTOS/list.o
                0x08105528                vListInitialiseItem
 .text.vListInsertEnd
                0x08105542       0x48 ./Middlewares/Third_Party/FreeRTOS/list.o
                0x08105542                vListInsertEnd
 .text.vListInsert
                0x0810558a       0x72 ./Middlewares/Third_Party/FreeRTOS/list.o
                0x0810558a                vListInsert
 .text.uxListRemove
                0x081055fc       0x54 ./Middlewares/Third_Party/FreeRTOS/list.o
                0x081055fc                uxListRemove
 .text.pxPortInitialiseStack
                0x08105650       0x68 ./Middlewares/Third_Party/FreeRTOS/port.o
                0x08105650                pxPortInitialiseStack
 .text.prvTaskExitError
                0x081056b8       0x5c ./Middlewares/Third_Party/FreeRTOS/port.o
 *fill*         0x08105714        0xc 
 .text.SVC_Handler
                0x08105720       0x28 ./Middlewares/Third_Party/FreeRTOS/port.o
                0x08105720                SVC_Handler
 .text.prvPortStartFirstTask
                0x08105748       0x28 ./Middlewares/Third_Party/FreeRTOS/port.o
 .text.xPortStartScheduler
                0x08105770      0x148 ./Middlewares/Third_Party/FreeRTOS/port.o
                0x08105770                xPortStartScheduler
 .text.vPortEnterCritical
                0x081058b8       0x64 ./Middlewares/Third_Party/FreeRTOS/port.o
                0x081058b8                vPortEnterCritical
 .text.vPortExitCritical
                0x0810591c       0x54 ./Middlewares/Third_Party/FreeRTOS/port.o
                0x0810591c                vPortExitCritical
 .text.PendSV_Handler
                0x08105970       0x68 ./Middlewares/Third_Party/FreeRTOS/port.o
                0x08105970                PendSV_Handler
 .text.xPortSysTickHandler
                0x081059d8       0x44 ./Middlewares/Third_Party/FreeRTOS/port.o
                0x081059d8                xPortSysTickHandler
 .text.vPortSetupTimerInterrupt
                0x08105a1c       0x48 ./Middlewares/Third_Party/FreeRTOS/port.o
                0x08105a1c                vPortSetupTimerInterrupt
 .text.vPortEnableVFP
                0x08105a64       0x14 ./Middlewares/Third_Party/FreeRTOS/port.o
 .text.vPortValidateInterruptPriority
                0x08105a78       0x84 ./Middlewares/Third_Party/FreeRTOS/port.o
                0x08105a78                vPortValidateInterruptPriority
 .text.xQueueGenericReset
                0x08105afc       0xd4 ./Middlewares/Third_Party/FreeRTOS/queue.o
                0x08105afc                xQueueGenericReset
 .text.xQueueGenericCreateStatic
                0x08105bd0       0xfa ./Middlewares/Third_Party/FreeRTOS/queue.o
                0x08105bd0                xQueueGenericCreateStatic
 .text.xQueueGenericCreate
                0x08105cca       0x76 ./Middlewares/Third_Party/FreeRTOS/queue.o
                0x08105cca                xQueueGenericCreate
 .text.prvInitialiseNewQueue
                0x08105d40       0x46 ./Middlewares/Third_Party/FreeRTOS/queue.o
 .text.prvInitialiseMutex
                0x08105d86       0x34 ./Middlewares/Third_Party/FreeRTOS/queue.o
 .text.xQueueCreateMutex
                0x08105dba       0x30 ./Middlewares/Third_Party/FreeRTOS/queue.o
                0x08105dba                xQueueCreateMutex
 .text.xQueueCreateMutexStatic
                0x08105dea       0x36 ./Middlewares/Third_Party/FreeRTOS/queue.o
                0x08105dea                xQueueCreateMutexStatic
 .text.xQueueGiveMutexRecursive
                0x08105e20       0x6a ./Middlewares/Third_Party/FreeRTOS/queue.o
                0x08105e20                xQueueGiveMutexRecursive
 .text.xQueueTakeMutexRecursive
                0x08105e8a       0x6e ./Middlewares/Third_Party/FreeRTOS/queue.o
                0x08105e8a                xQueueTakeMutexRecursive
 .text.xQueueGenericSend
                0x08105ef8      0x204 ./Middlewares/Third_Party/FreeRTOS/queue.o
                0x08105ef8                xQueueGenericSend
 .text.xQueueGenericSendFromISR
                0x081060fc      0x13c ./Middlewares/Third_Party/FreeRTOS/queue.o
                0x081060fc                xQueueGenericSendFromISR
 .text.xQueueReceive
                0x08106238      0x1c4 ./Middlewares/Third_Party/FreeRTOS/queue.o
                0x08106238                xQueueReceive
 .text.xQueueSemaphoreTake
                0x081063fc      0x220 ./Middlewares/Third_Party/FreeRTOS/queue.o
                0x081063fc                xQueueSemaphoreTake
 .text.prvGetDisinheritPriorityAfterTimeout
                0x0810661c       0x30 ./Middlewares/Third_Party/FreeRTOS/queue.o
 .text.prvCopyDataToQueue
                0x0810664c       0xd4 ./Middlewares/Third_Party/FreeRTOS/queue.o
 .text.prvCopyDataFromQueue
                0x08106720       0x4c ./Middlewares/Third_Party/FreeRTOS/queue.o
 .text.prvUnlockQueue
                0x0810676c       0xa4 ./Middlewares/Third_Party/FreeRTOS/queue.o
 .text.prvIsQueueEmpty
                0x08106810       0x2c ./Middlewares/Third_Party/FreeRTOS/queue.o
 .text.prvIsQueueFull
                0x0810683c       0x30 ./Middlewares/Third_Party/FreeRTOS/queue.o
 .text.vQueueAddToRegistry
                0x0810686c       0x54 ./Middlewares/Third_Party/FreeRTOS/queue.o
                0x0810686c                vQueueAddToRegistry
 .text.vQueueWaitForMessageRestricted
                0x081068c0       0x68 ./Middlewares/Third_Party/FreeRTOS/queue.o
                0x081068c0                vQueueWaitForMessageRestricted
 .text.xTaskCreateStatic
                0x08106928       0xc0 ./Middlewares/Third_Party/FreeRTOS/tasks.o
                0x08106928                xTaskCreateStatic
 .text.xTaskCreate
                0x081069e8       0x8a ./Middlewares/Third_Party/FreeRTOS/tasks.o
                0x081069e8                xTaskCreate
 *fill*         0x08106a72        0x2 
 .text.prvInitialiseNewTask
                0x08106a74      0x150 ./Middlewares/Third_Party/FreeRTOS/tasks.o
 .text.prvAddNewTaskToReadyList
                0x08106bc4       0xe0 ./Middlewares/Third_Party/FreeRTOS/tasks.o
 .text.vTaskDelay
                0x08106ca4       0x6c ./Middlewares/Third_Party/FreeRTOS/tasks.o
                0x08106ca4                vTaskDelay
 .text.vTaskStartScheduler
                0x08106d10       0xe0 ./Middlewares/Third_Party/FreeRTOS/tasks.o
                0x08106d10                vTaskStartScheduler
 .text.vTaskSuspendAll
                0x08106df0       0x1c ./Middlewares/Third_Party/FreeRTOS/tasks.o
                0x08106df0                vTaskSuspendAll
 .text.xTaskResumeAll
                0x08106e0c      0x13c ./Middlewares/Third_Party/FreeRTOS/tasks.o
                0x08106e0c                xTaskResumeAll
 .text.xTaskGetTickCount
                0x08106f48       0x20 ./Middlewares/Third_Party/FreeRTOS/tasks.o
                0x08106f48                xTaskGetTickCount
 .text.xTaskIncrementTick
                0x08106f68      0x174 ./Middlewares/Third_Party/FreeRTOS/tasks.o
                0x08106f68                xTaskIncrementTick
 .text.vTaskSwitchContext
                0x081070dc       0xcc ./Middlewares/Third_Party/FreeRTOS/tasks.o
                0x081070dc                vTaskSwitchContext
 .text.vTaskPlaceOnEventList
                0x081071a8       0x4c ./Middlewares/Third_Party/FreeRTOS/tasks.o
                0x081071a8                vTaskPlaceOnEventList
 .text.vTaskPlaceOnEventListRestricted
                0x081071f4       0x58 ./Middlewares/Third_Party/FreeRTOS/tasks.o
                0x081071f4                vTaskPlaceOnEventListRestricted
 .text.xTaskRemoveFromEventList
                0x0810724c       0xc8 ./Middlewares/Third_Party/FreeRTOS/tasks.o
                0x0810724c                xTaskRemoveFromEventList
 .text.vTaskInternalSetTimeOutState
                0x08107314       0x2c ./Middlewares/Third_Party/FreeRTOS/tasks.o
                0x08107314                vTaskInternalSetTimeOutState
 .text.xTaskCheckForTimeOut
                0x08107340       0xc8 ./Middlewares/Third_Party/FreeRTOS/tasks.o
                0x08107340                xTaskCheckForTimeOut
 .text.vTaskMissedYield
                0x08107408       0x18 ./Middlewares/Third_Party/FreeRTOS/tasks.o
                0x08107408                vTaskMissedYield
 .text.prvIdleTask
                0x08107420       0x30 ./Middlewares/Third_Party/FreeRTOS/tasks.o
 .text.prvInitialiseTaskLists
                0x08107450       0x80 ./Middlewares/Third_Party/FreeRTOS/tasks.o
 .text.prvCheckTasksWaitingTermination
                0x081074d0       0x5c ./Middlewares/Third_Party/FreeRTOS/tasks.o
 .text.prvDeleteTCB
                0x0810752c       0x6a ./Middlewares/Third_Party/FreeRTOS/tasks.o
 *fill*         0x08107596        0x2 
 .text.prvResetNextTaskUnblockTime
                0x08107598       0x40 ./Middlewares/Third_Party/FreeRTOS/tasks.o
 .text.xTaskGetCurrentTaskHandle
                0x081075d8       0x20 ./Middlewares/Third_Party/FreeRTOS/tasks.o
                0x081075d8                xTaskGetCurrentTaskHandle
 .text.xTaskGetSchedulerState
                0x081075f8       0x3c ./Middlewares/Third_Party/FreeRTOS/tasks.o
                0x081075f8                xTaskGetSchedulerState
 .text.xTaskPriorityInherit
                0x08107634       0xd0 ./Middlewares/Third_Party/FreeRTOS/tasks.o
                0x08107634                xTaskPriorityInherit
 .text.xTaskPriorityDisinherit
                0x08107704       0xe0 ./Middlewares/Third_Party/FreeRTOS/tasks.o
                0x08107704                xTaskPriorityDisinherit
 .text.vTaskPriorityDisinheritAfterTimeout
                0x081077e4      0x108 ./Middlewares/Third_Party/FreeRTOS/tasks.o
                0x081077e4                vTaskPriorityDisinheritAfterTimeout
 .text.pvTaskIncrementMutexHeldCount
                0x081078ec       0x28 ./Middlewares/Third_Party/FreeRTOS/tasks.o
                0x081078ec                pvTaskIncrementMutexHeldCount
 .text.prvAddCurrentTaskToDelayedList
                0x08107914       0xa8 ./Middlewares/Third_Party/FreeRTOS/tasks.o
 .text.xTimerCreateTimerTask
                0x081079bc       0x94 ./Middlewares/Third_Party/FreeRTOS/timers.o
                0x081079bc                xTimerCreateTimerTask
 .text.xTimerGenericCommand
                0x08107a50       0x9c ./Middlewares/Third_Party/FreeRTOS/timers.o
                0x08107a50                xTimerGenericCommand
 .text.prvProcessExpiredTimer
                0x08107aec       0x9c ./Middlewares/Third_Party/FreeRTOS/timers.o
 .text.prvTimerTask
                0x08107b88       0x26 ./Middlewares/Third_Party/FreeRTOS/timers.o
 *fill*         0x08107bae        0x2 
 .text.prvProcessTimerOrBlockTask
                0x08107bb0       0x9c ./Middlewares/Third_Party/FreeRTOS/timers.o
 .text.prvGetNextExpireTime
                0x08107c4c       0x48 ./Middlewares/Third_Party/FreeRTOS/timers.o
 .text.prvSampleTimeNow
                0x08107c94       0x40 ./Middlewares/Third_Party/FreeRTOS/timers.o
 .text.prvInsertTimerInActiveList
                0x08107cd4       0x84 ./Middlewares/Third_Party/FreeRTOS/timers.o
 .text.prvProcessReceivedCommands
                0x08107d58      0x1cc ./Middlewares/Third_Party/FreeRTOS/timers.o
 .text.prvSwitchTimerLists
                0x08107f24       0xcc ./Middlewares/Third_Party/FreeRTOS/timers.o
 .text.prvCheckForValidListAndQueue
                0x08107ff0       0x80 ./Middlewares/Third_Party/FreeRTOS/timers.o
 .text.memset   0x08108070       0x10 C:/ST/STM32CubeIDE_1.19.0/STM32CubeIDE/plugins/com.st.stm32cube.ide.mcu.externaltools.gnu-tools-for-stm32.13.3.rel1.win32_1.0.0.202411081344/tools/bin/../lib/gcc/arm-none-eabi/13.3.1/../../../../arm-none-eabi/lib/thumb/v7e-m+fp/hard\libc_nano.a(libc_a-memset.o)
                0x08108070                memset
 .text._reclaim_reent
                0x08108080       0xbc C:/ST/STM32CubeIDE_1.19.0/STM32CubeIDE/plugins/com.st.stm32cube.ide.mcu.externaltools.gnu-tools-for-stm32.13.3.rel1.win32_1.0.0.202411081344/tools/bin/../lib/gcc/arm-none-eabi/13.3.1/../../../../arm-none-eabi/lib/thumb/v7e-m+fp/hard\libc_nano.a(libc_a-reent.o)
                0x08108080                _reclaim_reent
 .text.__libc_init_array
                0x0810813c       0x48 C:/ST/STM32CubeIDE_1.19.0/STM32CubeIDE/plugins/com.st.stm32cube.ide.mcu.externaltools.gnu-tools-for-stm32.13.3.rel1.win32_1.0.0.202411081344/tools/bin/../lib/gcc/arm-none-eabi/13.3.1/../../../../arm-none-eabi/lib/thumb/v7e-m+fp/hard\libc_nano.a(libc_a-init.o)
                0x0810813c                __libc_init_array
 .text.__retarget_lock_acquire_recursive
                0x08108184        0x2 C:/ST/STM32CubeIDE_1.19.0/STM32CubeIDE/plugins/com.st.stm32cube.ide.mcu.externaltools.gnu-tools-for-stm32.13.3.rel1.win32_1.0.0.202411081344/tools/bin/../lib/gcc/arm-none-eabi/13.3.1/../../../../arm-none-eabi/lib/thumb/v7e-m+fp/hard\libc_nano.a(libc_a-lock.o)
                0x08108184                __retarget_lock_acquire_recursive
 .text.__retarget_lock_release_recursive
                0x08108186        0x2 C:/ST/STM32CubeIDE_1.19.0/STM32CubeIDE/plugins/com.st.stm32cube.ide.mcu.externaltools.gnu-tools-for-stm32.13.3.rel1.win32_1.0.0.202411081344/tools/bin/../lib/gcc/arm-none-eabi/13.3.1/../../../../arm-none-eabi/lib/thumb/v7e-m+fp/hard\libc_nano.a(libc_a-lock.o)
                0x08108186                __retarget_lock_release_recursive
 .text.memcpy   0x08108188       0x1c C:/ST/STM32CubeIDE_1.19.0/STM32CubeIDE/plugins/com.st.stm32cube.ide.mcu.externaltools.gnu-tools-for-stm32.13.3.rel1.win32_1.0.0.202411081344/tools/bin/../lib/gcc/arm-none-eabi/13.3.1/../../../../arm-none-eabi/lib/thumb/v7e-m+fp/hard\libc_nano.a(libc_a-memcpy-stub.o)
                0x08108188                memcpy
 .text._free_r  0x081081a4       0x94 C:/ST/STM32CubeIDE_1.19.0/STM32CubeIDE/plugins/com.st.stm32cube.ide.mcu.externaltools.gnu-tools-for-stm32.13.3.rel1.win32_1.0.0.202411081344/tools/bin/../lib/gcc/arm-none-eabi/13.3.1/../../../../arm-none-eabi/lib/thumb/v7e-m+fp/hard\libc_nano.a(libc_a-freer.o)
                0x081081a4                _free_r
 .text.__malloc_lock
                0x08108238        0xc C:/ST/STM32CubeIDE_1.19.0/STM32CubeIDE/plugins/com.st.stm32cube.ide.mcu.externaltools.gnu-tools-for-stm32.13.3.rel1.win32_1.0.0.202411081344/tools/bin/../lib/gcc/arm-none-eabi/13.3.1/../../../../arm-none-eabi/lib/thumb/v7e-m+fp/hard\libc_nano.a(libc_a-mlock.o)
                0x08108238                __malloc_lock
 .text.__malloc_unlock
                0x08108244        0xc C:/ST/STM32CubeIDE_1.19.0/STM32CubeIDE/plugins/com.st.stm32cube.ide.mcu.externaltools.gnu-tools-for-stm32.13.3.rel1.win32_1.0.0.202411081344/tools/bin/../lib/gcc/arm-none-eabi/13.3.1/../../../../arm-none-eabi/lib/thumb/v7e-m+fp/hard\libc_nano.a(libc_a-mlock.o)
                0x08108244                __malloc_unlock
 *(.glue_7)
 .glue_7        0x08108250        0x0 linker stubs
 *(.glue_7t)
 .glue_7t       0x08108250        0x0 linker stubs
 *(.eh_frame)
 .eh_frame      0x08108250        0x0 C:/ST/STM32CubeIDE_1.19.0/STM32CubeIDE/plugins/com.st.stm32cube.ide.mcu.externaltools.gnu-tools-for-stm32.13.3.rel1.win32_1.0.0.202411081344/tools/bin/../lib/gcc/arm-none-eabi/13.3.1/thumb/v7e-m+fp/hard/crtbegin.o
 *(.init)
 .init          0x08108250        0x4 C:/ST/STM32CubeIDE_1.19.0/STM32CubeIDE/plugins/com.st.stm32cube.ide.mcu.externaltools.gnu-tools-for-stm32.13.3.rel1.win32_1.0.0.202411081344/tools/bin/../lib/gcc/arm-none-eabi/13.3.1/thumb/v7e-m+fp/hard/crti.o
                0x08108250                _init
 .init          0x08108254        0x8 C:/ST/STM32CubeIDE_1.19.0/STM32CubeIDE/plugins/com.st.stm32cube.ide.mcu.externaltools.gnu-tools-for-stm32.13.3.rel1.win32_1.0.0.202411081344/tools/bin/../lib/gcc/arm-none-eabi/13.3.1/thumb/v7e-m+fp/hard/crtn.o
 *(.fini)
 .fini          0x0810825c        0x4 C:/ST/STM32CubeIDE_1.19.0/STM32CubeIDE/plugins/com.st.stm32cube.ide.mcu.externaltools.gnu-tools-for-stm32.13.3.rel1.win32_1.0.0.202411081344/tools/bin/../lib/gcc/arm-none-eabi/13.3.1/thumb/v7e-m+fp/hard/crti.o
                0x0810825c                _fini
 .fini          0x08108260        0x8 C:/ST/STM32CubeIDE_1.19.0/STM32CubeIDE/plugins/com.st.stm32cube.ide.mcu.externaltools.gnu-tools-for-stm32.13.3.rel1.win32_1.0.0.202411081344/tools/bin/../lib/gcc/arm-none-eabi/13.3.1/thumb/v7e-m+fp/hard/crtn.o
                0x08108268                        . = ALIGN (0x4)
                0x08108268                        _etext = .

.vfp11_veneer   0x08108268        0x0
 .vfp11_veneer  0x08108268        0x0 linker stubs

.v4_bx          0x08108268        0x0
 .v4_bx         0x08108268        0x0 linker stubs

.iplt           0x08108268        0x0
 .iplt          0x08108268        0x0 C:/ST/STM32CubeIDE_1.19.0/STM32CubeIDE/plugins/com.st.stm32cube.ide.mcu.externaltools.gnu-tools-for-stm32.13.3.rel1.win32_1.0.0.202411081344/tools/bin/../lib/gcc/arm-none-eabi/13.3.1/thumb/v7e-m+fp/hard/crtbegin.o

.rodata         0x08108268      0x11c
                0x08108268                        . = ALIGN (0x4)
 *(.rodata)
 .rodata        0x08108268       0x50 ./Core/Src/main.o
 .rodata        0x081082b8        0x5 ./Middlewares/Third_Party/FreeRTOS/tasks.o
 *fill*         0x081082bd        0x3 
 .rodata        0x081082c0        0xd ./Middlewares/Third_Party/FreeRTOS/timers.o
 *(.rodata*)
 *fill*         0x081082cd        0x3 
 .rodata.D1CorePrescTable
                0x081082d0       0x10 ./Common/Src/system_stm32h7xx_dualcore_boot_cm4_cm7.o
                0x081082d0                D1CorePrescTable
 .rodata.defaultTask_attributes
                0x081082e0       0x24 ./Core/Src/main.o
                0x081082e0                defaultTask_attributes
 .rodata.Task_A_attributes
                0x08108304       0x24 ./Core/Src/main.o
                0x08108304                Task_A_attributes
 .rodata.Task_B_attributes
                0x08108328       0x24 ./Core/Src/main.o
                0x08108328                Task_B_attributes
 .rodata.uartMutex_attributes
                0x0810834c       0x10 ./Core/Src/main.o
                0x0810834c                uartMutex_attributes
 .rodata.UARTPrescTable
                0x0810835c       0x18 ./Drivers/STM32H7xx_HAL_Driver/stm32h7xx_hal_uart.o
                0x0810835c                UARTPrescTable
 .rodata.numerator.1
                0x08108374        0x8 ./Drivers/STM32H7xx_HAL_Driver/stm32h7xx_hal_uart_ex.o
 .rodata.denominator.0
                0x0810837c        0x8 ./Drivers/STM32H7xx_HAL_Driver/stm32h7xx_hal_uart_ex.o
                0x08108384                        . = ALIGN (0x4)

.ARM.extab
 *(.ARM.extab* .gnu.linkonce.armextab.*)

.ARM            0x08108384        0x8
                0x08108384                        __exidx_start = .
 *(.ARM.exidx*)
 .ARM.exidx     0x08108384        0x8 C:/ST/STM32CubeIDE_1.19.0/STM32CubeIDE/plugins/com.st.stm32cube.ide.mcu.externaltools.gnu-tools-for-stm32.13.3.rel1.win32_1.0.0.202411081344/tools/bin/../lib/gcc/arm-none-eabi/13.3.1/../../../../arm-none-eabi/lib/thumb/v7e-m+fp/hard\libc_nano.a(libc_a-strlen.o)
 .ARM.exidx     0x0810838c        0x0 C:/ST/STM32CubeIDE_1.19.0/STM32CubeIDE/plugins/com.st.stm32cube.ide.mcu.externaltools.gnu-tools-for-stm32.13.3.rel1.win32_1.0.0.202411081344/tools/bin/../lib/gcc/arm-none-eabi/13.3.1/thumb/v7e-m+fp/hard\libgcc.a(_udivmoddi4.o)
                                  0x8 (size before relaxing)
                0x0810838c                        __exidx_end = .

.preinit_array  0x0810838c        0x0
                0x0810838c                        PROVIDE (__preinit_array_start = .)
 *(.preinit_array*)
                0x0810838c                        PROVIDE (__preinit_array_end = .)

.init_array     0x0810838c        0x4
                0x0810838c                        PROVIDE (__init_array_start = .)
 *(SORT_BY_NAME(.init_array.*))
 *(.init_array*)
 .init_array    0x0810838c        0x4 C:/ST/STM32CubeIDE_1.19.0/STM32CubeIDE/plugins/com.st.stm32cube.ide.mcu.externaltools.gnu-tools-for-stm32.13.3.rel1.win32_1.0.0.202411081344/tools/bin/../lib/gcc/arm-none-eabi/13.3.1/thumb/v7e-m+fp/hard/crtbegin.o
                0x08108390                        PROVIDE (__init_array_end = .)

.fini_array     0x08108390        0x4
                [!provide]                        PROVIDE (__fini_array_start = .)
 *(SORT_BY_NAME(.fini_array.*))
 *(.fini_array*)
 .fini_array    0x08108390        0x4 C:/ST/STM32CubeIDE_1.19.0/STM32CubeIDE/plugins/com.st.stm32cube.ide.mcu.externaltools.gnu-tools-for-stm32.13.3.rel1.win32_1.0.0.202411081344/tools/bin/../lib/gcc/arm-none-eabi/13.3.1/thumb/v7e-m+fp/hard/crtbegin.o
                [!provide]                        PROVIDE (__fini_array_end = .)
                0x08108394                        _sidata = LOADADDR (.data)

.rel.dyn        0x08108394        0x0
 .rel.iplt      0x08108394        0x0 C:/ST/STM32CubeIDE_1.19.0/STM32CubeIDE/plugins/com.st.stm32cube.ide.mcu.externaltools.gnu-tools-for-stm32.13.3.rel1.win32_1.0.0.202411081344/tools/bin/../lib/gcc/arm-none-eabi/13.3.1/thumb/v7e-m+fp/hard/crtbegin.o

.data           0x10000000       0x64 load address 0x08108394
                0x10000000                        . = ALIGN (0x4)
                0x10000000                        _sdata = .
 *(.data)
 *(.data*)
 .data.SystemCoreClock
                0x10000000        0x4 ./Common/Src/system_stm32h7xx_dualcore_boot_cm4_cm7.o
                0x10000000                SystemCoreClock
 .data.SystemD2Clock
                0x10000004        0x4 ./Common/Src/system_stm32h7xx_dualcore_boot_cm4_cm7.o
                0x10000004                SystemD2Clock
 .data.uwTickPrio
                0x10000008        0x4 ./Drivers/STM32H7xx_HAL_Driver/stm32h7xx_hal.o
                0x10000008                uwTickPrio
 .data.uwTickFreq
                0x1000000c        0x1 ./Drivers/STM32H7xx_HAL_Driver/stm32h7xx_hal.o
                0x1000000c                uwTickFreq
 *fill*         0x1000000d        0x3 
 .data.uxCriticalNesting
                0x10000010        0x4 ./Middlewares/Third_Party/FreeRTOS/port.o
 .data._impure_ptr
                0x10000014        0x4 C:/ST/STM32CubeIDE_1.19.0/STM32CubeIDE/plugins/com.st.stm32cube.ide.mcu.externaltools.gnu-tools-for-stm32.13.3.rel1.win32_1.0.0.202411081344/tools/bin/../lib/gcc/arm-none-eabi/13.3.1/../../../../arm-none-eabi/lib/thumb/v7e-m+fp/hard\libc_nano.a(libc_a-impure.o)
                0x10000014                _impure_ptr
 .data._impure_data
                0x10000018       0x4c C:/ST/STM32CubeIDE_1.19.0/STM32CubeIDE/plugins/com.st.stm32cube.ide.mcu.externaltools.gnu-tools-for-stm32.13.3.rel1.win32_1.0.0.202411081344/tools/bin/../lib/gcc/arm-none-eabi/13.3.1/../../../../arm-none-eabi/lib/thumb/v7e-m+fp/hard\libc_nano.a(libc_a-impure.o)
                0x10000018                _impure_data
 *(.RamFunc)
 *(.RamFunc*)
                0x10000064                        . = ALIGN (0x4)
                0x10000064                        _edata = .

.igot.plt       0x10000064        0x0 load address 0x081083f8
 .igot.plt      0x10000064        0x0 C:/ST/STM32CubeIDE_1.19.0/STM32CubeIDE/plugins/com.st.stm32cube.ide.mcu.externaltools.gnu-tools-for-stm32.13.3.rel1.win32_1.0.0.202411081344/tools/bin/../lib/gcc/arm-none-eabi/13.3.1/thumb/v7e-m+fp/hard/crtbegin.o
                0x10000064                        . = ALIGN (0x4)

.bss            0x10000064     0x4c38 load address 0x081083f8
                0x10000064                        _sbss = .
                0x10000064                        __bss_start__ = _sbss
 *(.bss)
 .bss           0x10000064       0x1c C:/ST/STM32CubeIDE_1.19.0/STM32CubeIDE/plugins/com.st.stm32cube.ide.mcu.externaltools.gnu-tools-for-stm32.13.3.rel1.win32_1.0.0.202411081344/tools/bin/../lib/gcc/arm-none-eabi/13.3.1/thumb/v7e-m+fp/hard/crtbegin.o
 *(.bss*)
 .bss.huart3    0x10000080       0x94 ./Core/Src/main.o
                0x10000080                huart3
 .bss.defaultTaskHandle
                0x10000114        0x4 ./Core/Src/main.o
                0x10000114                defaultTaskHandle
 .bss.Task_AHandle
                0x10000118        0x4 ./Core/Src/main.o
                0x10000118                Task_AHandle
 .bss.Task_BHandle
                0x1000011c        0x4 ./Core/Src/main.o
                0x1000011c                Task_BHandle
 .bss.uartMutexHandle
                0x10000120        0x4 ./Core/Src/main.o
                0x10000120                uartMutexHandle
 .bss.htim7     0x10000124       0x4c ./Core/Src/stm32h7xx_hal_timebase_tim.o
                0x10000124                htim7
 .bss.uwTick    0x10000170        0x4 ./Drivers/STM32H7xx_HAL_Driver/stm32h7xx_hal.o
                0x10000170                uwTick
 .bss.KernelState
                0x10000174        0x4 ./Middlewares/Third_Party/FreeRTOS/cmsis_os2.o
 .bss.Idle_TCB.3
                0x10000178       0xa8 ./Middlewares/Third_Party/FreeRTOS/cmsis_os2.o
 .bss.Idle_Stack.2
                0x10000220      0x200 ./Middlewares/Third_Party/FreeRTOS/cmsis_os2.o
 .bss.Timer_TCB.1
                0x10000420       0xa8 ./Middlewares/Third_Party/FreeRTOS/cmsis_os2.o
 .bss.Timer_Stack.0
                0x100004c8      0x400 ./Middlewares/Third_Party/FreeRTOS/cmsis_os2.o
 .bss.ucHeap    0x100008c8     0x3c00 ./Middlewares/Third_Party/FreeRTOS/heap_4.o
 .bss.xStart    0x100044c8        0x8 ./Middlewares/Third_Party/FreeRTOS/heap_4.o
 .bss.pxEnd     0x100044d0        0x4 ./Middlewares/Third_Party/FreeRTOS/heap_4.o
 .bss.xFreeBytesRemaining
                0x100044d4        0x4 ./Middlewares/Third_Party/FreeRTOS/heap_4.o
 .bss.xMinimumEverFreeBytesRemaining
                0x100044d8        0x4 ./Middlewares/Third_Party/FreeRTOS/heap_4.o
 .bss.xNumberOfSuccessfulAllocations
                0x100044dc        0x4 ./Middlewares/Third_Party/FreeRTOS/heap_4.o
 .bss.xNumberOfSuccessfulFrees
                0x100044e0        0x4 ./Middlewares/Third_Party/FreeRTOS/heap_4.o
 .bss.xBlockAllocatedBit
                0x100044e4        0x4 ./Middlewares/Third_Party/FreeRTOS/heap_4.o
 .bss.ucMaxSysCallPriority
                0x100044e8        0x1 ./Middlewares/Third_Party/FreeRTOS/port.o
 *fill*         0x100044e9        0x3 
 .bss.ulMaxPRIGROUPValue
                0x100044ec        0x4 ./Middlewares/Third_Party/FreeRTOS/port.o
 .bss.xQueueRegistry
                0x100044f0       0x40 ./Middlewares/Third_Party/FreeRTOS/queue.o
                0x100044f0                xQueueRegistry
 .bss.pxCurrentTCB
                0x10004530        0x4 ./Middlewares/Third_Party/FreeRTOS/tasks.o
                0x10004530                pxCurrentTCB
 .bss.pxReadyTasksLists
                0x10004534      0x460 ./Middlewares/Third_Party/FreeRTOS/tasks.o
 .bss.xDelayedTaskList1
                0x10004994       0x14 ./Middlewares/Third_Party/FreeRTOS/tasks.o
 .bss.xDelayedTaskList2
                0x100049a8       0x14 ./Middlewares/Third_Party/FreeRTOS/tasks.o
 .bss.pxDelayedTaskList
                0x100049bc        0x4 ./Middlewares/Third_Party/FreeRTOS/tasks.o
 .bss.pxOverflowDelayedTaskList
                0x100049c0        0x4 ./Middlewares/Third_Party/FreeRTOS/tasks.o
 .bss.xPendingReadyList
                0x100049c4       0x14 ./Middlewares/Third_Party/FreeRTOS/tasks.o
 .bss.xTasksWaitingTermination
                0x100049d8       0x14 ./Middlewares/Third_Party/FreeRTOS/tasks.o
 .bss.uxDeletedTasksWaitingCleanUp
                0x100049ec        0x4 ./Middlewares/Third_Party/FreeRTOS/tasks.o
 .bss.xSuspendedTaskList
                0x100049f0       0x14 ./Middlewares/Third_Party/FreeRTOS/tasks.o
 .bss.uxCurrentNumberOfTasks
                0x10004a04        0x4 ./Middlewares/Third_Party/FreeRTOS/tasks.o
 .bss.xTickCount
                0x10004a08        0x4 ./Middlewares/Third_Party/FreeRTOS/tasks.o
 .bss.uxTopReadyPriority
                0x10004a0c        0x4 ./Middlewares/Third_Party/FreeRTOS/tasks.o
 .bss.xSchedulerRunning
                0x10004a10        0x4 ./Middlewares/Third_Party/FreeRTOS/tasks.o
 .bss.xPendedTicks
                0x10004a14        0x4 ./Middlewares/Third_Party/FreeRTOS/tasks.o
 .bss.xYieldPending
                0x10004a18        0x4 ./Middlewares/Third_Party/FreeRTOS/tasks.o
 .bss.xNumOfOverflows
                0x10004a1c        0x4 ./Middlewares/Third_Party/FreeRTOS/tasks.o
 .bss.uxTaskNumber
                0x10004a20        0x4 ./Middlewares/Third_Party/FreeRTOS/tasks.o
 .bss.xNextTaskUnblockTime
                0x10004a24        0x4 ./Middlewares/Third_Party/FreeRTOS/tasks.o
 .bss.xIdleTaskHandle
                0x10004a28        0x4 ./Middlewares/Third_Party/FreeRTOS/tasks.o
 .bss.uxSchedulerSuspended
                0x10004a2c        0x4 ./Middlewares/Third_Party/FreeRTOS/tasks.o
 .bss.xActiveTimerList1
                0x10004a30       0x14 ./Middlewares/Third_Party/FreeRTOS/timers.o
 .bss.xActiveTimerList2
                0x10004a44       0x14 ./Middlewares/Third_Party/FreeRTOS/timers.o
 .bss.pxCurrentTimerList
                0x10004a58        0x4 ./Middlewares/Third_Party/FreeRTOS/timers.o
 .bss.pxOverflowTimerList
                0x10004a5c        0x4 ./Middlewares/Third_Party/FreeRTOS/timers.o
 .bss.xTimerQueue
                0x10004a60        0x4 ./Middlewares/Third_Party/FreeRTOS/timers.o
 .bss.xTimerTaskHandle
                0x10004a64        0x4 ./Middlewares/Third_Party/FreeRTOS/timers.o
 .bss.xLastTime.2
                0x10004a68        0x4 ./Middlewares/Third_Party/FreeRTOS/timers.o
 .bss.ucStaticTimerQueueStorage.1
                0x10004a6c       0xa0 ./Middlewares/Third_Party/FreeRTOS/timers.o
 .bss.xStaticTimerQueue.0
                0x10004b0c       0x50 ./Middlewares/Third_Party/FreeRTOS/timers.o
 .bss.__sf      0x10004b5c      0x138 C:/ST/STM32CubeIDE_1.19.0/STM32CubeIDE/plugins/com.st.stm32cube.ide.mcu.externaltools.gnu-tools-for-stm32.13.3.rel1.win32_1.0.0.202411081344/tools/bin/../lib/gcc/arm-none-eabi/13.3.1/../../../../arm-none-eabi/lib/thumb/v7e-m+fp/hard\libc_nano.a(libc_a-findfp.o)
                0x10004b5c                __sf
 .bss.__lock___malloc_recursive_mutex
                0x10004c94        0x1 C:/ST/STM32CubeIDE_1.19.0/STM32CubeIDE/plugins/com.st.stm32cube.ide.mcu.externaltools.gnu-tools-for-stm32.13.3.rel1.win32_1.0.0.202411081344/tools/bin/../lib/gcc/arm-none-eabi/13.3.1/../../../../arm-none-eabi/lib/thumb/v7e-m+fp/hard\libc_nano.a(libc_a-lock.o)
                0x10004c94                __lock___malloc_recursive_mutex
 *fill*         0x10004c95        0x3 
 .bss.__malloc_free_list
                0x10004c98        0x4 C:/ST/STM32CubeIDE_1.19.0/STM32CubeIDE/plugins/com.st.stm32cube.ide.mcu.externaltools.gnu-tools-for-stm32.13.3.rel1.win32_1.0.0.202411081344/tools/bin/../lib/gcc/arm-none-eabi/13.3.1/../../../../arm-none-eabi/lib/thumb/v7e-m+fp/hard\libc_nano.a(libc_a-mallocr.o)
                0x10004c98                __malloc_free_list
 *(COMMON)
                0x10004c9c                        . = ALIGN (0x4)
                0x10004c9c                        _ebss = .
                0x10004c9c                        __bss_end__ = _ebss

._user_heap_stack
                0x10004c9c      0x604 load address 0x081083f8
                0x10004ca0                        . = ALIGN (0x8)
 *fill*         0x10004c9c        0x4 
                [!provide]                        PROVIDE (end = .)
                0x10004ca0                        PROVIDE (_end = .)
                0x10004ea0                        . = (. + _Min_Heap_Size)
 *fill*         0x10004ca0      0x200 
                0x100052a0                        . = (. + _Min_Stack_Size)
 *fill*         0x10004ea0      0x400 
                0x100052a0                        . = ALIGN (0x8)

/DISCARD/
 libc.a(*)
 libm.a(*)
 libgcc.a(*)

.ARM.attributes
                0x00000000       0x30
 *(.ARM.attributes)
 .ARM.attributes
                0x00000000       0x22 C:/ST/STM32CubeIDE_1.19.0/STM32CubeIDE/plugins/com.st.stm32cube.ide.mcu.externaltools.gnu-tools-for-stm32.13.3.rel1.win32_1.0.0.202411081344/tools/bin/../lib/gcc/arm-none-eabi/13.3.1/thumb/v7e-m+fp/hard/crti.o
 .ARM.attributes
                0x00000022       0x34 C:/ST/STM32CubeIDE_1.19.0/STM32CubeIDE/plugins/com.st.stm32cube.ide.mcu.externaltools.gnu-tools-for-stm32.13.3.rel1.win32_1.0.0.202411081344/tools/bin/../lib/gcc/arm-none-eabi/13.3.1/thumb/v7e-m+fp/hard/crtbegin.o
 .ARM.attributes
                0x00000056       0x34 ./Common/Src/system_stm32h7xx_dualcore_boot_cm4_cm7.o
 .ARM.attributes
                0x0000008a       0x34 ./Core/Src/main.o
 .ARM.attributes
                0x000000be       0x34 ./Core/Src/stm32h7xx_hal_msp.o
 .ARM.attributes
                0x000000f2       0x34 ./Core/Src/stm32h7xx_hal_timebase_tim.o
 .ARM.attributes
                0x00000126       0x34 ./Core/Src/stm32h7xx_it.o
 .ARM.attributes
                0x0000015a       0x21 ./Core/Startup/startup_stm32h755zitx.o
 .ARM.attributes
                0x0000017b       0x34 ./Drivers/STM32H7xx_HAL_Driver/stm32h7xx_hal.o
 .ARM.attributes
                0x000001af       0x34 ./Drivers/STM32H7xx_HAL_Driver/stm32h7xx_hal_cortex.o
 .ARM.attributes
                0x000001e3       0x34 ./Drivers/STM32H7xx_HAL_Driver/stm32h7xx_hal_gpio.o
 .ARM.attributes
                0x00000217       0x34 ./Drivers/STM32H7xx_HAL_Driver/stm32h7xx_hal_hsem.o
 .ARM.attributes
                0x0000024b       0x34 ./Drivers/STM32H7xx_HAL_Driver/stm32h7xx_hal_pwr_ex.o
 .ARM.attributes
                0x0000027f       0x34 ./Drivers/STM32H7xx_HAL_Driver/stm32h7xx_hal_rcc.o
 .ARM.attributes
                0x000002b3       0x34 ./Drivers/STM32H7xx_HAL_Driver/stm32h7xx_hal_rcc_ex.o
 .ARM.attributes
                0x000002e7       0x34 ./Drivers/STM32H7xx_HAL_Driver/stm32h7xx_hal_tim.o
 .ARM.attributes
                0x0000031b       0x34 ./Drivers/STM32H7xx_HAL_Driver/stm32h7xx_hal_tim_ex.o
 .ARM.attributes
                0x0000034f       0x34 ./Drivers/STM32H7xx_HAL_Driver/stm32h7xx_hal_uart.o
 .ARM.attributes
                0x00000383       0x34 ./Drivers/STM32H7xx_HAL_Driver/stm32h7xx_hal_uart_ex.o
 .ARM.attributes
                0x000003b7       0x34 ./Middlewares/Third_Party/FreeRTOS/cmsis_os2.o
 .ARM.attributes
                0x000003eb       0x34 ./Middlewares/Third_Party/FreeRTOS/heap_4.o
 .ARM.attributes
                0x0000041f       0x34 ./Middlewares/Third_Party/FreeRTOS/list.o
 .ARM.attributes
                0x00000453       0x34 ./Middlewares/Third_Party/FreeRTOS/port.o
 .ARM.attributes
                0x00000487       0x34 ./Middlewares/Third_Party/FreeRTOS/queue.o
 .ARM.attributes
                0x000004bb       0x34 ./Middlewares/Third_Party/FreeRTOS/tasks.o
 .ARM.attributes
                0x000004ef       0x34 ./Middlewares/Third_Party/FreeRTOS/timers.o
 .ARM.attributes
                0x00000523       0x34 C:/ST/STM32CubeIDE_1.19.0/STM32CubeIDE/plugins/com.st.stm32cube.ide.mcu.externaltools.gnu-tools-for-stm32.13.3.rel1.win32_1.0.0.202411081344/tools/bin/../lib/gcc/arm-none-eabi/13.3.1/../../../../arm-none-eabi/lib/thumb/v7e-m+fp/hard\libc_nano.a(libc_a-findfp.o)
 .ARM.attributes
                0x00000557       0x34 C:/ST/STM32CubeIDE_1.19.0/STM32CubeIDE/plugins/com.st.stm32cube.ide.mcu.externaltools.gnu-tools-for-stm32.13.3.rel1.win32_1.0.0.202411081344/tools/bin/../lib/gcc/arm-none-eabi/13.3.1/../../../../arm-none-eabi/lib/thumb/v7e-m+fp/hard\libc_nano.a(libc_a-memset.o)
 .ARM.attributes
                0x0000058b       0x34 C:/ST/STM32CubeIDE_1.19.0/STM32CubeIDE/plugins/com.st.stm32cube.ide.mcu.externaltools.gnu-tools-for-stm32.13.3.rel1.win32_1.0.0.202411081344/tools/bin/../lib/gcc/arm-none-eabi/13.3.1/../../../../arm-none-eabi/lib/thumb/v7e-m+fp/hard\libc_nano.a(libc_a-reent.o)
 .ARM.attributes
                0x000005bf       0x34 C:/ST/STM32CubeIDE_1.19.0/STM32CubeIDE/plugins/com.st.stm32cube.ide.mcu.externaltools.gnu-tools-for-stm32.13.3.rel1.win32_1.0.0.202411081344/tools/bin/../lib/gcc/arm-none-eabi/13.3.1/../../../../arm-none-eabi/lib/thumb/v7e-m+fp/hard\libc_nano.a(libc_a-impure.o)
 .ARM.attributes
                0x000005f3       0x34 C:/ST/STM32CubeIDE_1.19.0/STM32CubeIDE/plugins/com.st.stm32cube.ide.mcu.externaltools.gnu-tools-for-stm32.13.3.rel1.win32_1.0.0.202411081344/tools/bin/../lib/gcc/arm-none-eabi/13.3.1/../../../../arm-none-eabi/lib/thumb/v7e-m+fp/hard\libc_nano.a(libc_a-init.o)
 .ARM.attributes
                0x00000627       0x34 C:/ST/STM32CubeIDE_1.19.0/STM32CubeIDE/plugins/com.st.stm32cube.ide.mcu.externaltools.gnu-tools-for-stm32.13.3.rel1.win32_1.0.0.202411081344/tools/bin/../lib/gcc/arm-none-eabi/13.3.1/../../../../arm-none-eabi/lib/thumb/v7e-m+fp/hard\libc_nano.a(libc_a-lock.o)
 .ARM.attributes
                0x0000065b       0x34 C:/ST/STM32CubeIDE_1.19.0/STM32CubeIDE/plugins/com.st.stm32cube.ide.mcu.externaltools.gnu-tools-for-stm32.13.3.rel1.win32_1.0.0.202411081344/tools/bin/../lib/gcc/arm-none-eabi/13.3.1/../../../../arm-none-eabi/lib/thumb/v7e-m+fp/hard\libc_nano.a(libc_a-memcpy-stub.o)
 .ARM.attributes
                0x0000068f       0x17 C:/ST/STM32CubeIDE_1.19.0/STM32CubeIDE/plugins/com.st.stm32cube.ide.mcu.externaltools.gnu-tools-for-stm32.13.3.rel1.win32_1.0.0.202411081344/tools/bin/../lib/gcc/arm-none-eabi/13.3.1/../../../../arm-none-eabi/lib/thumb/v7e-m+fp/hard\libc_nano.a(libc_a-strlen.o)
 .ARM.attributes
                0x000006a6       0x34 C:/ST/STM32CubeIDE_1.19.0/STM32CubeIDE/plugins/com.st.stm32cube.ide.mcu.externaltools.gnu-tools-for-stm32.13.3.rel1.win32_1.0.0.202411081344/tools/bin/../lib/gcc/arm-none-eabi/13.3.1/../../../../arm-none-eabi/lib/thumb/v7e-m+fp/hard\libc_nano.a(libc_a-freer.o)
 .ARM.attributes
                0x000006da       0x34 C:/ST/STM32CubeIDE_1.19.0/STM32CubeIDE/plugins/com.st.stm32cube.ide.mcu.externaltools.gnu-tools-for-stm32.13.3.rel1.win32_1.0.0.202411081344/tools/bin/../lib/gcc/arm-none-eabi/13.3.1/../../../../arm-none-eabi/lib/thumb/v7e-m+fp/hard\libc_nano.a(libc_a-mallocr.o)
 .ARM.attributes
                0x0000070e       0x34 C:/ST/STM32CubeIDE_1.19.0/STM32CubeIDE/plugins/com.st.stm32cube.ide.mcu.externaltools.gnu-tools-for-stm32.13.3.rel1.win32_1.0.0.202411081344/tools/bin/../lib/gcc/arm-none-eabi/13.3.1/../../../../arm-none-eabi/lib/thumb/v7e-m+fp/hard\libc_nano.a(libc_a-mlock.o)
 .ARM.attributes
                0x00000742       0x22 C:/ST/STM32CubeIDE_1.19.0/STM32CubeIDE/plugins/com.st.stm32cube.ide.mcu.externaltools.gnu-tools-for-stm32.13.3.rel1.win32_1.0.0.202411081344/tools/bin/../lib/gcc/arm-none-eabi/13.3.1/thumb/v7e-m+fp/hard\libgcc.a(_aeabi_uldivmod.o)
 .ARM.attributes
                0x00000764       0x34 C:/ST/STM32CubeIDE_1.19.0/STM32CubeIDE/plugins/com.st.stm32cube.ide.mcu.externaltools.gnu-tools-for-stm32.13.3.rel1.win32_1.0.0.202411081344/tools/bin/../lib/gcc/arm-none-eabi/13.3.1/thumb/v7e-m+fp/hard\libgcc.a(_udivmoddi4.o)
 .ARM.attributes
                0x00000798       0x22 C:/ST/STM32CubeIDE_1.19.0/STM32CubeIDE/plugins/com.st.stm32cube.ide.mcu.externaltools.gnu-tools-for-stm32.13.3.rel1.win32_1.0.0.202411081344/tools/bin/../lib/gcc/arm-none-eabi/13.3.1/thumb/v7e-m+fp/hard\libgcc.a(_dvmd_tls.o)
 .ARM.attributes
                0x000007ba       0x22 C:/ST/STM32CubeIDE_1.19.0/STM32CubeIDE/plugins/com.st.stm32cube.ide.mcu.externaltools.gnu-tools-for-stm32.13.3.rel1.win32_1.0.0.202411081344/tools/bin/../lib/gcc/arm-none-eabi/13.3.1/thumb/v7e-m+fp/hard/crtn.o
OUTPUT(freertos_test_CM4.elf elf32-littlearm)
LOAD linker stubs
LOAD C:/ST/STM32CubeIDE_1.19.0/STM32CubeIDE/plugins/com.st.stm32cube.ide.mcu.externaltools.gnu-tools-for-stm32.13.3.rel1.win32_1.0.0.202411081344/tools/bin/../lib/gcc/arm-none-eabi/13.3.1/../../../../arm-none-eabi/lib/thumb/v7e-m+fp/hard\libc.a
LOAD C:/ST/STM32CubeIDE_1.19.0/STM32CubeIDE/plugins/com.st.stm32cube.ide.mcu.externaltools.gnu-tools-for-stm32.13.3.rel1.win32_1.0.0.202411081344/tools/bin/../lib/gcc/arm-none-eabi/13.3.1/../../../../arm-none-eabi/lib/thumb/v7e-m+fp/hard\libm.a
LOAD C:/ST/STM32CubeIDE_1.19.0/STM32CubeIDE/plugins/com.st.stm32cube.ide.mcu.externaltools.gnu-tools-for-stm32.13.3.rel1.win32_1.0.0.202411081344/tools/bin/../lib/gcc/arm-none-eabi/13.3.1/thumb/v7e-m+fp/hard\libgcc.a

.debug_info     0x00000000    0x203c4
 .debug_info    0x00000000      0x823 ./Common/Src/system_stm32h7xx_dualcore_boot_cm4_cm7.o
 .debug_info    0x00000823     0x1835 ./Core/Src/main.o
 .debug_info    0x00002058     0x1432 ./Core/Src/stm32h7xx_hal_msp.o
 .debug_info    0x0000348a     0x10cd ./Core/Src/stm32h7xx_hal_timebase_tim.o
 .debug_info    0x00004557      0x7e6 ./Core/Src/stm32h7xx_it.o
 .debug_info    0x00004d3d       0x30 ./Core/Startup/startup_stm32h755zitx.o
 .debug_info    0x00004d6d     0x17b6 ./Drivers/STM32H7xx_HAL_Driver/stm32h7xx_hal.o
 .debug_info    0x00006523      0xf32 ./Drivers/STM32H7xx_HAL_Driver/stm32h7xx_hal_cortex.o
 .debug_info    0x00007455      0xd06 ./Drivers/STM32H7xx_HAL_Driver/stm32h7xx_hal_gpio.o
 .debug_info    0x0000815b      0x3d3 ./Drivers/STM32H7xx_HAL_Driver/stm32h7xx_hal_hsem.o
 .debug_info    0x0000852e     0x1030 ./Drivers/STM32H7xx_HAL_Driver/stm32h7xx_hal_pwr_ex.o
 .debug_info    0x0000955e      0xe67 ./Drivers/STM32H7xx_HAL_Driver/stm32h7xx_hal_rcc.o
 .debug_info    0x0000a3c5     0x1303 ./Drivers/STM32H7xx_HAL_Driver/stm32h7xx_hal_rcc_ex.o
 .debug_info    0x0000b6c8     0x2bae ./Drivers/STM32H7xx_HAL_Driver/stm32h7xx_hal_tim.o
 .debug_info    0x0000e276     0x17eb ./Drivers/STM32H7xx_HAL_Driver/stm32h7xx_hal_tim_ex.o
 .debug_info    0x0000fa61     0x4b1d ./Drivers/STM32H7xx_HAL_Driver/stm32h7xx_hal_uart.o
 .debug_info    0x0001457e      0xfbf ./Drivers/STM32H7xx_HAL_Driver/stm32h7xx_hal_uart_ex.o
 .debug_info    0x0001553d     0x429b ./Middlewares/Third_Party/FreeRTOS/cmsis_os2.o
 .debug_info    0x000197d8      0x4d5 ./Middlewares/Third_Party/FreeRTOS/heap_4.o
 .debug_info    0x00019cad      0x2af ./Middlewares/Third_Party/FreeRTOS/list.o
 .debug_info    0x00019f5c      0x4de ./Middlewares/Third_Party/FreeRTOS/port.o
 .debug_info    0x0001a43a     0x1b79 ./Middlewares/Third_Party/FreeRTOS/queue.o
 .debug_info    0x0001bfb3     0x28c1 ./Middlewares/Third_Party/FreeRTOS/tasks.o
 .debug_info    0x0001e874     0x1b50 ./Middlewares/Third_Party/FreeRTOS/timers.o

.debug_abbrev   0x00000000     0x3cac
 .debug_abbrev  0x00000000      0x152 ./Common/Src/system_stm32h7xx_dualcore_boot_cm4_cm7.o
 .debug_abbrev  0x00000152      0x310 ./Core/Src/main.o
 .debug_abbrev  0x00000462      0x20c ./Core/Src/stm32h7xx_hal_msp.o
 .debug_abbrev  0x0000066e      0x212 ./Core/Src/stm32h7xx_hal_timebase_tim.o
 .debug_abbrev  0x00000880      0x17b ./Core/Src/stm32h7xx_it.o
 .debug_abbrev  0x000009fb       0x24 ./Core/Startup/startup_stm32h755zitx.o
 .debug_abbrev  0x00000a1f      0x29f ./Drivers/STM32H7xx_HAL_Driver/stm32h7xx_hal.o
 .debug_abbrev  0x00000cbe      0x337 ./Drivers/STM32H7xx_HAL_Driver/stm32h7xx_hal_cortex.o
 .debug_abbrev  0x00000ff5      0x205 ./Drivers/STM32H7xx_HAL_Driver/stm32h7xx_hal_gpio.o
 .debug_abbrev  0x000011fa      0x1d3 ./Drivers/STM32H7xx_HAL_Driver/stm32h7xx_hal_hsem.o
 .debug_abbrev  0x000013cd      0x2d6 ./Drivers/STM32H7xx_HAL_Driver/stm32h7xx_hal_pwr_ex.o
 .debug_abbrev  0x000016a3      0x2c8 ./Drivers/STM32H7xx_HAL_Driver/stm32h7xx_hal_rcc.o
 .debug_abbrev  0x0000196b      0x269 ./Drivers/STM32H7xx_HAL_Driver/stm32h7xx_hal_rcc_ex.o
 .debug_abbrev  0x00001bd4      0x276 ./Drivers/STM32H7xx_HAL_Driver/stm32h7xx_hal_tim.o
 .debug_abbrev  0x00001e4a      0x281 ./Drivers/STM32H7xx_HAL_Driver/stm32h7xx_hal_tim_ex.o
 .debug_abbrev  0x000020cb      0x33d ./Drivers/STM32H7xx_HAL_Driver/stm32h7xx_hal_uart.o
 .debug_abbrev  0x00002408      0x2d2 ./Drivers/STM32H7xx_HAL_Driver/stm32h7xx_hal_uart_ex.o
 .debug_abbrev  0x000026da      0x548 ./Middlewares/Third_Party/FreeRTOS/cmsis_os2.o
 .debug_abbrev  0x00002c22      0x21d ./Middlewares/Third_Party/FreeRTOS/heap_4.o
 .debug_abbrev  0x00002e3f       0xf5 ./Middlewares/Third_Party/FreeRTOS/list.o
 .debug_abbrev  0x00002f34      0x25c ./Middlewares/Third_Party/FreeRTOS/port.o
 .debug_abbrev  0x00003190      0x3b6 ./Middlewares/Third_Party/FreeRTOS/queue.o
 .debug_abbrev  0x00003546      0x3fe ./Middlewares/Third_Party/FreeRTOS/tasks.o
 .debug_abbrev  0x00003944      0x368 ./Middlewares/Third_Party/FreeRTOS/timers.o

.debug_aranges  0x00000000     0x18c0
 .debug_aranges
                0x00000000       0x30 ./Common/Src/system_stm32h7xx_dualcore_boot_cm4_cm7.o
 .debug_aranges
                0x00000030       0x58 ./Core/Src/main.o
 .debug_aranges
                0x00000088       0x30 ./Core/Src/stm32h7xx_hal_msp.o
 .debug_aranges
                0x000000b8       0x30 ./Core/Src/stm32h7xx_hal_timebase_tim.o
 .debug_aranges
                0x000000e8       0x50 ./Core/Src/stm32h7xx_it.o
 .debug_aranges
                0x00000138       0x28 ./Core/Startup/startup_stm32h755zitx.o
 .debug_aranges
                0x00000160      0x200 ./Drivers/STM32H7xx_HAL_Driver/stm32h7xx_hal.o
 .debug_aranges
                0x00000360      0x130 ./Drivers/STM32H7xx_HAL_Driver/stm32h7xx_hal_cortex.o
 .debug_aranges
                0x00000490       0x58 ./Drivers/STM32H7xx_HAL_Driver/stm32h7xx_hal_gpio.o
 .debug_aranges
                0x000004e8       0x70 ./Drivers/STM32H7xx_HAL_Driver/stm32h7xx_hal_hsem.o
 .debug_aranges
                0x00000558      0x170 ./Drivers/STM32H7xx_HAL_Driver/stm32h7xx_hal_pwr_ex.o
 .debug_aranges
                0x000006c8       0x88 ./Drivers/STM32H7xx_HAL_Driver/stm32h7xx_hal_rcc.o
 .debug_aranges
                0x00000750      0x100 ./Drivers/STM32H7xx_HAL_Driver/stm32h7xx_hal_rcc_ex.o
 .debug_aranges
                0x00000850      0x3e0 ./Drivers/STM32H7xx_HAL_Driver/stm32h7xx_hal_tim.o
 .debug_aranges
                0x00000c30      0x188 ./Drivers/STM32H7xx_HAL_Driver/stm32h7xx_hal_tim_ex.o
 .debug_aranges
                0x00000db8      0x248 ./Drivers/STM32H7xx_HAL_Driver/stm32h7xx_hal_uart.o
 .debug_aranges
                0x00001000       0xa8 ./Drivers/STM32H7xx_HAL_Driver/stm32h7xx_hal_uart_ex.o
 .debug_aranges
                0x000010a8      0x2b0 ./Middlewares/Third_Party/FreeRTOS/cmsis_os2.o
 .debug_aranges
                0x00001358       0x58 ./Middlewares/Third_Party/FreeRTOS/heap_4.o
 .debug_aranges
                0x000013b0       0x40 ./Middlewares/Third_Party/FreeRTOS/list.o
 .debug_aranges
                0x000013f0       0x80 ./Middlewares/Third_Party/FreeRTOS/port.o
 .debug_aranges
                0x00001470      0x158 ./Middlewares/Third_Party/FreeRTOS/queue.o
 .debug_aranges
                0x000015c8      0x208 ./Middlewares/Third_Party/FreeRTOS/tasks.o
 .debug_aranges
                0x000017d0       0xf0 ./Middlewares/Third_Party/FreeRTOS/timers.o

.debug_rnglists
                0x00000000     0x1340
 .debug_rnglists
                0x00000000       0x20 ./Common/Src/system_stm32h7xx_dualcore_boot_cm4_cm7.o
 .debug_rnglists
                0x00000020       0x3f ./Core/Src/main.o
 .debug_rnglists
                0x0000005f       0x20 ./Core/Src/stm32h7xx_hal_msp.o
 .debug_rnglists
                0x0000007f       0x20 ./Core/Src/stm32h7xx_hal_timebase_tim.o
 .debug_rnglists
                0x0000009f       0x37 ./Core/Src/stm32h7xx_it.o
 .debug_rnglists
                0x000000d6       0x19 ./Core/Startup/startup_stm32h755zitx.o
 .debug_rnglists
                0x000000ef      0x181 ./Drivers/STM32H7xx_HAL_Driver/stm32h7xx_hal.o
 .debug_rnglists
                0x00000270       0xe0 ./Drivers/STM32H7xx_HAL_Driver/stm32h7xx_hal_cortex.o
 .debug_rnglists
                0x00000350       0x3f ./Drivers/STM32H7xx_HAL_Driver/stm32h7xx_hal_gpio.o
 .debug_rnglists
                0x0000038f       0x4f ./Drivers/STM32H7xx_HAL_Driver/stm32h7xx_hal_hsem.o
 .debug_rnglists
                0x000003de      0x117 ./Drivers/STM32H7xx_HAL_Driver/stm32h7xx_hal_pwr_ex.o
 .debug_rnglists
                0x000004f5       0x68 ./Drivers/STM32H7xx_HAL_Driver/stm32h7xx_hal_rcc.o
 .debug_rnglists
                0x0000055d       0xc6 ./Drivers/STM32H7xx_HAL_Driver/stm32h7xx_hal_rcc_ex.o
 .debug_rnglists
                0x00000623      0x328 ./Drivers/STM32H7xx_HAL_Driver/stm32h7xx_hal_tim.o
 .debug_rnglists
                0x0000094b      0x13f ./Drivers/STM32H7xx_HAL_Driver/stm32h7xx_hal_tim_ex.o
 .debug_rnglists
                0x00000a8a      0x1fa ./Drivers/STM32H7xx_HAL_Driver/stm32h7xx_hal_uart.o
 .debug_rnglists
                0x00000c84       0x7f ./Drivers/STM32H7xx_HAL_Driver/stm32h7xx_hal_uart_ex.o
 .debug_rnglists
                0x00000d03      0x212 ./Middlewares/Third_Party/FreeRTOS/cmsis_os2.o
 .debug_rnglists
                0x00000f15       0x42 ./Middlewares/Third_Party/FreeRTOS/heap_4.o
 .debug_rnglists
                0x00000f57       0x2b ./Middlewares/Third_Party/FreeRTOS/list.o
 .debug_rnglists
                0x00000f82       0x5d ./Middlewares/Third_Party/FreeRTOS/port.o
 .debug_rnglists
                0x00000fdf      0x109 ./Middlewares/Third_Party/FreeRTOS/queue.o
 .debug_rnglists
                0x000010e8      0x1a0 ./Middlewares/Third_Party/FreeRTOS/tasks.o
 .debug_rnglists
                0x00001288       0xb8 ./Middlewares/Third_Party/FreeRTOS/timers.o

.debug_macro    0x00000000    0x3bcf0
 .debug_macro   0x00000000      0x2aa ./Common/Src/system_stm32h7xx_dualcore_boot_cm4_cm7.o
 .debug_macro   0x000002aa      0xae4 ./Common/Src/system_stm32h7xx_dualcore_boot_cm4_cm7.o
 .debug_macro   0x00000d8e       0x2e ./Common/Src/system_stm32h7xx_dualcore_boot_cm4_cm7.o
 .debug_macro   0x00000dbc       0x3b ./Common/Src/system_stm32h7xx_dualcore_boot_cm4_cm7.o
 .debug_macro   0x00000df7       0x22 ./Common/Src/system_stm32h7xx_dualcore_boot_cm4_cm7.o
 .debug_macro   0x00000e19       0x8e ./Common/Src/system_stm32h7xx_dualcore_boot_cm4_cm7.o
 .debug_macro   0x00000ea7       0x51 ./Common/Src/system_stm32h7xx_dualcore_boot_cm4_cm7.o
 .debug_macro   0x00000ef8      0x103 ./Common/Src/system_stm32h7xx_dualcore_boot_cm4_cm7.o
 .debug_macro   0x00000ffb       0x6a ./Common/Src/system_stm32h7xx_dualcore_boot_cm4_cm7.o
 .debug_macro   0x00001065      0x1df ./Common/Src/system_stm32h7xx_dualcore_boot_cm4_cm7.o
 .debug_macro   0x00001244       0x1c ./Common/Src/system_stm32h7xx_dualcore_boot_cm4_cm7.o
 .debug_macro   0x00001260       0x22 ./Common/Src/system_stm32h7xx_dualcore_boot_cm4_cm7.o
 .debug_macro   0x00001282       0xfb ./Common/Src/system_stm32h7xx_dualcore_boot_cm4_cm7.o
 .debug_macro   0x0000137d     0x1011 ./Common/Src/system_stm32h7xx_dualcore_boot_cm4_cm7.o
 .debug_macro   0x0000238e      0x11f ./Common/Src/system_stm32h7xx_dualcore_boot_cm4_cm7.o
 .debug_macro   0x000024ad    0x27697 ./Common/Src/system_stm32h7xx_dualcore_boot_cm4_cm7.o
 .debug_macro   0x00029b44       0x6d ./Common/Src/system_stm32h7xx_dualcore_boot_cm4_cm7.o
 .debug_macro   0x00029bb1      0x238 ./Common/Src/system_stm32h7xx_dualcore_boot_cm4_cm7.o
 .debug_macro   0x00029de9     0x3d79 ./Common/Src/system_stm32h7xx_dualcore_boot_cm4_cm7.o
 .debug_macro   0x0002db62      0x190 ./Common/Src/system_stm32h7xx_dualcore_boot_cm4_cm7.o
 .debug_macro   0x0002dcf2       0x61 ./Common/Src/system_stm32h7xx_dualcore_boot_cm4_cm7.o
 .debug_macro   0x0002dd53       0x2a ./Common/Src/system_stm32h7xx_dualcore_boot_cm4_cm7.o
 .debug_macro   0x0002dd7d       0x43 ./Common/Src/system_stm32h7xx_dualcore_boot_cm4_cm7.o
 .debug_macro   0x0002ddc0       0x34 ./Common/Src/system_stm32h7xx_dualcore_boot_cm4_cm7.o
 .debug_macro   0x0002ddf4      0x370 ./Common/Src/system_stm32h7xx_dualcore_boot_cm4_cm7.o
 .debug_macro   0x0002e164       0x16 ./Common/Src/system_stm32h7xx_dualcore_boot_cm4_cm7.o
 .debug_macro   0x0002e17a       0x4a ./Common/Src/system_stm32h7xx_dualcore_boot_cm4_cm7.o
 .debug_macro   0x0002e1c4       0x34 ./Common/Src/system_stm32h7xx_dualcore_boot_cm4_cm7.o
 .debug_macro   0x0002e1f8       0x10 ./Common/Src/system_stm32h7xx_dualcore_boot_cm4_cm7.o
 .debug_macro   0x0002e208       0x58 ./Common/Src/system_stm32h7xx_dualcore_boot_cm4_cm7.o
 .debug_macro   0x0002e260       0x8e ./Common/Src/system_stm32h7xx_dualcore_boot_cm4_cm7.o
 .debug_macro   0x0002e2ee       0x1c ./Common/Src/system_stm32h7xx_dualcore_boot_cm4_cm7.o
 .debug_macro   0x0002e30a      0x185 ./Common/Src/system_stm32h7xx_dualcore_boot_cm4_cm7.o
 .debug_macro   0x0002e48f      0x19b ./Common/Src/system_stm32h7xx_dualcore_boot_cm4_cm7.o
 .debug_macro   0x0002e62a       0x5d ./Common/Src/system_stm32h7xx_dualcore_boot_cm4_cm7.o
 .debug_macro   0x0002e687     0x3b99 ./Common/Src/system_stm32h7xx_dualcore_boot_cm4_cm7.o
 .debug_macro   0x00032220     0x1072 ./Common/Src/system_stm32h7xx_dualcore_boot_cm4_cm7.o
 .debug_macro   0x00033292      0x154 ./Common/Src/system_stm32h7xx_dualcore_boot_cm4_cm7.o
 .debug_macro   0x000333e6      0x130 ./Common/Src/system_stm32h7xx_dualcore_boot_cm4_cm7.o
 .debug_macro   0x00033516      0x3c2 ./Common/Src/system_stm32h7xx_dualcore_boot_cm4_cm7.o
 .debug_macro   0x000338d8       0xac ./Common/Src/system_stm32h7xx_dualcore_boot_cm4_cm7.o
 .debug_macro   0x00033984      0x72d ./Common/Src/system_stm32h7xx_dualcore_boot_cm4_cm7.o
 .debug_macro   0x000340b1      0x228 ./Common/Src/system_stm32h7xx_dualcore_boot_cm4_cm7.o
 .debug_macro   0x000342d9       0x66 ./Common/Src/system_stm32h7xx_dualcore_boot_cm4_cm7.o
 .debug_macro   0x0003433f      0x3bb ./Common/Src/system_stm32h7xx_dualcore_boot_cm4_cm7.o
 .debug_macro   0x000346fa      0x407 ./Common/Src/system_stm32h7xx_dualcore_boot_cm4_cm7.o
 .debug_macro   0x00034b01      0x244 ./Common/Src/system_stm32h7xx_dualcore_boot_cm4_cm7.o
 .debug_macro   0x00034d45      0x3ca ./Common/Src/system_stm32h7xx_dualcore_boot_cm4_cm7.o
 .debug_macro   0x0003510f      0x4a2 ./Common/Src/system_stm32h7xx_dualcore_boot_cm4_cm7.o
 .debug_macro   0x000355b1       0x51 ./Common/Src/system_stm32h7xx_dualcore_boot_cm4_cm7.o
 .debug_macro   0x00035602       0x4a ./Common/Src/system_stm32h7xx_dualcore_boot_cm4_cm7.o
 .debug_macro   0x0003564c      0x22c ./Common/Src/system_stm32h7xx_dualcore_boot_cm4_cm7.o
 .debug_macro   0x00035878       0x67 ./Common/Src/system_stm32h7xx_dualcore_boot_cm4_cm7.o
 .debug_macro   0x000358df       0xa5 ./Common/Src/system_stm32h7xx_dualcore_boot_cm4_cm7.o
 .debug_macro   0x00035984      0x218 ./Common/Src/system_stm32h7xx_dualcore_boot_cm4_cm7.o
 .debug_macro   0x00035b9c      0x2ea ./Common/Src/system_stm32h7xx_dualcore_boot_cm4_cm7.o
 .debug_macro   0x00035e86       0x35 ./Common/Src/system_stm32h7xx_dualcore_boot_cm4_cm7.o
 .debug_macro   0x00035ebb      0xafa ./Common/Src/system_stm32h7xx_dualcore_boot_cm4_cm7.o
 .debug_macro   0x000369b5      0x29f ./Common/Src/system_stm32h7xx_dualcore_boot_cm4_cm7.o
 .debug_macro   0x00036c54      0x693 ./Common/Src/system_stm32h7xx_dualcore_boot_cm4_cm7.o
 .debug_macro   0x000372e7       0xa6 ./Common/Src/system_stm32h7xx_dualcore_boot_cm4_cm7.o
 .debug_macro   0x0003738d      0x7a4 ./Common/Src/system_stm32h7xx_dualcore_boot_cm4_cm7.o
 .debug_macro   0x00037b31      0x362 ./Core/Src/main.o
 .debug_macro   0x00037e93      0x16f ./Core/Src/main.o
 .debug_macro   0x00038002       0x16 ./Core/Src/main.o
 .debug_macro   0x00038018       0x66 ./Core/Src/main.o
 .debug_macro   0x0003807e       0x74 ./Core/Src/main.o
 .debug_macro   0x000380f2       0xdd ./Core/Src/main.o
 .debug_macro   0x000381cf      0x2b4 ./Core/Src/stm32h7xx_hal_msp.o
 .debug_macro   0x00038483      0x2aa ./Core/Src/stm32h7xx_hal_timebase_tim.o
 .debug_macro   0x0003872d      0x2be ./Core/Src/stm32h7xx_it.o
 .debug_macro   0x000389eb      0x2d4 ./Drivers/STM32H7xx_HAL_Driver/stm32h7xx_hal.o
 .debug_macro   0x00038cbf      0x2aa ./Drivers/STM32H7xx_HAL_Driver/stm32h7xx_hal_cortex.o
 .debug_macro   0x00038f69      0x2be ./Drivers/STM32H7xx_HAL_Driver/stm32h7xx_hal_gpio.o
 .debug_macro   0x00039227      0x2bc ./Drivers/STM32H7xx_HAL_Driver/stm32h7xx_hal_hsem.o
 .debug_macro   0x000394e3      0x2e3 ./Drivers/STM32H7xx_HAL_Driver/stm32h7xx_hal_pwr_ex.o
 .debug_macro   0x000397c6      0x2ce ./Drivers/STM32H7xx_HAL_Driver/stm32h7xx_hal_rcc.o
 .debug_macro   0x00039a94      0x2c8 ./Drivers/STM32H7xx_HAL_Driver/stm32h7xx_hal_rcc_ex.o
 .debug_macro   0x00039d5c      0x2ab ./Drivers/STM32H7xx_HAL_Driver/stm32h7xx_hal_tim.o
 .debug_macro   0x0003a007      0x2aa ./Drivers/STM32H7xx_HAL_Driver/stm32h7xx_hal_tim_ex.o
 .debug_macro   0x0003a2b1      0x2d5 ./Drivers/STM32H7xx_HAL_Driver/stm32h7xx_hal_uart.o
 .debug_macro   0x0003a586      0x2b6 ./Drivers/STM32H7xx_HAL_Driver/stm32h7xx_hal_uart_ex.o
 .debug_macro   0x0003a83c      0x41b ./Middlewares/Third_Party/FreeRTOS/cmsis_os2.o
 .debug_macro   0x0003ac57       0x10 ./Middlewares/Third_Party/FreeRTOS/cmsis_os2.o
 .debug_macro   0x0003ac67       0x20 ./Middlewares/Third_Party/FreeRTOS/cmsis_os2.o
 .debug_macro   0x0003ac87       0x10 ./Middlewares/Third_Party/FreeRTOS/cmsis_os2.o
 .debug_macro   0x0003ac97       0xf5 ./Middlewares/Third_Party/FreeRTOS/cmsis_os2.o
 .debug_macro   0x0003ad8c       0x91 ./Middlewares/Third_Party/FreeRTOS/cmsis_os2.o
 .debug_macro   0x0003ae1d       0x8d ./Middlewares/Third_Party/FreeRTOS/cmsis_os2.o
 .debug_macro   0x0003aeaa       0x9a ./Middlewares/Third_Party/FreeRTOS/cmsis_os2.o
 .debug_macro   0x0003af44       0x22 ./Middlewares/Third_Party/FreeRTOS/cmsis_os2.o
 .debug_macro   0x0003af66      0x1c0 ./Middlewares/Third_Party/FreeRTOS/heap_4.o
 .debug_macro   0x0003b126      0x199 ./Middlewares/Third_Party/FreeRTOS/list.o
 .debug_macro   0x0003b2bf      0x246 ./Middlewares/Third_Party/FreeRTOS/port.o
 .debug_macro   0x0003b505      0x228 ./Middlewares/Third_Party/FreeRTOS/queue.o
 .debug_macro   0x0003b72d       0x16 ./Middlewares/Third_Party/FreeRTOS/queue.o
 .debug_macro   0x0003b743       0x87 ./Middlewares/Third_Party/FreeRTOS/queue.o
 .debug_macro   0x0003b7ca      0x291 ./Middlewares/Third_Party/FreeRTOS/tasks.o
 .debug_macro   0x0003ba5b       0x10 ./Middlewares/Third_Party/FreeRTOS/tasks.o
 .debug_macro   0x0003ba6b      0x1ee ./Middlewares/Third_Party/FreeRTOS/timers.o
 .debug_macro   0x0003bc59       0x97 ./Middlewares/Third_Party/FreeRTOS/timers.o

.debug_line     0x00000000    0x1da41
 .debug_line    0x00000000      0xaac ./Common/Src/system_stm32h7xx_dualcore_boot_cm4_cm7.o
 .debug_line    0x00000aac      0xbdb ./Core/Src/main.o
 .debug_line    0x00001687      0x94b ./Core/Src/stm32h7xx_hal_msp.o
 .debug_line    0x00001fd2      0x95c ./Core/Src/stm32h7xx_hal_timebase_tim.o
 .debug_line    0x0000292e      0x96f ./Core/Src/stm32h7xx_it.o
 .debug_line    0x0000329d       0x7b ./Core/Startup/startup_stm32h755zitx.o
 .debug_line    0x00003318     0x1058 ./Drivers/STM32H7xx_HAL_Driver/stm32h7xx_hal.o
 .debug_line    0x00004370      0xeec ./Drivers/STM32H7xx_HAL_Driver/stm32h7xx_hal_cortex.o
 .debug_line    0x0000525c      0xd81 ./Drivers/STM32H7xx_HAL_Driver/stm32h7xx_hal_gpio.o
 .debug_line    0x00005fdd      0xa94 ./Drivers/STM32H7xx_HAL_Driver/stm32h7xx_hal_hsem.o
 .debug_line    0x00006a71     0x11bf ./Drivers/STM32H7xx_HAL_Driver/stm32h7xx_hal_pwr_ex.o
 .debug_line    0x00007c30     0x159d ./Drivers/STM32H7xx_HAL_Driver/stm32h7xx_hal_rcc.o
 .debug_line    0x000091cd     0x1ec2 ./Drivers/STM32H7xx_HAL_Driver/stm32h7xx_hal_rcc_ex.o
 .debug_line    0x0000b08f     0x4047 ./Drivers/STM32H7xx_HAL_Driver/stm32h7xx_hal_tim.o
 .debug_line    0x0000f0d6     0x1dbc ./Drivers/STM32H7xx_HAL_Driver/stm32h7xx_hal_tim_ex.o
 .debug_line    0x00010e92     0x397d ./Drivers/STM32H7xx_HAL_Driver/stm32h7xx_hal_uart.o
 .debug_line    0x0001480f      0xe8c ./Drivers/STM32H7xx_HAL_Driver/stm32h7xx_hal_uart_ex.o
 .debug_line    0x0001569b     0x25d3 ./Middlewares/Third_Party/FreeRTOS/cmsis_os2.o
 .debug_line    0x00017c6e      0x9ec ./Middlewares/Third_Party/FreeRTOS/heap_4.o
 .debug_line    0x0001865a      0x7d5 ./Middlewares/Third_Party/FreeRTOS/list.o
 .debug_line    0x00018e2f      0x9ca ./Middlewares/Third_Party/FreeRTOS/port.o
 .debug_line    0x000197f9     0x1746 ./Middlewares/Third_Party/FreeRTOS/queue.o
 .debug_line    0x0001af3f     0x1ced ./Middlewares/Third_Party/FreeRTOS/tasks.o
 .debug_line    0x0001cc2c      0xe15 ./Middlewares/Third_Party/FreeRTOS/timers.o

.debug_str      0x00000000   0x19096f
 .debug_str     0x00000000   0x19096f ./Common/Src/system_stm32h7xx_dualcore_boot_cm4_cm7.o
                             0x180075 (size before relaxing)
 .debug_str     0x0019096f   0x185980 ./Core/Src/main.o
 .debug_str     0x0019096f   0x181182 ./Core/Src/stm32h7xx_hal_msp.o
 .debug_str     0x0019096f   0x180f4b ./Core/Src/stm32h7xx_hal_timebase_tim.o
 .debug_str     0x0019096f   0x18038f ./Core/Src/stm32h7xx_it.o
 .debug_str     0x0019096f       0x89 ./Core/Startup/startup_stm32h755zitx.o
 .debug_str     0x0019096f   0x1813a5 ./Drivers/STM32H7xx_HAL_Driver/stm32h7xx_hal.o
 .debug_str     0x0019096f   0x180b2b ./Drivers/STM32H7xx_HAL_Driver/stm32h7xx_hal_cortex.o
 .debug_str     0x0019096f   0x180284 ./Drivers/STM32H7xx_HAL_Driver/stm32h7xx_hal_gpio.o
 .debug_str     0x0019096f   0x17ff0f ./Drivers/STM32H7xx_HAL_Driver/stm32h7xx_hal_hsem.o
 .debug_str     0x0019096f   0x1806da ./Drivers/STM32H7xx_HAL_Driver/stm32h7xx_hal_pwr_ex.o
 .debug_str     0x0019096f   0x180605 ./Drivers/STM32H7xx_HAL_Driver/stm32h7xx_hal_rcc.o
 .debug_str     0x0019096f   0x180b3a ./Drivers/STM32H7xx_HAL_Driver/stm32h7xx_hal_rcc_ex.o
 .debug_str     0x0019096f   0x181391 ./Drivers/STM32H7xx_HAL_Driver/stm32h7xx_hal_tim.o
 .debug_str     0x0019096f   0x180cb9 ./Drivers/STM32H7xx_HAL_Driver/stm32h7xx_hal_tim_ex.o
 .debug_str     0x0019096f   0x181133 ./Drivers/STM32H7xx_HAL_Driver/stm32h7xx_hal_uart.o
 .debug_str     0x0019096f   0x1806f3 ./Drivers/STM32H7xx_HAL_Driver/stm32h7xx_hal_uart_ex.o
 .debug_str     0x0019096f   0x1880b1 ./Middlewares/Third_Party/FreeRTOS/cmsis_os2.o
 .debug_str     0x0019096f     0xb5d8 ./Middlewares/Third_Party/FreeRTOS/heap_4.o
 .debug_str     0x0019096f     0xac96 ./Middlewares/Third_Party/FreeRTOS/list.o
 .debug_str     0x0019096f     0xb9d2 ./Middlewares/Third_Party/FreeRTOS/port.o
 .debug_str     0x0019096f     0xc7d6 ./Middlewares/Third_Party/FreeRTOS/queue.o
 .debug_str     0x0019096f     0xd5db ./Middlewares/Third_Party/FreeRTOS/tasks.o
 .debug_str     0x0019096f     0xd027 ./Middlewares/Third_Party/FreeRTOS/timers.o

.comment        0x00000000       0x43
 .comment       0x00000000       0x43 ./Common/Src/system_stm32h7xx_dualcore_boot_cm4_cm7.o
                                 0x44 (size before relaxing)
 .comment       0x00000043       0x44 ./Core/Src/main.o
 .comment       0x00000043       0x44 ./Core/Src/stm32h7xx_hal_msp.o
 .comment       0x00000043       0x44 ./Core/Src/stm32h7xx_hal_timebase_tim.o
 .comment       0x00000043       0x44 ./Core/Src/stm32h7xx_it.o
 .comment       0x00000043       0x44 ./Drivers/STM32H7xx_HAL_Driver/stm32h7xx_hal.o
 .comment       0x00000043       0x44 ./Drivers/STM32H7xx_HAL_Driver/stm32h7xx_hal_cortex.o
 .comment       0x00000043       0x44 ./Drivers/STM32H7xx_HAL_Driver/stm32h7xx_hal_gpio.o
 .comment       0x00000043       0x44 ./Drivers/STM32H7xx_HAL_Driver/stm32h7xx_hal_hsem.o
 .comment       0x00000043       0x44 ./Drivers/STM32H7xx_HAL_Driver/stm32h7xx_hal_pwr_ex.o
 .comment       0x00000043       0x44 ./Drivers/STM32H7xx_HAL_Driver/stm32h7xx_hal_rcc.o